
> devlab@0.0.0 test:e2e C:\Users\lain\Documents\code\Devlab
> vitest run -c vitest.config.e2e.ts


[1m[7m[36m RUN [39m[27m[22m [36mv2.1.9 [39m[90mC:/Users/lain/Documents/code/Devlab[39m

 [32mÔ£ô[39m [34m|e2e|[39m tests/e2e/sanity.test.tsx [2m([22m[2m1 test[22m[2m)[22m[90m 6[2mms[22m[39m
 [32mÔ£ô[39m [34m|e2e|[39m tests/e2e/stores.test.ts [2m([22m[2m13 tests[22m[2m)[22m[90m 12[2mms[22m[39m
[90mstdout[2m | tests/e2e/gamemodes.test.tsx[2m > [22m[2mGamemodes E2E Tests[2m > [22m[2mTest 1: MC BrainBytes happy path playthrough (select option, submit answer, success popup, continue)
[22m[39m[App] Logged in successfully with uid: user_game

[90mstdout[2m | tests/e2e/lessons.test.tsx[2m > [22m[2mLessons E2E Tests[2m > [22m[2mTest 1: HTML curriculum page lists levels, headers, chapters
[22m[39m[App] Logged in successfully with uid: user_lessons

[90mstdout[2m | tests/e2e/shop.test.tsx[2m > [22m[2mShop E2E Tests[2m > [22m[2mTest 1: Successful purchase with sufficient coins (updates balance optimistically, triggers mock API, displays success toast)
[22m[39m[App] Logged in successfully with uid: user_shop

[90mstdout[2m | tests/e2e/achievements.test.tsx[2m > [22m[2mAchievements E2E Tests[2m > [22m[2mTest 1: Unlocked achievement lists showing Claim Reward buttons, locked achievements show lock icon and disabled buttons
[22m[39m[App] Logged in successfully with uid: user_ach

[90mstdout[2m | tests/e2e/shop.test.tsx[2m > [22m[2mShop E2E Tests[2m > [22m[2mTest 1: Successful purchase with sufficient coins (updates balance optimistically, triggers mock API, displays success toast)
[22m[39m[useFetchUserData] Fetching: http://localhost:3000/fireBase/getSpecificUser/user_shop
[MSW] getSpecificUser hit for UID: user_shop URL: http://localhost:3000/fireBase/getSpecificUser/user_shop
[MSW] Returning userData: {
  uid: [32m'user_shop'[39m,
  email: [32m'shop@example.com'[39m,
  emailVerified: [33mtrue[39m,
  isSuspend: [33mfalse[39m,
  coins: [33m100[39m,
  role: [32m'user'[39m
}
[useFetchUserData] Received data: {
  uid: [32m'user_shop'[39m,
  email: [32m'shop@example.com'[39m,
  emailVerified: [33mtrue[39m,
  isSuspend: [33mfalse[39m,
  coins: [33m100[39m,
  role: [32m'user'[39m
}

[90mstdout[2m | tests/e2e/gamemodes.test.tsx[2m > [22m[2mGamemodes E2E Tests[2m > [22m[2mTest 1: MC BrainBytes happy path playthrough (select option, submit answer, success popup, continue)
[22m[39m[useFetchUserData] Fetching: http://localhost:3000/fireBase/getSpecificUser/user_game
[MSW] getSpecificUser hit for UID: user_game URL: http://localhost:3000/fireBase/getSpecificUser/user_game
[MSW] Returning userData: {
  uid: [32m'user_game'[39m,
  email: [32m'game@example.com'[39m,
  emailVerified: [33mtrue[39m,
  isSuspend: [33mfalse[39m,
  coins: [33m100[39m,
  role: [32m'user'[39m
}
[useFetchUserData] Received data: {
  uid: [32m'user_game'[39m,
  email: [32m'game@example.com'[39m,
  emailVerified: [33mtrue[39m,
  isSuspend: [33mfalse[39m,
  coins: [33m100[39m,
  role: [32m'user'[39m
}
Stored lastOpenedLevel for Html
[useFetchUserData] Fetching: http://localhost:3000/fireBase/getSpecificUser/user_game
[MSW] getSpecificUser hit for UID: user_game URL: http://localhost:3000/fireBase/getSpecificUser/user_game
[MSW] Returning userData: {
  uid: [32m'user_game'[39m,
  email: [32m'game@example.com'[39m,
  emailVerified: [33mtrue[39m,
  isSuspend: [33mfalse[39m,
  coins: [33m100[39m,
  role: [32m'user'[39m,
  lastOpenedLevel: {
    Html: {
      description: [32m'Choose correct option.'[39m,
      lessonId: [32m'Lesson1'[39m,
      levelId: [32m'Level1'[39m,
      stageId: [32m'Stage2'[39m,
      subject: [32m'Html'[39m,
      title: [32m'Syntax Quiz'[39m,
      gameMode: [32m'BrainBytes'[39m
    }
  }
}
[useFetchUserData] Received data: {
  uid: [32m'user_game'[39m,
  email: [32m'game@example.com'[39m,
  emailVerified: [33mtrue[39m,
  isSuspend: [33mfalse[39m,
  coins: [33m100[39m,
  role: [32m'user'[39m,
  lastOpenedLevel: {
    Html: {
      description: [32m'Choose correct option.'[39m,
      lessonId: [32m'Lesson1'[39m,
      levelId: [32m'Level1'[39m,
      stageId: [32m'Stage2'[39m,
      subject: [32m'Html'[39m,
      title: [32m'Syntax Quiz'[39m,
      gameMode: [32m'BrainBytes'[39m
    }
  }
}

[90mstdout[2m | tests/e2e/lessons.test.tsx[2m > [22m[2mLessons E2E Tests[2m > [22m[2mTest 2: Navigation expands level card chevrons and shows stage links
[22m[39m[App] Logged in successfully with uid: user_lessons

[90mstdout[2m | tests/e2e/achievements.test.tsx[2m > [22m[2mAchievements E2E Tests[2m > [22m[2mTest 1: Unlocked achievement lists showing Claim Reward buttons, locked achievements show lock icon and disabled buttons
[22m[39m[useFetchUserData] Fetching: http://localhost:3000/fireBase/getSpecificUser/user_ach
[MSW] getSpecificUser hit for UID: user_ach URL: http://localhost:3000/fireBase/getSpecificUser/user_ach
[MSW] Returning userData: {
  uid: [32m'user_ach'[39m,
  email: [32m'ach@example.com'[39m,
  emailVerified: [33mtrue[39m,
  isSuspend: [33mfalse[39m,
  role: [32m'user'[39m
}
[useFetchUserData] Received data: {
  uid: [32m'user_ach'[39m,
  email: [32m'ach@example.com'[39m,
  emailVerified: [33mtrue[39m,
  isSuspend: [33mfalse[39m,
  role: [32m'user'[39m
}

pnpm : [90mstderr[2m | tests/e2e/gamemodes.test.tsx[2m > [22m[2mGamemodes E2E Tests[2m > [22m[2mTest 1: MC 
BrainBytes happy path playthrough (select option, submit answer, success popup, continue)
At line:1 char:1
+ pnpm test:e2e > test_output.txt 2>&1
+ ~~~~~~~~~~~~~~~~~~~~~~~~~~~~~~~~~~~~
    + CategoryInfo          : NotSpecified: ([90mstderr[2m...opup, continue):String) [], RemoteException
    + FullyQualifiedErrorId : NativeCommandError
 
[22m[39mAn update to BrainBytes inside a test was not wrapped in act(...).

When testing, code that causes React state updates should be wrapped into act(...):

act(() => {
  /* fire events that update state */
});
/* assert on the output */

This ensures that you're testing the behavior the user would see in the browser. Learn more at 
https://react.dev/link/wrap-tests-with-act

[90mstdout[2m | tests/e2e/gamemodes.test.tsx[2m > [22m[2mGamemodes E2E Tests[2m > [22m[2mTest 2: Correct vs incorrect answers (select wrong answer, submit, click retry, decrements hearts; select correct, submit, success popup)
[22m[39m[App] Logged in successfully with uid: user_game
Unlock response: { isNextLevelUnlocked: [33mtrue[39m }

[90mstdout[2m | tests/e2e/gamemodes.test.tsx[2m > [22m[2mGamemodes E2E Tests[2m > [22m[2mTest 2: Correct vs incorrect answers (select wrong answer, submit, click retry, decrements hearts; select correct, submit, success popup)
[22m[39m[useFetchUserData] Fetching: http://localhost:3000/fireBase/getSpecificUser/user_game
[MSW] getSpecificUser hit for UID: user_game URL: http://localhost:3000/fireBase/getSpecificUser/user_game
[MSW] Returning userData: {
  uid: [32m'user_game'[39m,
  email: [32m'game@example.com'[39m,
  emailVerified: [33mtrue[39m,
  isSuspend: [33mfalse[39m,
  coins: [33m100[39m,
  role: [32m'user'[39m
}
[useFetchUserData] Received data: {
  uid: [32m'user_game'[39m,
  email: [32m'game@example.com'[39m,
  emailVerified: [33mtrue[39m,
  isSuspend: [33mfalse[39m,
  coins: [33m100[39m,
  role: [32m'user'[39m
}
Stored lastOpenedLevel for Html
[useFetchUserData] Fetching: http://localhost:3000/fireBase/getSpecificUser/user_game
[MSW] getSpecificUser hit for UID: user_game URL: http://localhost:3000/fireBase/getSpecificUser/user_game
[MSW] Returning userData: {
  uid: [32m'user_game'[39m,
  email: [32m'game@example.com'[39m,
  emailVerified: [33mtrue[39m,
  isSuspend: [33mfalse[39m,
  coins: [33m100[39m,
  role: [32m'user'[39m,
  lastOpenedLevel: {
    Html: {
      description: [32m'Choose correct option.'[39m,
      lessonId: [32m'Lesson1'[39m,
      levelId: [32m'Level1'[39m,
      stageId: [32m'Stage2'[39m,
      subject: [32m'Html'[39m,
      title: [32m'Syntax Quiz'[39m,
      gameMode: [32m'BrainBytes'[39m
    }
  }
}
[useFetchUserData] Received data: {
  uid: [32m'user_game'[39m,
  email: [32m'game@example.com'[39m,
  emailVerified: [33mtrue[39m,
  isSuspend: [33mfalse[39m,
  coins: [33m100[39m,
  role: [32m'user'[39m,
  lastOpenedLevel: {
    Html: {
      description: [32m'Choose correct option.'[39m,
      lessonId: [32m'Lesson1'[39m,
      levelId: [32m'Level1'[39m,
      stageId: [32m'Stage2'[39m,
      subject: [32m'Html'[39m,
      title: [32m'Syntax Quiz'[39m,
      gameMode: [32m'BrainBytes'[39m
    }
  }
}

[90mstderr[2m | tests/e2e/lessons.test.tsx[2m > [22m[2mLessons E2E Tests[2m > [22m[2mTest 2: Navigation 
expands level card chevrons and shows stage links
[22m[39mError: Not implemented: window.scrollTo
    at module.exports (C:\Users\lain\Documents\code\Devlab\node_modules\.pnpm\jsdom@26.1.0\node_modules\jsdom\lib\jsdom
\browser\not-implemented.js:9:17)
    at C:\Users\lain\Documents\code\Devlab\node_modules\.pnpm\jsdom@26.1.0\node_modules\jsdom\lib\jsdom\browser\Window.
js:960:7
    at file:///C:/Users/lain/Documents/code/Devlab/node_modules/.pnpm/motion-dom@12.40.0/node_modules/motion-dom/src/an
imation/keyframes/KeyframesResolver.ts:67:24
    at Array.forEach (<anonymous>)
    at measureAllKeyframes (file:///C:/Users/lain/Documents/code/Devlab/node_modules/.pnpm/motion-dom@12.40.0/node_modu
les/motion-dom/src/animation/keyframes/KeyframesResolver.ts:65:28)
    at triggerCallback (file:///C:/Users/lain/Documents/code/Devlab/node_modules/.pnpm/motion-dom@12.40.0/node_modules/
motion-dom/src/frameloop/render-step.ts:44:9)
    at Set.forEach (<anonymous>)
    at Object.process (file:///C:/Users/lain/Documents/code/Devlab/node_modules/.pnpm/motion-dom@12.40.0/node_modules/m
otion-dom/src/frameloop/render-step.ts:94:23)
    at processBatch (file:///C:/Users/lain/Documents/code/Devlab/node_modules/.pnpm/motion-dom@12.40.0/node_modules/mot
ion-dom/src/frameloop/batcher.ts:61:26)
    at invokeTheCallbackFunction (C:\Users\lain\Documents\code\Devlab\node_modules\.pnpm\jsdom@26.1.0\node_modules\jsdo
m\lib\jsdom\living\generated\Function.js:19:26) [90mundefined[39m

[90mstdout[2m | tests/e2e/gamemodes.test.tsx[2m > [22m[2mGamemodes E2E Tests[2m > [22m[2mTest 2: Correct vs incorrect answers (select wrong answer, submit, click retry, decrements hearts; select correct, submit, success popup)
[22m[39m[useFetchUserData] Fetching: http://localhost:3000/fireBase/getSpecificUser/user_game
Stored lastOpenedLevel for Html
[MSW] getSpecificUser hit for UID: user_game URL: http://localhost:3000/fireBase/getSpecificUser/user_game
[MSW] Returning userData: {
  uid: [32m'user_game'[39m,
  email: [32m'game@example.com'[39m,
  emailVerified: [33mtrue[39m,
  isSuspend: [33mfalse[39m,
  coins: [33m100[39m,
  role: [32m'user'[39m,
  lastOpenedLevel: {
    Html: {
      description: [32m'Choose correct option.'[39m,
      lessonId: [32m'Lesson1'[39m,
      levelId: [32m'Level1'[39m,
      stageId: [32m'Stage2'[39m,
      subject: [32m'Html'[39m,
      title: [32m'Syntax Quiz'[39m,
      gameMode: [32m'BrainBytes'[39m
    }
  }
}
[useFetchUserData] Fetching: http://localhost:3000/fireBase/getSpecificUser/user_game
[MSW] getSpecificUser hit for UID: user_game URL: http://localhost:3000/fireBase/getSpecificUser/user_game
[MSW] Returning userData: {
  uid: [32m'user_game'[39m,
  email: [32m'game@example.com'[39m,
  emailVerified: [33mtrue[39m,
  isSuspend: [33mfalse[39m,
  coins: [33m100[39m,
  role: [32m'user'[39m,
  lastOpenedLevel: {
    Html: {
      description: [32m'Choose correct option.'[39m,
      lessonId: [32m'Lesson1'[39m,
      levelId: [32m'Level1'[39m,
      stageId: [32m'Stage2'[39m,
      subject: [32m'Html'[39m,
      title: [32m'Syntax Quiz'[39m,
      gameMode: [32m'BrainBytes'[39m
    }
  }
}
[useFetchUserData] Received data: {
  uid: [32m'user_game'[39m,
  email: [32m'game@example.com'[39m,
  emailVerified: [33mtrue[39m,
  isSuspend: [33mfalse[39m,
  coins: [33m100[39m,
  role: [32m'user'[39m,
  lastOpenedLevel: {
    Html: {
      description: [32m'Choose correct option.'[39m,
      lessonId: [32m'Lesson1'[39m,
      levelId: [32m'Level1'[39m,
      stageId: [32m'Stage2'[39m,
      subject: [32m'Html'[39m,
      title: [32m'Syntax Quiz'[39m,
      gameMode: [32m'BrainBytes'[39m
    }
  }
}
[useFetchUserData] Received data: {
  uid: [32m'user_game'[39m,
  email: [32m'game@example.com'[39m,
  emailVerified: [33mtrue[39m,
  isSuspend: [33mfalse[39m,
  coins: [33m100[39m,
  role: [32m'user'[39m,
  lastOpenedLevel: {
    Html: {
      description: [32m'Choose correct option.'[39m,
      lessonId: [32m'Lesson1'[39m,
      levelId: [32m'Level1'[39m,
      stageId: [32m'Stage2'[39m,
      subject: [32m'Html'[39m,
      title: [32m'Syntax Quiz'[39m,
      gameMode: [32m'BrainBytes'[39m
    }
  }
}

[90mstdout[2m | tests/e2e/gamemodes.test.tsx[2m > [22m[2mGamemodes E2E Tests[2m > [22m[2mTest 3: Level completed rewards (completing last stage renders LevelCompleted popup, increments XP/coins, updates profile)
[22m[39m[App] Logged in successfully with uid: user_game

[90mstdout[2m | tests/e2e/achievements.test.tsx[2m > [22m[2mAchievements E2E Tests[2m > [22m[2mTest 2: Clicking Claim Reward triggers database state change, success toast with coins/XP values, transitions text to Claimed
[22m[39m[App] Logged in successfully with uid: user_ach

[90mstdout[2m | tests/e2e/achievements.test.tsx[2m > [22m[2mAchievements E2E Tests[2m > [22m[2mTest 2: Clicking Claim Reward triggers database state change, success toast with coins/XP values, transitions text to Claimed
[22m[39m[useFetchUserData] Fetching: http://localhost:3000/fireBase/getSpecificUser/user_ach
[MSW] getSpecificUser hit for UID: user_ach URL: http://localhost:3000/fireBase/getSpecificUser/user_ach
[MSW] Returning userData: {
  uid: [32m'user_ach'[39m,
  email: [32m'ach@example.com'[39m,
  emailVerified: [33mtrue[39m,
  isSuspend: [33mfalse[39m,
  coins: [33m100[39m,
  exp: [33m0[39m,
  userLevel: [33m1[39m,
  role: [32m'user'[39m
}
[useFetchUserData] Received data: {
  uid: [32m'user_ach'[39m,
  email: [32m'ach@example.com'[39m,
  emailVerified: [33mtrue[39m,
  isSuspend: [33mfalse[39m,
  coins: [33m100[39m,
  exp: [33m0[39m,
  userLevel: [33m1[39m,
  role: [32m'user'[39m
}

[90mstdout[2m | tests/e2e/gamemodes.test.tsx[2m > [22m[2mGamemodes E2E Tests[2m > [22m[2mTest 3: Level completed rewards (completing last stage renders LevelCompleted popup, increments XP/coins, updates profile)
[22m[39m[useFetchUserData] Fetching: http://localhost:3000/fireBase/getSpecificUser/user_game
[MSW] getSpecificUser hit for UID: user_game URL: http://localhost:3000/fireBase/getSpecificUser/user_game
[MSW] Returning userData: {
  uid: [32m'user_game'[39m,
  email: [32m'game@example.com'[39m,
  emailVerified: [33mtrue[39m,
  isSuspend: [33mfalse[39m,
  coins: [33m100[39m,
  exp: [33m0[39m,
  userLevel: [33m1[39m,
  role: [32m'user'[39m
}
[useFetchUserData] Received data: {
  uid: [32m'user_game'[39m,
  email: [32m'game@example.com'[39m,
  emailVerified: [33mtrue[39m,
  isSuspend: [33mfalse[39m,
  coins: [33m100[39m,
  exp: [33m0[39m,
  userLevel: [33m1[39m,
  role: [32m'user'[39m
}
Stored lastOpenedLevel for Html
[useFetchUserData] Fetching: http://localhost:3000/fireBase/getSpecificUser/user_game
[MSW] getSpecificUser hit for UID: user_game URL: http://localhost:3000/fireBase/getSpecificUser/user_game
[MSW] Returning userData: {
  uid: [32m'user_game'[39m,
  email: [32m'game@example.com'[39m,
  emailVerified: [33mtrue[39m,
  isSuspend: [33mfalse[39m,
  coins: [33m100[39m,
  exp: [33m0[39m,
  userLevel: [33m1[39m,
  role: [32m'user'[39m,
  lastOpenedLevel: {
    Html: {
      description: [32m''[39m,
      lessonId: [32m'Lesson1'[39m,
      levelId: [32m'Level1'[39m,
      stageId: [32m'Stage2'[39m,
      subject: [32m'Html'[39m,
      title: [32m'Syntax Quiz'[39m,
      gameMode: [32m'BrainBytes'[39m
    }
  }
}
[useFetchUserData] Received data: {
  uid: [32m'user_game'[39m,
  email: [32m'game@example.com'[39m,
  emailVerified: [33mtrue[39m,
  isSuspend: [33mfalse[39m,
  coins: [33m100[39m,
  exp: [33m0[39m,
  userLevel: [33m1[39m,
  role: [32m'user'[39m,
  lastOpenedLevel: {
    Html: {
      description: [32m''[39m,
      lessonId: [32m'Lesson1'[39m,
      levelId: [32m'Level1'[39m,
      stageId: [32m'Stage2'[39m,
      subject: [32m'Html'[39m,
      title: [32m'Syntax Quiz'[39m,
      gameMode: [32m'BrainBytes'[39m
    }
  }
}

[90mstdout[2m | tests/e2e/gamemodes.test.tsx[2m > [22m[2mGamemodes E2E Tests[2m > [22m[2mTest 3: Level completed rewards (completing last stage renders LevelCompleted popup, increments XP/coins, updates profile)
[22m[39mUnlock response: { isNextLevelUnlocked: [33mtrue[39m }
No stage feedback to summarize.
[useFetchUserData] Fetching: http://localhost:3000/fireBase/getSpecificUser/user_game
[MSW] getSpecificUser hit for UID: user_game URL: http://localhost:3000/fireBase/getSpecificUser/user_game
[MSW] Returning userData: {
  uid: [32m'user_game'[39m,
  email: [32m'game@example.com'[39m,
  emailVerified: [33mtrue[39m,
  isSuspend: [33mfalse[39m,
  coins: [33m100[39m,
  exp: [33m0[39m,
  userLevel: [33m1[39m,
  role: [32m'user'[39m,
  lastOpenedLevel: {
    Html: {
      description: [32m''[39m,
      lessonId: [32m'Lesson1'[39m,
      levelId: [32m'Level1'[39m,
      stageId: [32m'Stage2'[39m,
      subject: [32m'Html'[39m,
      title: [32m'Syntax Quiz'[39m,
      gameMode: [32m'BrainBytes'[39m
    }
  }
}
[useFetchUserData] Received data: {
  uid: [32m'user_game'[39m,
  email: [32m'game@example.com'[39m,
  emailVerified: [33mtrue[39m,
  isSuspend: [33mfalse[39m,
  coins: [33m100[39m,
  exp: [33m0[39m,
  userLevel: [33m1[39m,
  role: [32m'user'[39m,
  lastOpenedLevel: {
    Html: {
      description: [32m''[39m,
      lessonId: [32m'Lesson1'[39m,
      levelId: [32m'Level1'[39m,
      stageId: [32m'Stage2'[39m,
      subject: [32m'Html'[39m,
      title: [32m'Syntax Quiz'[39m,
      gameMode: [32m'BrainBytes'[39m
    }
  }
}

[90mstdout[2m | tests/e2e/shop.test.tsx[2m > [22m[2mShop E2E Tests[2m > [22m[2mTest 2: Failed purchase from insufficient coins (triggers immediate error toast, no API request)
[22m[39m[App] Logged in successfully with uid: user_shop

[90mstdout[2m | tests/e2e/shop.test.tsx[2m > [22m[2mShop E2E Tests[2m > [22m[2mTest 2: Failed purchase from insufficient coins (triggers immediate error toast, no API request)
[22m[39m[useFetchUserData] Fetching: http://localhost:3000/fireBase/getSpecificUser/user_shop
[MSW] getSpecificUser hit for UID: user_shop URL: http://localhost:3000/fireBase/getSpecificUser/user_shop
[MSW] Returning userData: {
  uid: [32m'user_shop'[39m,
  email: [32m'shop@example.com'[39m,
  emailVerified: [33mtrue[39m,
  isSuspend: [33mfalse[39m,
  coins: [33m20[39m,
  role: [32m'user'[39m
}
[useFetchUserData] Received data: {
  uid: [32m'user_shop'[39m,
  email: [32m'shop@example.com'[39m,
  emailVerified: [33mtrue[39m,
  isSuspend: [33mfalse[39m,
  coins: [33m20[39m,
  role: [32m'user'[39m
}

[90mstdout[2m | tests/e2e/shop.test.tsx[2m > [22m[2mShop E2E Tests[2m > [22m[2mTest 3: API purchase failure (500) triggers optimistic rollback of the coins balance
[22m[39m[App] Logged in successfully with uid: user_shop

[90mstdout[2m | tests/e2e/shop.test.tsx[2m > [22m[2mShop E2E Tests[2m > [22m[2mTest 3: API purchase failure (500) triggers optimistic rollback of the coins balance
[22m[39m[useFetchUserData] Fetching: http://localhost:3000/fireBase/getSpecificUser/user_shop
[MSW] getSpecificUser hit for UID: user_shop URL: http://localhost:3000/fireBase/getSpecificUser/user_shop
[MSW] Returning userData: {
  uid: [32m'user_shop'[39m,
  email: [32m'shop@example.com'[39m,
  emailVerified: [33mtrue[39m,
  isSuspend: [33mfalse[39m,
  coins: [33m100[39m,
  role: [32m'user'[39m
}
[useFetchUserData] Received data: {
  uid: [32m'user_shop'[39m,
  email: [32m'shop@example.com'[39m,
  emailVerified: [33mtrue[39m,
  isSuspend: [33mfalse[39m,
  coins: [33m100[39m,
  role: [32m'user'[39m
}

[90mstderr[2m | tests/e2e/shop.test.tsx[2m > [22m[2mShop E2E Tests[2m > [22m[2mTest 3: API purchase failure 
(500) triggers optimistic rollback of the coins balance
[22m[39mError in purchaseItem API: { error: [32m'Server Error'[39m }

[90mstdout[2m | tests/e2e/lessons.test.tsx[2m > [22m[2mLessons E2E Tests[2m > [22m[2mTest 3: Stage card routing opens the workspace layout
[22m[39m[App] Logged in successfully with uid: user_lessons

[90mstderr[2m | tests/e2e/lessons.test.tsx[2m > [22m[2mLessons E2E Tests[2m > [22m[2mTest 3: Stage card 
routing opens the workspace layout
[22m[39mError: Not implemented: window.scrollTo
    at module.exports (C:\Users\lain\Documents\code\Devlab\node_modules\.pnpm\jsdom@26.1.0\node_modules\jsdom\lib\jsdom
\browser\not-implemented.js:9:17)
    at C:\Users\lain\Documents\code\Devlab\node_modules\.pnpm\jsdom@26.1.0\node_modules\jsdom\lib\jsdom\browser\Window.
js:960:7
    at file:///C:/Users/lain/Documents/code/Devlab/node_modules/.pnpm/motion-dom@12.40.0/node_modules/motion-dom/src/an
imation/keyframes/KeyframesResolver.ts:67:24
    at Array.forEach (<anonymous>)
    at measureAllKeyframes (file:///C:/Users/lain/Documents/code/Devlab/node_modules/.pnpm/motion-dom@12.40.0/node_modu
les/motion-dom/src/animation/keyframes/KeyframesResolver.ts:65:28)
    at triggerCallback (file:///C:/Users/lain/Documents/code/Devlab/node_modules/.pnpm/motion-dom@12.40.0/node_modules/
motion-dom/src/frameloop/render-step.ts:44:9)
    at Set.forEach (<anonymous>)
    at Object.process (file:///C:/Users/lain/Documents/code/Devlab/node_modules/.pnpm/motion-dom@12.40.0/node_modules/m
otion-dom/src/frameloop/render-step.ts:94:23)
    at processBatch (file:///C:/Users/lain/Documents/code/Devlab/node_modules/.pnpm/motion-dom@12.40.0/node_modules/mot
ion-dom/src/frameloop/batcher.ts:61:26)
    at invokeTheCallbackFunction (C:\Users\lain\Documents\code\Devlab\node_modules\.pnpm\jsdom@26.1.0\node_modules\jsdo
m\lib\jsdom\living\generated\Function.js:19:26) [90mundefined[39m
React does not recognize the `basicSetup` prop on a DOM element. If you intentionally want it to appear in the DOM as 
a custom attribute, spell it as lowercase `basicsetup` instead. If you accidentally passed it from a parent component, 
remove it from the DOM element.

[90mstdout[2m | tests/e2e/lessons.test.tsx[2m > [22m[2mLessons E2E Tests[2m > [22m[2mTest 3: Stage card routing opens the workspace layout
[22m[39m[useFetchUserData] Fetching: http://localhost:3000/fireBase/getSpecificUser/user_lessons
[MSW] getSpecificUser hit for UID: user_lessons URL: http://localhost:3000/fireBase/getSpecificUser/user_lessons
[MSW] Returning userData: {
  uid: [32m'user_lessons'[39m,
  email: [32m'lessons@example.com'[39m,
  emailVerified: [33mtrue[39m,
  isSuspend: [33mfalse[39m,
  role: [32m'user'[39m
}
[useFetchUserData] Received data: {
  uid: [32m'user_lessons'[39m,
  email: [32m'lessons@example.com'[39m,
  emailVerified: [33mtrue[39m,
  isSuspend: [33mfalse[39m,
  role: [32m'user'[39m
}

[90mstdout[2m | tests/e2e/lessons.test.tsx[2m > [22m[2mLessons E2E Tests[2m > [22m[2mTest 4: Back navigation links route to main menu, and footer Previous transitions correctly
[22m[39m[App] Logged in successfully with uid: user_lessons

[90mstderr[2m | tests/e2e/lessons.test.tsx[2m > [22m[2mLessons E2E Tests[2m > [22m[2mTest 4: Back navigation 
links route to main menu, and footer Previous transitions correctly
[22m[39mYou rendered descendant <Routes> (or called `useRoutes()`) at 
"/Main/Lessons/Html/Lesson1/Level1/Stage2/BrainBytes" (under <Route 
path="/Main/Lessons/:subject/:lessonId/:levelId/:stageId/:gamemodeId">) but the parent route path has no trailing "*". 
This means if you navigate deeper, the parent won't match anymore and therefore the child routes will never render.

Please change the parent <Route path="/Main/Lessons/:subject/:lessonId/:levelId/:stageId/:gamemodeId"> to <Route 
path="/Main/Lessons/:subject/:lessonId/:levelId/:stageId/:gamemodeId/*">.

[90mstderr[2m | tests/e2e/lessons.test.tsx[2m > [22m[2mLessons E2E Tests[2m > [22m[2mTest 4: Back navigation 
links route to main menu, and footer Previous transitions correctly
[22m[39mError: AggregateError
    at Object.dispatchError (C:\Users\lain\Documents\code\Devlab\node_modules\.pnpm\jsdom@26.1.0\node_modules\jsdom\lib
\jsdom\living\xhr\xhr-utils.js:62:19)
    at Request.<anonymous> (C:\Users\lain\Documents\code\Devlab\node_modules\.pnpm\jsdom@26.1.0\node_modules\jsdom\lib\
jsdom\living\xhr\XMLHttpRequest-impl.js:655:18)
    at Request.emit (node:events:521:24)
    at ClientRequest.<anonymous> (C:\Users\lain\Documents\code\Devlab\node_modules\.pnpm\jsdom@26.1.0\node_modules\jsdo
m\lib\jsdom\living\helpers\http-request.js:127:14)
    at ClientRequest.emit (node:events:509:28)
    at emitErrorEvent (node:_http_client:109:11)
    at MockHttpSocket.socketErrorListener (node:_http_client:593:5)
    at MockHttpSocket.emit (node:events:509:28)
    at MockHttpSocket.emit (file:///C:/Users/lain/Documents/code/Devlab/node_modules/.pnpm/@mswjs+interceptors@0.41.9/n
ode_modules/@mswjs/interceptors/src/interceptors/ClientRequest/MockHttpSocket.ts:165:12)
    at Socket.<anonymous> (file:///C:/Users/lain/Documents/code/Devlab/node_modules/.pnpm/@mswjs+interceptors@0.41.9/no
de_modules/@mswjs/interceptors/src/interceptors/ClientRequest/MockHttpSocket.ts:308:14) [90mundefined[39m

[90mstdout[2m | tests/e2e/achievements.test.tsx[2m > [22m[2mAchievements E2E Tests[2m > [22m[2mTest 3: Coin balance updates optimistically in dashboard stats
[22m[39m[App] Logged in successfully with uid: user_ach

[90mstdout[2m | tests/e2e/achievements.test.tsx[2m > [22m[2mAchievements E2E Tests[2m > [22m[2mTest 3: Coin balance updates optimistically in dashboard stats
[22m[39m[useFetchUserData] Fetching: http://localhost:3000/fireBase/getSpecificUser/user_ach
[MSW] getSpecificUser hit for UID: user_ach URL: http://localhost:3000/fireBase/getSpecificUser/user_ach
[MSW] Returning userData: {
  uid: [32m'user_ach'[39m,
  email: [32m'ach@example.com'[39m,
  emailVerified: [33mtrue[39m,
  isSuspend: [33mfalse[39m,
  coins: [33m100[39m,
  role: [32m'user'[39m
}
[useFetchUserData] Received data: {
  uid: [32m'user_ach'[39m,
  email: [32m'ach@example.com'[39m,
  emailVerified: [33mtrue[39m,
  isSuspend: [33mfalse[39m,
  coins: [33m100[39m,
  role: [32m'user'[39m
}

[90mstdout[2m | tests/e2e/gamemodes.test.tsx[2m > [22m[2mGamemodes E2E Tests[2m > [22m[2mTest 4: Heart depletion game over (heart drops to 0, renders GameOver popup, exits to first lesson, resets hearts)
[22m[39m[App] Logged in successfully with uid: user_game

[90mstderr[2m | tests/e2e/gamemodes.test.tsx[2m > [22m[2mGamemodes E2E Tests[2m > [22m[2mTest 4: Heart 
depletion game over (heart drops to 0, renders GameOver popup, exits to first lesson, resets hearts)
[22m[39mYou rendered descendant <Routes> (or called `useRoutes()`) at 
"/Main/Lessons/Html/Lesson1/Level1/Stage2/BrainBytes" (under <Route 
path="/Main/Lessons/:subject/:lessonId/:levelId/:stageId/:gamemodeId">) but the parent route path has no trailing "*". 
This means if you navigate deeper, the parent won't match anymore and therefore the child routes will never render.

Please change the parent <Route path="/Main/Lessons/:subject/:lessonId/:levelId/:stageId/:gamemodeId"> to <Route 
path="/Main/Lessons/:subject/:lessonId/:levelId/:stageId/:gamemodeId/*">.

[90mstderr[2m | tests/e2e/gamemodes.test.tsx[2m > [22m[2mGamemodes E2E Tests[2m > [22m[2mTest 4: Heart 
depletion game over (heart drops to 0, renders GameOver popup, exits to first lesson, resets hearts)
[22m[39mNo routes matched location "/Main" 

[90mstdout[2m | tests/e2e/shop.test.tsx[2m > [22m[2mShop E2E Tests[2m > [22m[2mTest 4: Shop grid skeleton display is shown during load, then resolves
[22m[39m[App] Logged in successfully with uid: user_shop

[90mstderr[2m | tests/e2e/shop.test.tsx[2m > [22m[2mShop E2E Tests[2m > [22m[2mTest 4: Shop grid skeleton 
display is shown during load, then resolves
[22m[39mAn update to App inside a test was not wrapped in act(...).

When testing, code that causes React state updates should be wrapped into act(...):

act(() => {
  /* fire events that update state */
});
/* assert on the output */

This ensures that you're testing the behavior the user would see in the browser. Learn more at 
https://react.dev/link/wrap-tests-with-act
An update to App inside a test was not wrapped in act(...).

When testing, code that causes React state updates should be wrapped into act(...):

act(() => {
  /* fire events that update state */
});
/* assert on the output */

This ensures that you're testing the behavior the user would see in the browser. Learn more at 
https://react.dev/link/wrap-tests-with-act
An update to App inside a test was not wrapped in act(...).

When testing, code that causes React state updates should be wrapped into act(...):

act(() => {
  /* fire events that update state */
});
/* assert on the output */

This ensures that you're testing the behavior the user would see in the browser. Learn more at 
https://react.dev/link/wrap-tests-with-act

[90mstdout[2m | tests/e2e/shop.test.tsx[2m > [22m[2mShop E2E Tests[2m > [22m[2mTest 5: Coin balance changes are propagated and animated in real-time
[22m[39m[App] Logged in successfully with uid: user_shop

[90mstdout[2m | tests/e2e/shop.test.tsx[2m > [22m[2mShop E2E Tests[2m > [22m[2mTest 5: Coin balance changes are propagated and animated in real-time
[22m[39m[useFetchUserData] Fetching: http://localhost:3000/fireBase/getSpecificUser/user_shop
[MSW] getSpecificUser hit for UID: user_shop URL: http://localhost:3000/fireBase/getSpecificUser/user_shop
[MSW] Returning userData: {
  uid: [32m'user_shop'[39m,
  email: [32m'shop@example.com'[39m,
  emailVerified: [33mtrue[39m,
  isSuspend: [33mfalse[39m,
  coins: [33m100[39m,
  role: [32m'user'[39m
}
[useFetchUserData] Received data: {
  uid: [32m'user_shop'[39m,
  email: [32m'shop@example.com'[39m,
  emailVerified: [33mtrue[39m,
  isSuspend: [33mfalse[39m,
  coins: [33m100[39m,
  role: [32m'user'[39m
}

[90mstdout[2m | tests/e2e/lessons.test.tsx[2m > [22m[2mLessons E2E Tests[2m > [22m[2mTest 5: Locked stage modals block navigation and show warning popup
[22m[39m[App] Logged in successfully with uid: user_lessons

[90mstdout[2m | tests/e2e/achievements.test.tsx[2m > [22m[2mAchievements E2E Tests[2m > [22m[2mTest 4: Claiming XP rewards triggers Level progression and remainder calculations
[22m[39m[App] Logged in successfully with uid: user_ach

 [31mÔØ»[39m [34m|e2e|[39m tests/e2e/lessons.test.tsx [2m([22m[2m5 tests[22m[2m | [22m[31m2 failed[39m[2m)[22m[33m 3123[2mms[22m[39m
   [33m[2mÔ£ô[22m[39m Lessons E2E Tests[2m > [22mTest 1: HTML curriculum page lists levels, headers, chapters [33m540[2mms[22m[39m
[31m   [31m├ù[31m Lessons E2E Tests[2m > [22mTest 2: Navigation expands level card chevrons and shows stage links[33m 1303[2mms[22m[31m[39m
[31m     ÔåÆ Unable to find an element with the text: BrainBytes MC Challenge. This could be because the text is broken up by multiple elements. In this case, you can provide a function for your text matcher to make your matcher more flexible.

Ignored nodes: comments, script, style
[36m<body>[31m
  [36m<div>[31m
    [36m<div[31m
      [33mclass[31m=[32m"flex flex-col lg:flex-row bg-[#06060a] w-screen h-screen p-2 sm:p-4 gap-4 overflow-hidden relative selection:bg-purple-500/30"[31m
    [36m>[31m
      [36m<div[31m
        [33mclass[31m=[32m"absolute inset-0 bg-[linear-gradient(to_right,#80808012_1px,transparent_1px),linear-gradient(to_bottom,#80808012_1px,transparent_1px)] bg-[size:24px_24px] pointer-events-none"[31m
      [36m/>[31m
      [36m<div[31m
        [33mclass[31m=[32m"absolute inset-0 bg-gradient-to-br from-purple-900/10 via-transparent to-indigo-900/10 pointer-events-none"[31m
      [36m/>[31m
      [36m<div[31m
        [33mclass[31m=[32m"relative z-10 shrink-0"[31m
      [36m>[31m
        [36m<div[31m
          [33mclass[31m=[32m"fixed top-4 left-4 z-50 xl:hidden"[31m
        [36m>[31m
          [36m<button[31m
            [33mclass[31m=[32m"bg-[#9333EA] text-white p-2 rounded-lg shadow-md"[31m
          [36m>[31m
            [36m<svg[31m
              [33mfill[31m=[32m"currentColor"[31m
              [33mheight[31m=[32m"24"[31m
              [33mstroke[31m=[32m"currentColor"[31m
              [33mstroke-width[31m=[32m"0"[31m
              [33mviewBox[31m=[32m"0 0 512 512"[31m
              [33mwidth[31m=[32m"24"[31m
              [33mxmlns[31m=[32m"http://www.w3.org/2000/svg"[31m
            [36m>[31m
              [36m<path[31m
                [33md[31m=[32m"M160 389a20.91 20.91 0 0 1-13.82-5.2l-128-112a21 21 0 0 1 0-31.6l128-112a21 21 0 0 1 27.66 31.61L63.89 256l109.94 96.19A21 21 0 0 1 160 389zm192 0a21 21 0 0 1-13.84-36.81L448.11 256l-109.94-96.19a21 21 0 0 1 27.66-31.61l128 112a21 21 0 0 1 0 31.6l-128 112A20.89 20.89 0 0 1 352 389z"[31m
              [36m/>[31m
            [36m</svg>[31m
          [36m</button>[31m
        [36m</div>[31m
        [36m<div[31m
          [33mclass[31m=[32m"
          flex flex-col p-3 items-center text-white h-screen overflow-y-auto scrollbar-custom transition-all duration-300
          fixed top-0 left-0 z-40
          -translate-x-full
          lg:-translate-x-full 
          false
          xl:w-75
          xl:relative xl:translate-x-0
          
        "[31m
        [36m>[31m
          [36m<div[31m
            [33mclass[31m=[32m"hidden xl:flex justify-end mb-4 self-end"[31m
          [36m>[31m
            [36m<button[31m
              [33mclass[31m=[32m"bg-[#9333EA] text-white p-2 rounded-full hover:bg-[#7b22c5] transition duration-200 cursor-pointer"[31m
            [36m>[31m
              [36m<svg[31m
                [33mfill[31m=[32m"currentColor"[31m
                [33mheight[31m=[32m"1em"[31m
                [33mstroke[31m=[32m"currentColor"[31m
                [33mstroke-width[31m=[32m"0"[31m
                [33mviewBox[31m=[32m"0 0 512 512"[31m
                [33mwidth[31m=[32m"1em"[31m
                [33mxmlns[31m=[32m"http://www.w3.org/2000/svg"[31m
              [36m>[31m
                [36m<path[31m
                  [33md[31m=[32m"M160 389a20.91 20.91 0 0 1-13.82-5.2l-128-112a21 21 0 0 1 0-31.6l128-112a21 21 0 0 1 27.66 31.61L63.89 256l109.94 96.19A21 21 0 0 1 160 389zm192 0a21 21 0 0 1-13.84-36.81L448.11 256l-109.94-96.19a21 21 0 0 1 27.66-31.61l128 112a21 21 0 0 1 0 31.6l-128 112A20.89 20.89 0 0 1 352 389z"[31m
                [36m/>[31m
              [36m</svg>[31m
            [36m</button>[31m
          [36m</div>[31m
          [36m<div[31m
            [33mclass[31m=[32m"p-5"[31m
          [36m>[31m
            [36m<h1[31m
              [33mclass[31m=[32m"font-exo font-bold text-5xl"[31m
            [36m>[31m
              [0mDevLab[0m
            [36m</h1>[31m
          [36m</div>[31m
          [36m<div[31m
            [33mclass[31m=[32m"flex-1 flex flex-col gap-5 w-full"[31m
          [36m>[31m
            [36m<div>[31m
              [36m<div>[31m
                [36m<a[31m
                  [33maria-current[31m=[32m"page"[31m
                  [33mclass[31m=[32m"flex items-center gap-3 font-inter text-[1.2rem] relative rounded px-5 p-3  overflow-hidden group hover:bg-[#9333EA] transition-all ease-out duration-300 NavBarText-laptop active"[31m
                  [33mdata-discover[31m=[32m"true"[31m
                  [33mhref[31m=[32m"/Main"[31m
                [36m>[31m
                  [36m<span[31m
                    [33mclass[31m=[32m"text-xl"[31m
                  [36m>[31m
                    [36m<svg[31m
                      [33mfill[31m=[32m"currentColor"[31m
                      [33mheight[31m=[32m"24"[31m
                      [33mstroke[31m=[32m"currentColor"[31m
                      [33mstroke-width[31m=[32m"0"[31m
                      [33mviewBox[31m=[32m"0 0 512 512"[31m
                      [33mwidth[31m=[32m"24"[31m
                      [33mxmlns[31m=[32m"http://www.w3.org/2000/svg"[31m
                    [36m>[31m
                      [36m<rect[31m
                        [33mfill[31m=[32m"none"[31m
                        [33mheight[31m=[32m"176"[31m
                        [33mrx[31m=[32m"20"[31m
                        [33mry[31m=[32m"20"[31m
                        [33mstroke-linecap[31m=[32m"round"[31m
                        [33mstroke-linejoin[31m=[32m"round"[31m
                        [33mstroke-width[31m=[32m"32"[31m
                        [33mwidth[31m=[32m"176"[31m
                        [33mx[31m=[32m"48"[31m
                        [33my[31m=[32m"48"[31m
                      [36m/>[31m
                      [36m<rect[31m
                        [33mfill[31m=[32m"none"[31m
                        [33mheight[31m=[32m"176"[31m
                        [33mrx[31m=[32m"20"[31m
                        [33mry[31m=[32m"20"[31m
                        [33mstroke-linecap[31m=[32m"round"[31m
                        [33mstroke-linejoin[31m=[32m"round"[31m
                        [33mstroke-width[31m=[32m"32"[31m
                        [33mwidth[31m=[32m"176"[31m
                        [33mx[31m=[32m"288"[31m
                        [33my[31m=[32m"48"[31m
                      [36m/>[31m
                      [36m<rect[31m
                        [33mfill[31m=[32m"none"[31m
                        [33mheight[31m=[32m"176"[31m
                        [33mrx[31m=[32m"20"[31m
                        [33mry[31m=[32m"20"[31m
                        [33mstroke-linecap[31m=[32m"round"[31m
                        [33mstroke-linejoin[31m=[32m"round"[31m
                        [33mstroke-width[31m=[32m"32"[31m
                        [33mwidth[31m=[32m"176"[31m
                        [33mx[31m=[32m"48"[31m
                        [33my[31m=[32m"288"[31m
        ...

Ignored nodes: comments, script, style
[36m<html>[31m
  [36m<head />[31m
  [36m<body>[31m
    [36m<div>[31m
      [36m<div[31m
        [33mclass[31m=[32m"flex flex-col lg:flex-row bg-[#06060a] w-screen h-screen p-2 sm:p-4 gap-4 overflow-hidden relative selection:bg-purple-500/30"[31m
      [36m>[31m
        [36m<div[31m
          [33mclass[31m=[32m"absolute inset-0 bg-[linear-gradient(to_right,#80808012_1px,transparent_1px),linear-gradient(to_bottom,#80808012_1px,transparent_1px)] bg-[size:24px_24px] pointer-events-none"[31m
        [36m/>[31m
        [36m<div[31m
          [33mclass[31m=[32m"absolute inset-0 bg-gradient-to-br from-purple-900/10 via-transparent to-indigo-900/10 pointer-events-none"[31m
        [36m/>[31m
        [36m<div[31m
          [33mclass[31m=[32m"relative z-10 shrink-0"[31m
        [36m>[31m
          [36m<div[31m
            [33mclass[31m=[32m"fixed top-4 left-4 z-50 xl:hidden"[31m
          [36m>[31m
            [36m<button[31m
              [33mclass[31m=[32m"bg-[#9333EA] text-white p-2 rounded-lg shadow-md"[31m
            [36m>[31m
              [36m<svg[31m
                [33mfill[31m=[32m"currentColor"[31m
                [33mheight[31m=[32m"24"[31m
                [33mstroke[31m=[32m"currentColor"[31m
                [33mstroke-width[31m=[32m"0"[31m
                [33mviewBox[31m=[32m"0 0 512 512"[31m
                [33mwidth[31m=[32m"24"[31m
                [33mxmlns[31m=[32m"http://www.w3.org/2000/svg"[31m
              [36m>[31m
                [36m<path[31m
                  [33md[31m=[32m"M160 389a20.91 20.91 0 0 1-13.82-5.2l-128-112a21 21 0 0 1 0-31.6l128-112a21 21 0 0 1 27.66 31.61L63.89 256l109.94 96.19A21 21 0 0 1 160 389zm192 0a21 21 0 0 1-13.84-36.81L448.11 256l-109.94-96.19a21 21 0 0 1 27.66-31.61l128 112a21 21 0 0 1 0 31.6l-128 112A20.89 20.89 0 0 1 352 389z"[31m
                [36m/>[31m
              [36m</svg>[31m
            [36m</button>[31m
          [36m</div>[31m
          [36m<div[31m
            [33mclass[31m=[32m"
          flex flex-col p-3 items-center text-white h-screen overflow-y-auto scrollbar-custom transition-all duration-300
          fixed top-0 left-0 z-40
          -translate-x-full
          lg:-translate-x-full 
          false
          xl:w-75
          xl:relative xl:translate-x-0
          
        "[31m
          [36m>[31m
            [36m<div[31m
              [33mclass[31m=[32m"hidden xl:flex justify-end mb-4 self-end"[31m
            [36m>[31m
              [36m<button[31m
                [33mclass[31m=[32m"bg-[#9333EA] text-white p-2 rounded-full hover:bg-[#7b22c5] transition duration-200 cursor-pointer"[31m
              [36m>[31m
                [36m<svg[31m
                  [33mfill[31m=[32m"currentColor"[31m
                  [33mheight[31m=[32m"1em"[31m
                  [33mstroke[31m=[32m"currentColor"[31m
                  [33mstroke-width[31m=[32m"0"[31m
                  [33mviewBox[31m=[32m"0 0 512 512"[31m
                  [33mwidth[31m=[32m"1em"[31m
                  [33mxmlns[31m=[32m"http://www.w3.org/2000/svg"[31m
                [36m>[31m
                  [36m<path[31m
                    [33md[31m=[32m"M160 389a20.91 20.91 0 0 1-13.82-5.2l-128-112a21 21 0 0 1 0-31.6l128-112a21 21 0 0 1 27.66 31.61L63.89 256l109.94 96.19A21 21 0 0 1 160 389zm192 0a21 21 0 0 1-13.84-36.81L448.11 256l-109.94-96.19a21 21 0 0 1 27.66-31.61l128 112a21 21 0 0 1 0 31.6l-128 112A20.89 20.89 0 0 1 352 389z"[31m
                  [36m/>[31m
                [36m</svg>[31m
              [36m</button>[31m
            [36m</div>[31m
            [36m<div[31m
              [33mclass[31m=[32m"p-5"[31m
            [36m>[31m
              [36m<h1[31m
                [33mclass[31m=[32m"font-exo font-bold text-5xl"[31m
              [36m>[31m
                [0mDevLab[0m
              [36m</h1>[31m
            [36m</div>[31m
            [36m<div[31m
              [33mclass[31m=[32m"flex-1 flex flex-col gap-5 w-full"[31m
            [36m>[31m
              [36m<div>[31m
                [36m<div>[31m
                  [36m<a[31m
                    [33maria-current[31m=[32m"page"[31m
                    [33mclass[31m=[32m"flex items-center gap-3 font-inter text-[1.2rem] relative rounded px-5 p-3  overflow-hidden group hover:bg-[#9333EA] transition-all ease-out duration-300 NavBarText-laptop active"[31m
                    [33mdata-discover[31m=[32m"true"[31m
                    [33mhref[31m=[32m"/Main"[31m
                  [36m>[31m
                    [36m<span[31m
                      [33mclass[31m=[32m"text-xl"[31m
                    [36m>[31m
                      [36m<svg[31m
                        [33mfill[31m=[32m"currentColor"[31m
                        [33mheight[31m=[32m"24"[31m
                        [33mstroke[31m=[32m"currentColor"[31m
                        [33mstroke-width[31m=[32m"0"[31m
                        [33mviewBox[31m=[32m"0 0 512 512"[31m
                        [33mwidth[31m=[32m"24"[31m
                        [33mxmlns[31m=[32m"http://www.w3.org/2000/svg"[31m
                      [36m>[31m
                        [36m<rect[31m
                          [33mfill[31m=[32m"none"[31m
                          [33mheight[31m=[32m"176"[31m
                          [33mrx[31m=[32m"20"[31m
                          [33mry[31m=[32m"20"[31m
                          [33mstroke-linecap[31m=[32m"round"[31m
                          [33mstroke-linejoin[31m=[32m"round"[31m
                          [33mstroke-width[31m=[32m"32"[31m
                          [33mwidth[31m=[32m"176"[31m
                          [33mx[31m=[32m"48"[31m
                          [33my[31m=[32m"48"[31m
                        [36m/>[31m
                        [36m<rect[31m
                          [33mfill[31m=[32m"none"[31m
                          [33mheight[31m=[32m"176"[31m
                          [33mrx[31m=[32m"20"[31m
                          [33mry[31m=[32m"20"[31m
                          [33mstroke-linecap[31m=[32m"round"[31m
                          [33mstroke-linejoin[31m=[32m"round"[31m
                          [33mstroke-width[31m=[32m"32"[31m
                          [33mwidth[31m=[32m"176"[31m
                          [33mx[31m=[32m"288"[31m
                          [33my[31m=[32m"48"[31m
                        [36m/>[31m
                        [36m<rect[31m
                          [33mfill[31m=[32m"none"[31m
                          [33mheight[31m=[32m"176"[31m
                          [33mrx[31m=[32m"20"[31m
                          [33mry[31m=[32m"20"[31m
                          [33mstroke-linecap[31m=[32m"round"[31m
                 ...[39m
[31m   [31m├ù[31m Lessons E2E Tests[2m > [22mTest 4: Back navigation links route to main menu, and footer Previous transitions correctly[33m 1005[2mms[22m[31m[39m
[31m     ÔåÆ Unable to find an element with the text: DevLab. This could be because the text is broken up by multiple elements. In this case, you can provide a function for your text matcher to make your matcher more flexible.

Ignored nodes: comments, script, style
[36m<body>[31m
  [36m<div>[31m
    [36m<div>[31m
      [0mMock Main Menu[0m
    [36m</div>[31m
  [36m</div>[31m
[36m</body>[31m

Ignored nodes: comments, script, style
[36m<html>[31m
  [36m<head />[31m
  [36m<body>[31m
    [36m<div>[31m
      [36m<div>[31m
        [0mMock Main Menu[0m
      [36m</div>[31m
    [36m</div>[31m
  [36m</body>[31m
[36m</html>[31m...[39m
[90mstdout[2m | tests/e2e/achievements.test.tsx[2m > [22m[2mAchievements E2E Tests[2m > [22m[2mTest 4: Claiming XP rewards triggers Level progression and remainder calculations
[22m[39m[useFetchUserData] Fetching: http://localhost:3000/fireBase/getSpecificUser/user_ach
[MSW] getSpecificUser hit for UID: user_ach URL: http://localhost:3000/fireBase/getSpecificUser/user_ach
[MSW] Returning userData: {
  uid: [32m'user_ach'[39m,
  email: [32m'ach@example.com'[39m,
  emailVerified: [33mtrue[39m,
  isSuspend: [33mfalse[39m,
  coins: [33m100[39m,
  exp: [33m90[39m,
  userLevel: [33m1[39m,
  role: [32m'user'[39m
}
[useFetchUserData] Received data: {
  uid: [32m'user_ach'[39m,
  email: [32m'ach@example.com'[39m,
  emailVerified: [33mtrue[39m,
  isSuspend: [33mfalse[39m,
  coins: [33m100[39m,
  exp: [33m90[39m,
  userLevel: [33m1[39m,
  role: [32m'user'[39m
}

[90mstdout[2m | tests/e2e/gamemodes.test.tsx[2m > [22m[2mGamemodes E2E Tests[2m > [22m[2mTest 5: CodeEditor (typing code, RUN button updates preview body, SUBMIT evaluates using MSW mocked sandbox, success popup)
[22m[39m[App] Logged in successfully with uid: user_game

[90mstderr[2m | tests/e2e/gamemodes.test.tsx[2m > [22m[2mGamemodes E2E Tests[2m > [22m[2mTest 5: CodeEditor 
(typing code, RUN button updates preview body, SUBMIT evaluates using MSW mocked sandbox, success popup)
[22m[39mReact does not recognize the `basicSetup` prop on a DOM element. If you intentionally want it to appear in 
the DOM as a custom attribute, spell it as lowercase `basicsetup` instead. If you accidentally passed it from a parent 
component, remove it from the DOM element.

[90mstdout[2m | tests/e2e/gamemodes.test.tsx[2m > [22m[2mGamemodes E2E Tests[2m > [22m[2mTest 5: CodeEditor (typing code, RUN button updates preview body, SUBMIT evaluates using MSW mocked sandbox, success popup)
[22m[39m[useFetchUserData] Fetching: http://localhost:3000/fireBase/getSpecificUser/user_game
[MSW] getSpecificUser hit for UID: user_game URL: http://localhost:3000/fireBase/getSpecificUser/user_game
[MSW] Returning userData: {
  uid: [32m'user_game'[39m,
  email: [32m'game@example.com'[39m,
  emailVerified: [33mtrue[39m,
  isSuspend: [33mfalse[39m,
  coins: [33m100[39m,
  role: [32m'user'[39m
}
[useFetchUserData] Received data: {
  uid: [32m'user_game'[39m,
  email: [32m'game@example.com'[39m,
  emailVerified: [33mtrue[39m,
  isSuspend: [33mfalse[39m,
  coins: [33m100[39m,
  role: [32m'user'[39m
}
Stored lastOpenedLevel for Html
[useFetchUserData] Fetching: http://localhost:3000/fireBase/getSpecificUser/user_game
[MSW] getSpecificUser hit for UID: user_game URL: http://localhost:3000/fireBase/getSpecificUser/user_game
[MSW] Returning userData: {
  uid: [32m'user_game'[39m,
  email: [32m'game@example.com'[39m,
  emailVerified: [33mtrue[39m,
  isSuspend: [33mfalse[39m,
  coins: [33m100[39m,
  role: [32m'user'[39m,
  lastOpenedLevel: {
    Html: {
      description: [32m'Write html'[39m,
      lessonId: [32m'Lesson1'[39m,
      levelId: [32m'Level1'[39m,
      stageId: [32m'Stage3'[39m,
      subject: [32m'Html'[39m,
      title: [32m'HTML Boilerplate'[39m,
      gameMode: [32m'CodeCrafter'[39m
    }
  }
}
[useFetchUserData] Received data: {
  uid: [32m'user_game'[39m,
  email: [32m'game@example.com'[39m,
  emailVerified: [33mtrue[39m,
  isSuspend: [33mfalse[39m,
  coins: [33m100[39m,
  role: [32m'user'[39m,
  lastOpenedLevel: {
    Html: {
      description: [32m'Write html'[39m,
      lessonId: [32m'Lesson1'[39m,
      levelId: [32m'Level1'[39m,
      stageId: [32m'Stage3'[39m,
      subject: [32m'Html'[39m,
      title: [32m'HTML Boilerplate'[39m,
      gameMode: [32m'CodeCrafter'[39m
    }
  }
}

[90mstdout[2m | tests/e2e/gamemodes.test.tsx[2m > [22m[2mGamemodes E2E Tests[2m > [22m[2mTest 5: CodeEditor (typing code, RUN button updates preview body, SUBMIT evaluates using MSW mocked sandbox, success popup)
[22m[39m{ correct: [33mtrue[39m, feedback: [32m'Code compiles and runs flawlessly.'[39m }

 [31mÔØ»[39m [34m|e2e|[39m tests/e2e/gamemodes.test.tsx [2m([22m[2m5 tests[22m[2m | [22m[31m2 failed[39m[2m)[22m[33m 3494[2mms[22m[39m
   [33m[2mÔ£ô[22m[39m Gamemodes E2E Tests[2m > [22mTest 1: MC BrainBytes happy path playthrough (select option, submit answer, success popup, continue) [33m600[2mms[22m[39m
   [33m[2mÔ£ô[22m[39m Gamemodes E2E Tests[2m > [22mTest 2: Correct vs incorrect answers (select wrong answer, submit, click retry, decrements hearts; select correct, submit, success popup) [33m476[2mms[22m[39m
[31m   [31m├ù[31m Gamemodes E2E Tests[2m > [22mTest 3: Level completed rewards (completing last stage renders LevelCompleted popup, increments XP/coins, updates profile)[33m 1173[2mms[22m[31m[39m
[31m     ÔåÆ Unable to find an element with the text: Level Completed!. This could be because the text is broken up by multiple elements. In this case, you can provide a function for your text matcher to make your matcher more flexible.

Ignored nodes: comments, script, style
[36m<body>[31m
  [36m<div>[31m
    [36m<div[31m
      [33mclass[31m=[32m"h-screen bg-[#06060a] flex flex-col overflow-hidden"[31m
    [36m>[31m
      [36m<div[31m
        [33mclass[31m=[32m"flex justify-between items-center w-full h-12 md:h-14 bg-[#06060a] border-b border-[#1e1e2e] text-slate-200 px-3 md:px-6 py-1 shrink-0 z-20 font-inter"[31m
      [36m>[31m
        [36m<div[31m
          [33mclass[31m=[32m"flex items-center gap-4"[31m
        [36m>[31m
          [36m<a[31m
            [33mclass[31m=[32m"flex items-center justify-center w-8 h-8 md:w-9 md:h-9 rounded-lg bg-[#0d0d12] border border-[#2a2a3c] text-slate-400 hover:text-white hover:border-purple-500/50 hover:bg-purple-500/10 transition-all duration-300"[31m
            [33mdata-discover[31m=[32m"true"[31m
            [33mhref[31m=[32m"/Main"[31m
          [36m>[31m
            [36m<svg[31m
              [33mclass[31m=[32m"text-xl"[31m
              [33mfill[31m=[32m"currentColor"[31m
              [33mheight[31m=[32m"1em"[31m
              [33mstroke[31m=[32m"currentColor"[31m
              [33mstroke-width[31m=[32m"0"[31m
              [33mviewBox[31m=[32m"0 0 24 24"[31m
              [33mwidth[31m=[32m"1em"[31m
              [33mxmlns[31m=[32m"http://www.w3.org/2000/svg"[31m
            [36m>[31m
              [36m<path[31m
                [33md[31m=[32m"M0 0h24v24H0z"[31m
                [33mfill[31m=[32m"none"[31m
              [36m/>[31m
              [36m<path[31m
                [33md[31m=[32m"M17.77 3.77 16 2 6 12l10 10 1.77-1.77L9.54 12z"[31m
              [36m/>[31m
            [36m</svg>[31m
          [36m</a>[31m
          [36m<h1[31m
            [33mclass[31m=[32m"text-lg sm:text-xl font-exo font-bold tracking-tight hidden sm:flex items-center gap-2"[31m
          [36m>[31m
            [36m<span[31m
              [33mclass[31m=[32m"text-white"[31m
            [36m>[31m
              [0mDevLab[0m
            [36m</span>[31m
          [36m</h1>[31m
          [36m<button[31m
            [33mclass[31m=[32m"flex items-center justify-center w-8 h-8 rounded-lg bg-blue-500/10 border border-blue-500/20 text-blue-400 hover:bg-blue-500/20 hover:text-blue-300 transition-all duration-300"[31m
            [33mtitle[31m=[32m"Show Instructions"[31m
          [36m>[31m
            [36m<svg[31m
              [33mclass[31m=[32m"text-xl"[31m
              [33mfill[31m=[32m"currentColor"[31m
              [33mheight[31m=[32m"1em"[31m
              [33mstroke[31m=[32m"currentColor"[31m
              [33mstroke-width[31m=[32m"0"[31m
              [33mviewBox[31m=[32m"0 0 24 24"[31m
              [33mwidth[31m=[32m"1em"[31m
              [33mxmlns[31m=[32m"http://www.w3.org/2000/svg"[31m
            [36m>[31m
              [36m<path[31m
                [33md[31m=[32m"M0 0h24v24H0V0z"[31m
                [33mfill[31m=[32m"none"[31m
              [36m/>[31m
              [36m<path[31m
                [33md[31m=[32m"M11 7h2v2h-2V7zm0 4h2v6h-2v-6zm1-9C6.48 2 2 6.48 2 12s4.48 10 10 10 10-4.48 10-10S17.52 2 12 2zm0 18c-4.41 0-8-3.59-8-8s3.59-8 8-8 8 3.59 8 8-3.59 8-8 8z"[31m
              [36m/>[31m
            [36m</svg>[31m
          [36m</button>[31m
        [36m</div>[31m
        [36m<div[31m
          [33mclass[31m=[32m"flex gap-1 items-center justify-center bg-[#0d0d12] border border-[#2a2a3c] px-3 py-1.5 rounded-lg"[31m
        [36m>[31m
          [36m<span[31m
            [33mclass[31m=[32m"text-xl sm:text-2xl transition-all duration-300 text-red-500"[31m
            [33mstyle[31m=[32m"opacity: 1; transform: none;"[31m
          [36m>[31m
            [36m<svg[31m
              [33mclass[31m=[32m"fill-red-500"[31m
              [33mfill[31m=[32m"none"[31m
              [33mheight[31m=[32m"1em"[31m
              [33mstroke[31m=[32m"currentColor"[31m
              [33mstroke-linecap[31m=[32m"round"[31m
              [33mstroke-linejoin[31m=[32m"round"[31m
              [33mstroke-width[31m=[32m"2"[31m
              [33mviewBox[31m=[32m"0 0 24 24"[31m
              [33mwidth[31m=[32m"1em"[31m
              [33mxmlns[31m=[32m"http://www.w3.org/2000/svg"[31m
            [36m>[31m
              [36m<path[31m
                [33md[31m=[32m"M19 14c1.49-1.46 3-3.21 3-5.5A5.5 5.5 0 0 0 16.5 3c-1.76 0-3 .5-4.5 2-1.5-1.5-2.74-2-4.5-2A5.5 5.5 0 0 0 2 8.5c0 2.3 1.5 4.05 3 5.5l7 7Z"[31m
              [36m/>[31m
            [36m</svg>[31m
          [36m</span>[31m
          [36m<span[31m
            [33mclass[31m=[32m"text-xl sm:text-2xl transition-all duration-300 text-red-500"[31m
            [33mstyle[31m=[32m"opacity: 1; transform: none;"[31m
          [36m>[31m
            [36m<svg[31m
              [33mclass[31m=[32m"fill-red-500"[31m
              [33mfill[31m=[32m"none"[31m
              [33mheight[31m=[32m"1em"[31m
              [33mstroke[31m=[32m"currentColor"[31m
              [33mstroke-linecap[31m=[32m"round"[31m
              [33mstroke-linejoin[31m=[32m"round"[31m
              [33mstroke-width[31m=[32m"2"[31m
              [33mviewBox[31m=[32m"0 0 24 24"[31m
              [33mwidth[31m=[32m"1em"[31m
              [33mxmlns[31m=[32m"http://www.w3.org/2000/svg"[31m
            [36m>[31m
              [36m<path[31m
                [33md[31m=[32m"M19 14c1.49-1.46 3-3.21 3-5.5A5.5 5.5 0 0 0 16.5 3c-1.76 0-3 .5-4.5 2-1.5-1.5-2.74-2-4.5-2A5.5 5.5 0 0 0 2 8.5c0 2.3 1.5 4.05 3 5.5l7 7Z"[31m
              [36m/>[31m
            [36m</svg>[31m
          [36m</span>[31m
          [36m<span[31m
            [33mclass[31m=[32m"text-xl sm:text-2xl transition-all duration-300 text-[#1e1e2e]"[31m
            [33mstyle[31m=[32m"opacity: 1; transform: none;"[31m
          [36m>[31m
            [36m<svg[31m
              [33mclass[31m=[32m"fill-[#1e1e2e]"[31m
              [33mfill[31m=[32m"none"[31m
              [33mheight[31m=[32m"1em"[31m
              [33mstroke[31m=[32m"currentColor"[31m
              [33mstroke-linecap[31m=[32m"round"[31m
              [33mstroke-linejoin[31m=[32m"round"[31m
              [33mstroke-width[31m=[32m"2"[31m
              [33mviewBox[31m=[32m"0 0 24 24"[31m
              [33mwidth[31m=[32m"1em"[31m
              [33mxmlns[31m=[32m"http://www.w3.org/2000/svg"[31m
            [36m>[31m
              [36m<path[31m
                [33md[31m=[32m"M19 14c1.49-1.46 3-3.21 3-5.5A5.5 5.5 0 0 0 16.5 3c-1.76 0-3 .5-4.5 2-1.5-1.5-2.74-2-4.5-2A5.5 5.5 0 0 0 2 8.5c0 2.3 1.5 4.05 3 5.5l7 7Z"[31m
              [36m/>[31m
            [36m</svg>[31m
          [36m</span>[31m
        [36m</div>[31m
        [36m<div[31m
          [33mclass[31m=[32m"flex items-center gap-4"[31m
        [36m>[31m
          ...

Ignored nodes: comments, script, style
[36m<html>[31m
  [36m<head />[31m
  [36m<body>[31m
    [36m<div>[31m
      [36m<div[31m
        [33mclass[31m=[32m"h-screen bg-[#06060a] flex flex-col overflow-hidden"[31m
      [36m>[31m
        [36m<div[31m
          [33mclass[31m=[32m"flex justify-between items-center w-full h-12 md:h-14 bg-[#06060a] border-b border-[#1e1e2e] text-slate-200 px-3 md:px-6 py-1 shrink-0 z-20 font-inter"[31m
        [36m>[31m
          [36m<div[31m
            [33mclass[31m=[32m"flex items-center gap-4"[31m
          [36m>[31m
            [36m<a[31m
              [33mclass[31m=[32m"flex items-center justify-center w-8 h-8 md:w-9 md:h-9 rounded-lg bg-[#0d0d12] border border-[#2a2a3c] text-slate-400 hover:text-white hover:border-purple-500/50 hover:bg-purple-500/10 transition-all duration-300"[31m
              [33mdata-discover[31m=[32m"true"[31m
              [33mhref[31m=[32m"/Main"[31m
            [36m>[31m
              [36m<svg[31m
                [33mclass[31m=[32m"text-xl"[31m
                [33mfill[31m=[32m"currentColor"[31m
                [33mheight[31m=[32m"1em"[31m
                [33mstroke[31m=[32m"currentColor"[31m
                [33mstroke-width[31m=[32m"0"[31m
                [33mviewBox[31m=[32m"0 0 24 24"[31m
                [33mwidth[31m=[32m"1em"[31m
                [33mxmlns[31m=[32m"http://www.w3.org/2000/svg"[31m
              [36m>[31m
                [36m<path[31m
                  [33md[31m=[32m"M0 0h24v24H0z"[31m
                  [33mfill[31m=[32m"none"[31m
                [36m/>[31m
                [36m<path[31m
                  [33md[31m=[32m"M17.77 3.77 16 2 6 12l10 10 1.77-1.77L9.54 12z"[31m
                [36m/>[31m
              [36m</svg>[31m
            [36m</a>[31m
            [36m<h1[31m
              [33mclass[31m=[32m"text-lg sm:text-xl font-exo font-bold tracking-tight hidden sm:flex items-center gap-2"[31m
            [36m>[31m
              [36m<span[31m
                [33mclass[31m=[32m"text-white"[31m
              [36m>[31m
                [0mDevLab[0m
              [36m</span>[31m
            [36m</h1>[31m
            [36m<button[31m
              [33mclass[31m=[32m"flex items-center justify-center w-8 h-8 rounded-lg bg-blue-500/10 border border-blue-500/20 text-blue-400 hover:bg-blue-500/20 hover:text-blue-300 transition-all duration-300"[31m
              [33mtitle[31m=[32m"Show Instructions"[31m
            [36m>[31m
              [36m<svg[31m
                [33mclass[31m=[32m"text-xl"[31m
                [33mfill[31m=[32m"currentColor"[31m
                [33mheight[31m=[32m"1em"[31m
                [33mstroke[31m=[32m"currentColor"[31m
                [33mstroke-width[31m=[32m"0"[31m
                [33mviewBox[31m=[32m"0 0 24 24"[31m
                [33mwidth[31m=[32m"1em"[31m
                [33mxmlns[31m=[32m"http://www.w3.org/2000/svg"[31m
              [36m>[31m
                [36m<path[31m
                  [33md[31m=[32m"M0 0h24v24H0V0z"[31m
                  [33mfill[31m=[32m"none"[31m
                [36m/>[31m
                [36m<path[31m
                  [33md[31m=[32m"M11 7h2v2h-2V7zm0 4h2v6h-2v-6zm1-9C6.48 2 2 6.48 2 12s4.48 10 10 10 10-4.48 10-10S17.52 2 12 2zm0 18c-4.41 0-8-3.59-8-8s3.59-8 8-8 8 3.59 8 8-3.59 8-8 8z"[31m
                [36m/>[31m
              [36m</svg>[31m
            [36m</button>[31m
          [36m</div>[31m
          [36m<div[31m
            [33mclass[31m=[32m"flex gap-1 items-center justify-center bg-[#0d0d12] border border-[#2a2a3c] px-3 py-1.5 rounded-lg"[31m
          [36m>[31m
            [36m<span[31m
              [33mclass[31m=[32m"text-xl sm:text-2xl transition-all duration-300 text-red-500"[31m
              [33mstyle[31m=[32m"opacity: 1; transform: none;"[31m
            [36m>[31m
              [36m<svg[31m
                [33mclass[31m=[32m"fill-red-500"[31m
                [33mfill[31m=[32m"none"[31m
                [33mheight[31m=[32m"1em"[31m
                [33mstroke[31m=[32m"currentColor"[31m
                [33mstroke-linecap[31m=[32m"round"[31m
                [33mstroke-linejoin[31m=[32m"round"[31m
                [33mstroke-width[31m=[32m"2"[31m
                [33mviewBox[31m=[32m"0 0 24 24"[31m
                [33mwidth[31m=[32m"1em"[31m
                [33mxmlns[31m=[32m"http://www.w3.org/2000/svg"[31m
              [36m>[31m
                [36m<path[31m
                  [33md[31m=[32m"M19 14c1.49-1.46 3-3.21 3-5.5A5.5 5.5 0 0 0 16.5 3c-1.76 0-3 .5-4.5 2-1.5-1.5-2.74-2-4.5-2A5.5 5.5 0 0 0 2 8.5c0 2.3 1.5 4.05 3 5.5l7 7Z"[31m
                [36m/>[31m
              [36m</svg>[31m
            [36m</span>[31m
            [36m<span[31m
              [33mclass[31m=[32m"text-xl sm:text-2xl transition-all duration-300 text-red-500"[31m
              [33mstyle[31m=[32m"opacity: 1; transform: none;"[31m
            [36m>[31m
              [36m<svg[31m
                [33mclass[31m=[32m"fill-red-500"[31m
                [33mfill[31m=[32m"none"[31m
                [33mheight[31m=[32m"1em"[31m
                [33mstroke[31m=[32m"currentColor"[31m
                [33mstroke-linecap[31m=[32m"round"[31m
                [33mstroke-linejoin[31m=[32m"round"[31m
                [33mstroke-width[31m=[32m"2"[31m
                [33mviewBox[31m=[32m"0 0 24 24"[31m
                [33mwidth[31m=[32m"1em"[31m
                [33mxmlns[31m=[32m"http://www.w3.org/2000/svg"[31m
              [36m>[31m
                [36m<path[31m
                  [33md[31m=[32m"M19 14c1.49-1.46 3-3.21 3-5.5A5.5 5.5 0 0 0 16.5 3c-1.76 0-3 .5-4.5 2-1.5-1.5-2.74-2-4.5-2A5.5 5.5 0 0 0 2 8.5c0 2.3 1.5 4.05 3 5.5l7 7Z"[31m
                [36m/>[31m
              [36m</svg>[31m
            [36m</span>[31m
            [36m<span[31m
              [33mclass[31m=[32m"text-xl sm:text-2xl transition-all duration-300 text-[#1e1e2e]"[31m
              [33mstyle[31m=[32m"opacity: 1; transform: none;"[31m
            [36m>[31m
              [36m<svg[31m
                [33mclass[31m=[32m"fill-[#1e1e2e]"[31m
                [33mfill[31m=[32m"none"[31m
                [33mheight[31m=[32m"1em"[31m
                [33mstroke[31m=[32m"currentColor"[31m
                [33mstroke-linecap[31m=[32m"round"[31m
                [33mstroke-linejoin[31m=[32m"round"[31m
                [33mstroke-width[31m=[32m"2"[31m
                [33mviewBox[31m=[32m"0 0 24 24"[31m
                [33mwidth[31m=[32m"1em"[31m
                [33mxmlns[31m=[32m"http://www.w3.org/2000/svg"[31m
              [36m>[31m
                [36m<path[31m
                  [33md[31m=[32m"M19 14c1.49-1.46 3-3.21 3-5.5A5.5 5.5 0 0 0 16.5 3c-1.76 0-3 .5-4.5...[39m
[31m   [31m├ù[31m Gamemodes E2E Tests[2m > [22mTest 4: Heart depletion game over (heart drops to 0, renders GameOver popup, exits to first lesson, resets hearts)[33m 1005[2mms[22m[31m[39m
[31m     ÔåÆ Unable to find an element with the text: Start Challenge. This could be because the text is broken up by multiple elements. In this case, you can provide a function for your text matcher to make your matcher more flexible.

Ignored nodes: comments, script, style
[36m<body>[31m
  [36m<div />[31m
[36m</body>[31m

Ignored nodes: comments, script, style
[36m<html>[31m
  [36m<head />[31m
  [36m<body>[31m
    [36m<div />[31m
  [36m</body>[31m
[36m</html>[31m...[39m
[90mstdout[2m | tests/e2e/achievements.test.tsx[2m > [22m[2mAchievements E2E Tests[2m > [22m[2mTest 5: Full onboarding journey (login -> complete stage -> level complete popup -> unlock achievement toast -> click Achievements page -> claim reward -> coins update)
[22m[39m[App] Logged in successfully with uid: user_ach

[90mstderr[2m | tests/e2e/achievements.test.tsx[2m > [22m[2mAchievements E2E Tests[2m > [22m[2mTest 5: Full 
onboarding journey (login -> complete stage -> level complete popup -> unlock achievement toast -> click Achievements 
page -> claim reward -> coins update)
[22m[39mAn update to App inside a test was not wrapped in act(...).

When testing, code that causes React state updates should be wrapped into act(...):

act(() => {
  /* fire events that update state */
});
/* assert on the output */

This ensures that you're testing the behavior the user would see in the browser. Learn more at 
https://react.dev/link/wrap-tests-with-act
An update to App inside a test was not wrapped in act(...).

When testing, code that causes React state updates should be wrapped into act(...):

act(() => {
  /* fire events that update state */
});
/* assert on the output */

This ensures that you're testing the behavior the user would see in the browser. Learn more at 
https://react.dev/link/wrap-tests-with-act
An update to App inside a test was not wrapped in act(...).

When testing, code that causes React state updates should be wrapped into act(...):

act(() => {
  /* fire events that update state */
});
/* assert on the output */

This ensures that you're testing the behavior the user would see in the browser. Learn more at 
https://react.dev/link/wrap-tests-with-act

 [31mÔØ»[39m [34m|e2e|[39m tests/e2e/achievements.test.tsx [2m([22m[2m5 tests[22m[2m | [22m[31m5 failed[39m[2m)[22m[33m 4089[2mms[22m[39m
[31m   [31m├ù[31m Achievements E2E Tests[2m > [22mTest 1: Unlocked achievement lists showing Claim Reward buttons, locked achievements show lock icon and disabled buttons[33m 1044[2mms[22m[31m[39m
[31m     ÔåÆ Found multiple elements with the text: First Steps

Here are the matching elements:

Ignored nodes: comments, script, style
[36m<h3[31m
  [33mclass[31m=[32m"font-exo font-bold text-lg mb-2 tracking-tight text-white"[31m
[36m>[31m
  [0mFirst Steps[0m
[36m</h3>[31m

Ignored nodes: comments, script, style
[36m<h3[31m
  [33mclass[31m=[32m"font-exo font-bold text-lg mb-2 tracking-tight text-white"[31m
[36m>[31m
  [0mFirst Steps[0m
[36m</h3>[31m

Ignored nodes: comments, script, style
[36m<h3[31m
  [33mclass[31m=[32m"font-exo font-bold text-lg mb-2 tracking-tight text-white"[31m
[36m>[31m
  [0mFirst Steps[0m
[36m</h3>[31m

Ignored nodes: comments, script, style
[36m<h3[31m
  [33mclass[31m=[32m"font-exo font-bold text-lg mb-2 tracking-tight text-white"[31m
[36m>[31m
  [0mFirst Steps[0m
[36m</h3>[31m

(If this is intentional, then use the `*AllBy*` variant of the query (like `queryAllByText`, `getAllByText`, or `findAllByText`)).

Ignored nodes: comments, script, style
[36m<body>[31m
  [36m<div>[31m
    [36m<div[31m
      [33mclass[31m=[32m"flex flex-col lg:flex-row bg-[#06060a] w-screen h-screen p-2 sm:p-4 gap-4 overflow-hidden relative selection:bg-purple-500/30"[31m
    [36m>[31m
      [36m<div[31m
        [33mclass[31m=[32m"absolute inset-0 bg-[linear-gradient(to_right,#80808012_1px,transparent_1px),linear-gradient(to_bottom,#80808012_1px,transparent_1px)] bg-[size:24px_24px] pointer-events-none"[31m
      [36m/>[31m
      [36m<div[31m
        [33mclass[31m=[32m"absolute inset-0 bg-gradient-to-br from-purple-900/10 via-transparent to-indigo-900/10 pointer-events-none"[31m
      [36m/>[31m
      [36m<div[31m
        [33mclass[31m=[32m"relative z-10 shrink-0"[31m
      [36m>[31m
        [36m<div[31m
          [33mclass[31m=[32m"fixed top-4 left-4 z-50 xl:hidden"[31m
        [36m>[31m
          [36m<button[31m
            [33mclass[31m=[32m"bg-[#9333EA] text-white p-2 rounded-lg shadow-md"[31m
          [36m>[31m
            [36m<svg[31m
              [33mfill[31m=[32m"currentColor"[31m
              [33mheight[31m=[32m"24"[31m
              [33mstroke[31m=[32m"currentColor"[31m
              [33mstroke-width[31m=[32m"0"[31m
              [33mviewBox[31m=[32m"0 0 512 512"[31m
              [33mwidth[31m=[32m"24"[31m
              [33mxmlns[31m=[32m"http://www.w3.org/2000/svg"[31m
            [36m>[31m
              [36m<path[31m
                [33md[31m=[32m"M160 389a20.91 20.91 0 0 1-13.82-5.2l-128-112a21 21 0 0 1 0-31.6l128-112a21 21 0 0 1 27.66 31.61L63.89 256l109.94 96.19A21 21 0 0 1 160 389zm192 0a21 21 0 0 1-13.84-36.81L448.11 256l-109.94-96.19a21 21 0 0 1 27.66-31.61l128 112a21 21 0 0 1 0 31.6l-128 112A20.89 20.89 0 0 1 352 389z"[31m
              [36m/>[31m
            [36m</svg>[31m
          [36m</button>[31m
        [36m</div>[31m
        [36m<div[31m
          [33mclass[31m=[32m"
          flex flex-col p-3 items-center text-white h-screen overflow-y-auto scrollbar-custom transition-all duration-300
          fixed top-0 left-0 z-40
          -translate-x-full
          lg:-translate-x-full 
          false
          xl:w-75
          xl:relative xl:translate-x-0
          
        "[31m
        [36m>[31m
          [36m<div[31m
            [33mclass[31m=[32m"hidden xl:flex justify-end mb-4 self-end"[31m
          [36m>[31m
            [36m<button[31m
              [33mclass[31m=[32m"bg-[#9333EA] text-white p-2 rounded-full hover:bg-[#7b22c5] transition duration-200 cursor-pointer"[31m
            [36m>[31m
              [36m<svg[31m
                [33mfill[31m=[32m"currentColor"[31m
                [33mheight[31m=[32m"1em"[31m
                [33mstroke[31m=[32m"currentColor"[31m
                [33mstroke-width[31m=[32m"0"[31m
                [33mviewBox[31m=[32m"0 0 512 512"[31m
                [33mwidth[31m=[32m"1em"[31m
                [33mxmlns[31m=[32m"http://www.w3.org/2000/svg"[31m
              [36m>[31m
                [36m<path[31m
                  [33md[31m=[32m"M160 389a20.91 20.91 0 0 1-13.82-5.2l-128-112a21 21 0 0 1 0-31.6l128-112a21 21 0 0 1 27.66 31.61L63.89 256l109.94 96.19A21 21 0 0 1 160 389zm192 0a21 21 0 0 1-13.84-36.81L448.11 256l-109.94-96.19a21 21 0 0 1 27.66-31.61l128 112a21 21 0 0 1 0 31.6l-128 112A20.89 20.89 0 0 1 352 389z"[31m
                [36m/>[31m
              [36m</svg>[31m
            [36m</button>[31m
          [36m</div>[31m
          [36m<div[31m
            [33mclass[31m=[32m"p-5"[31m
          [36m>[31m
            [36m<h1[31m
              [33mclass[31m=[32m"font-exo font-bold text-5xl"[31m
            [36m>[31m
              [0mDevLab[0m
            [36m</h1>[31m
          [36m</div>[31m
          [36m<div[31m
            [33mclass[31m=[32m"flex-1 flex flex-col gap-5 w-full"[31m
          [36m>[31m
            [36m<div>[31m
              [36m<div>[31m
                [36m<a[31m
                  [33maria-current[31m=[32m"page"[31m
                  [33mclass[31m=[32m"flex items-center gap-3 font-inter text-[1.2rem] relative rounded px-5 p-3  overflow-hidden group hover:bg-[#9333EA] transition-all ease-out duration-300 NavBarText-laptop active"[31m
                  [33mdata-discover[31m=[32m"true"[31m
                  [33mhref[31m=[32m"/Main"[31m
                [36m>[31m
                  [36m<span[31m
                    [33mclass[31m=[32m"text-xl"[31m
                  [36m>[31m
                    [36m<svg[31m
                      [33mfill[31m=[32m"currentColor"[31m
                      [33mheight[31m=[32m"24"[31m
                      [33mstroke[31m=[32m"currentColor"[31m
                      [33mstroke-width[31m=[32m"0"[31m
                      [33mviewBox[31m=[32m"0 0 512 512"[31m
                      [33mwidth[31m=[32m"24"[31m
                      [33mxmlns[31m=[32m"http://www.w3.org/2000/svg"[31m
                    [36m>[31m
                      [36m<rect[31m
                        [33mfill[31m=[32m"none"[31m
                        [33mheight[31m=[32m"176"[31m
                        [33mrx[31m=[32m"20"[31m
                        [33mry[31m=[32m"20"[31m
                        [33mstroke-linecap[31m=[32m"round"[31m
                        [33mstroke-linejoin[31m=[32m"round"[31m
                        [33mstroke-width[31m=[32m"32"[31m
                        [33mwidth[31m=[32m"176"[31m
                        [33mx[31m=[32m"48"[31m
                        [33my[31m=[32m"48"[31m
                      [36m/>[31m
                      [36m<rect[31m
                        [33mfill[31m=[32m"none"[31m
                        [33mheight[31m=[32m"176"[31m
                        [33mrx[31m=[32m"20"[31m
                        [33mry[31m=[32m"20"[31m
                        [33mstroke-linecap[31m=[32m"round"[31m
                        [33mstroke-linejoin[31m=[32m"round"[31m
                        [33mstroke-width[31m=[32m"32"[31m
                        [33mwidth[31m=[32m"176"[31m
                        [33mx[31m=[32m"288"[31m
                        [33my[31m=[32m"48"[31m
                      [36m/>[31m
                      [36m<rect[31m
                        [33mfill[31m=[32m"none"[31m
                        [33mheight[31m=[32m"176"[31m
                        [33mrx[31m=[32m"20"[31m
                        [33mry[31m=[32m"20"[31m
                        [33mstroke-linecap[31m=[32m"round"[31m
                        [33mstroke-linejoin[31m=[32m"round"[31m
                        [33mstroke-width[31m=[32m"32"[31m
                        [33mwidth[31m=[32m"176"[31m
                        [33mx[31m=[32m"48"[31m
                        [33my[31m=[32m"288"[31m
        ...

Ignored nodes: comments, script, style
[36m<html>[31m
  [36m<head />[31m
  [36m<body>[31m
    [36m<div>[31m
      [36m<div[31m
        [33mclass[31m=[32m"flex flex-col lg:flex-row bg-[#06060a] w-screen h-screen p-2 sm:p-4 gap-4 overflow-hidden relative selection:bg-purple-500/30"[31m
      [36m>[31m
        [36m<div[31m
          [33mclass[31m=[32m"absolute inset-0 bg-[linear-gradient(to_right,#80808012_1px,transparent_1px),linear-gradient(to_bottom,#80808012_1px,transparent_1px)] bg-[size:24px_24px] pointer-events-none"[31m
        [36m/>[31m
        [36m<div[31m
          [33mclass[31m=[32m"absolute inset-0 bg-gradient-to-br from-purple-900/10 via-transparent to-indigo-900/10 pointer-events-none"[31m
        [36m/>[31m
        [36m<div[31m
          [33mclass[31m=[32m"relative z-10 shrink-0"[31m
        [36m>[31m
          [36m<div[31m
            [33mclass[31m=[32m"fixed top-4 left-4 z-50 xl:hidden"[31m
          [36m>[31m
            [36m<button[31m
              [33mclass[31m=[32m"bg-[#9333EA] text-white p-2 rounded-lg shadow-md"[31m
            [36m>[31m
              [36m<svg[31m
                [33mfill[31m=[32m"currentColor"[31m
                [33mheight[31m=[32m"24"[31m
                [33mstroke[31m=[32m"currentColor"[31m
                [33mstroke-width[31m=[32m"0"[31m
                [33mviewBox[31m=[32m"0 0 512 512"[31m
                [33mwidth[31m=[32m"24"[31m
                [33mxmlns[31m=[32m"http://www.w3.org/2000/svg"[31m
              [36m>[31m
                [36m<path[31m
                  [33md[31m=[32m"M160 389a20.91 20.91 0 0 1-13.82-5.2l-128-112a21 21 0 0 1 0-31.6l128-112a21 21 0 0 1 27.66 31.61L63.89 256l109.94 96.19A21 21 0 0 1 160 389zm192 0a21 21 0 0 1-13.84-36.81L448.11 256l-109.94-96.19a21 21 0 0 1 27.66-31.61l128 112a21 21 0 0 1 0 31.6l-128 112A20.89 20.89 0 0 1 352 389z"[31m
                [36m/>[31m
              [36m</svg>[31m
            [36m</button>[31m
          [36m</div>[31m
          [36m<div[31m
            [33mclass[31m=[32m"
          flex flex-col p-3 items-center text-white h-screen overflow-y-auto scrollbar-custom transition-all duration-300
          fixed top-0 left-0 z-40
          -translate-x-full
          lg:-translate-x-full 
          false
          xl:w-75
          xl:relative xl:translate-x-0
          
        "[31m
          [36m>[31m
            [36m<div[31m
              [33mclass[31m=[32m"hidden xl:flex justify-end mb-4 self-end"[31m
            [36m>[31m
              [36m<button[31m
                [33mclass[31m=[32m"bg-[#9333EA] text-white p-2 rounded-full hover:bg-[#7b22c5] transition duration-200 cursor-pointer"[31m
              [36m>[31m
                [36m<svg[31m
                  [33mfill[31m=[32m"currentColor"[31m
                  [33mheight[31m=[32m"1em"[31m
                  [33mstroke[31m=[32m"currentColor"[31m
                  [33mstroke-width[31m=[32m"0"[31m
                  [33mviewBox[31m=[32m"0 0 512 512"[31m
                  [33mwidth[31m=[32m"1em"[31m
                  [33mxmlns[31m=[32m"http://www.w3.org/2000/svg"[31m
                [36m>[31m
                  [36m<path[31m
                    [33md[31m=[32m"M160 389a20.91 20.91 0 0 1-13.82-5.2l-128-112a21 21 0 0 1 0-31.6l128-112a21 21 0 0 1 27.66 31.61L63.89 256l109.94 96.19A21 21 0 0 1 160 389zm192 0a21 21 0 0 1-13.84-36.81L448.11 256l-109.94-96.19a21 21 0 0 1 27.66-31.61l128 112a21 21 0 0 1 0 31.6l-128 112A20.89 20.89 0 0 1 352 389z"[31m
                  [36m/>[31m
                [36m</svg>[31m
              [36m</button>[31m
            [36m</div>[31m
            [36m<div[31m
              [33mclass[31m=[32m"p-5"[31m
            [36m>[31m
              [36m<h1[31m
                [33mclass[31m=[32m"font-exo font-bold text-5xl"[31m
              [36m>[31m
                [0mDevLab[0m
              [36m</h1>[31m
            [36m</div>[31m
            [36m<div[31m
              [33mclass[31m=[32m"flex-1 flex flex-col gap-5 w-full"[31m
            [36m>[31m
              [36m<div>[31m
                [36m<div>[31m
                  [36m<a[31m
                    [33maria-current[31m=[32m"page"[31m
                    [33mclass[31m=[32m"flex items-center gap-3 font-inter text-[1.2rem] relative rounded px-5 p-3  overflow-hidden group hover:bg-[#9333EA] transition-all ease-out duration-300 NavBarText-laptop active"[31m
                    [33mdata-discover[31m=[32m"true"[31m
                    [33mhref[31m=[32m"/Main"[31m
                  [36m>[31m
                    [36m<span[31m
                      [33mclass[31m=[32m"text-xl"[31m
                    [36m>[31m
                      [36m<svg[31m
                        [33mfill[31m=[32m"currentColor"[31m
                        [33mheight[31m=[32m"24"[31m
                        [33mstroke[31m=[32m"currentColor"[31m
                        [33mstroke-width[31m=[32m"0"[31m
                        [33mviewBox[31m=[32m"0 0 512 512"[31m
                        [33mwidth[31m=[32m"24"[31m
                        [33mxmlns[31m=[32m"http://www.w3.org/2000/svg"[31m
                      [36m>[31m
                        [36m<rect[31m
                          [33mfill[31m=[32m"none"[31m
                          [33mheight[31m=[32m"176"[31m
                          [33mrx[31m=[32m"20"[31m
                          [33mry[31m=[32m"20"[31m
                          [33mstroke-linecap[31m=[32m"round"[31m
                          [33mstroke-linejoin[31m=[32m"round"[31m
                          [33mstroke-width[31m=[32m"32"[31m
                          [33mwidth[31m=[32m"176"[31m
                          [33mx[31m=[32m"48"[31m
                          [33my[31m=[32m"48"[31m
                        [36m/>[31m
                        [36m<rect[31m
                          [33mfill[31m=[32m"none"[31m
                          [33mheight[31m=[32m"176"[31m
                          [33mrx[31m=[32m"20"[31m
                          [33mry[31m=[32m"20"[31m
                          [33mstroke-linecap[31m=[32m"round"[31m
                          [33mstroke-linejoin[31m=[32m"round"[31m
                          [33mstroke-width[31m=[32m"32"[31m
                          [33mwidth[31m=[32m"176"[31m
                          [33mx[31m=[32m"288"[31m
                          [33my[31m=[32m"48"[31m
                        [36m/>[31m
                        [36m<rect[31m
                          [33mfill[31m=[32m"none"[31m
                          [33mheight[31m=[32m"176"[31m
                          [33mrx[31m=[32m"20"[31m
                          [33mry[31m=[32m"20"[31m
                          [33mstroke-linecap[31m=[32m"round"[31m
                 ...[39m
[31m   [31m├ù[31m Achievements E2E Tests[2m > [22mTest 2: Clicking Claim Reward triggers database state change, success toast with coins/XP values, transitions text to Claimed[33m 1022[2mms[22m[31m[39m
[31m     ÔåÆ Found multiple elements with the text: First Steps

Here are the matching elements:

Ignored nodes: comments, script, style
[36m<h3[31m
  [33mclass[31m=[32m"font-exo font-bold text-lg mb-2 tracking-tight text-white"[31m
[36m>[31m
  [0mFirst Steps[0m
[36m</h3>[31m

Ignored nodes: comments, script, style
[36m<h3[31m
  [33mclass[31m=[32m"font-exo font-bold text-lg mb-2 tracking-tight text-white"[31m
[36m>[31m
  [0mFirst Steps[0m
[36m</h3>[31m

Ignored nodes: comments, script, style
[36m<h3[31m
  [33mclass[31m=[32m"font-exo font-bold text-lg mb-2 tracking-tight text-white"[31m
[36m>[31m
  [0mFirst Steps[0m
[36m</h3>[31m

Ignored nodes: comments, script, style
[36m<h3[31m
  [33mclass[31m=[32m"font-exo font-bold text-lg mb-2 tracking-tight text-white"[31m
[36m>[31m
  [0mFirst Steps[0m
[36m</h3>[31m

(If this is intentional, then use the `*AllBy*` variant of the query (like `queryAllByText`, `getAllByText`, or `findAllByText`)).

Ignored nodes: comments, script, style
[36m<body>[31m
  [36m<div>[31m
    [36m<div[31m
      [33mclass[31m=[32m"flex flex-col lg:flex-row bg-[#06060a] w-screen h-screen p-2 sm:p-4 gap-4 overflow-hidden relative selection:bg-purple-500/30"[31m
    [36m>[31m
      [36m<div[31m
        [33mclass[31m=[32m"absolute inset-0 bg-[linear-gradient(to_right,#80808012_1px,transparent_1px),linear-gradient(to_bottom,#80808012_1px,transparent_1px)] bg-[size:24px_24px] pointer-events-none"[31m
      [36m/>[31m
      [36m<div[31m
        [33mclass[31m=[32m"absolute inset-0 bg-gradient-to-br from-purple-900/10 via-transparent to-indigo-900/10 pointer-events-none"[31m
      [36m/>[31m
      [36m<div[31m
        [33mclass[31m=[32m"relative z-10 shrink-0"[31m
      [36m>[31m
        [36m<div[31m
          [33mclass[31m=[32m"fixed top-4 left-4 z-50 xl:hidden"[31m
        [36m>[31m
          [36m<button[31m
            [33mclass[31m=[32m"bg-[#9333EA] text-white p-2 rounded-lg shadow-md"[31m
          [36m>[31m
            [36m<svg[31m
              [33mfill[31m=[32m"currentColor"[31m
              [33mheight[31m=[32m"24"[31m
              [33mstroke[31m=[32m"currentColor"[31m
              [33mstroke-width[31m=[32m"0"[31m
              [33mviewBox[31m=[32m"0 0 512 512"[31m
              [33mwidth[31m=[32m"24"[31m
              [33mxmlns[31m=[32m"http://www.w3.org/2000/svg"[31m
            [36m>[31m
              [36m<path[31m
                [33md[31m=[32m"M160 389a20.91 20.91 0 0 1-13.82-5.2l-128-112a21 21 0 0 1 0-31.6l128-112a21 21 0 0 1 27.66 31.61L63.89 256l109.94 96.19A21 21 0 0 1 160 389zm192 0a21 21 0 0 1-13.84-36.81L448.11 256l-109.94-96.19a21 21 0 0 1 27.66-31.61l128 112a21 21 0 0 1 0 31.6l-128 112A20.89 20.89 0 0 1 352 389z"[31m
              [36m/>[31m
            [36m</svg>[31m
          [36m</button>[31m
        [36m</div>[31m
        [36m<div[31m
          [33mclass[31m=[32m"
          flex flex-col p-3 items-center text-white h-screen overflow-y-auto scrollbar-custom transition-all duration-300
          fixed top-0 left-0 z-40
          -translate-x-full
          lg:-translate-x-full 
          false
          xl:w-75
          xl:relative xl:translate-x-0
          
        "[31m
        [36m>[31m
          [36m<div[31m
            [33mclass[31m=[32m"hidden xl:flex justify-end mb-4 self-end"[31m
          [36m>[31m
            [36m<button[31m
              [33mclass[31m=[32m"bg-[#9333EA] text-white p-2 rounded-full hover:bg-[#7b22c5] transition duration-200 cursor-pointer"[31m
            [36m>[31m
              [36m<svg[31m
                [33mfill[31m=[32m"currentColor"[31m
                [33mheight[31m=[32m"1em"[31m
                [33mstroke[31m=[32m"currentColor"[31m
                [33mstroke-width[31m=[32m"0"[31m
                [33mviewBox[31m=[32m"0 0 512 512"[31m
                [33mwidth[31m=[32m"1em"[31m
                [33mxmlns[31m=[32m"http://www.w3.org/2000/svg"[31m
              [36m>[31m
                [36m<path[31m
                  [33md[31m=[32m"M160 389a20.91 20.91 0 0 1-13.82-5.2l-128-112a21 21 0 0 1 0-31.6l128-112a21 21 0 0 1 27.66 31.61L63.89 256l109.94 96.19A21 21 0 0 1 160 389zm192 0a21 21 0 0 1-13.84-36.81L448.11 256l-109.94-96.19a21 21 0 0 1 27.66-31.61l128 112a21 21 0 0 1 0 31.6l-128 112A20.89 20.89 0 0 1 352 389z"[31m
                [36m/>[31m
              [36m</svg>[31m
            [36m</button>[31m
          [36m</div>[31m
          [36m<div[31m
            [33mclass[31m=[32m"p-5"[31m
          [36m>[31m
            [36m<h1[31m
              [33mclass[31m=[32m"font-exo font-bold text-5xl"[31m
            [36m>[31m
              [0mDevLab[0m
            [36m</h1>[31m
          [36m</div>[31m
          [36m<div[31m
            [33mclass[31m=[32m"flex-1 flex flex-col gap-5 w-full"[31m
          [36m>[31m
            [36m<div>[31m
              [36m<div>[31m
                [36m<a[31m
                  [33maria-current[31m=[32m"page"[31m
                  [33mclass[31m=[32m"flex items-center gap-3 font-inter text-[1.2rem] relative rounded px-5 p-3  overflow-hidden group hover:bg-[#9333EA] transition-all ease-out duration-300 NavBarText-laptop active"[31m
                  [33mdata-discover[31m=[32m"true"[31m
                  [33mhref[31m=[32m"/Main"[31m
                [36m>[31m
                  [36m<span[31m
                    [33mclass[31m=[32m"text-xl"[31m
                  [36m>[31m
                    [36m<svg[31m
                      [33mfill[31m=[32m"currentColor"[31m
                      [33mheight[31m=[32m"24"[31m
                      [33mstroke[31m=[32m"currentColor"[31m
                      [33mstroke-width[31m=[32m"0"[31m
                      [33mviewBox[31m=[32m"0 0 512 512"[31m
                      [33mwidth[31m=[32m"24"[31m
                      [33mxmlns[31m=[32m"http://www.w3.org/2000/svg"[31m
                    [36m>[31m
                      [36m<rect[31m
                        [33mfill[31m=[32m"none"[31m
                        [33mheight[31m=[32m"176"[31m
                        [33mrx[31m=[32m"20"[31m
                        [33mry[31m=[32m"20"[31m
                        [33mstroke-linecap[31m=[32m"round"[31m
                        [33mstroke-linejoin[31m=[32m"round"[31m
                        [33mstroke-width[31m=[32m"32"[31m
                        [33mwidth[31m=[32m"176"[31m
                        [33mx[31m=[32m"48"[31m
                        [33my[31m=[32m"48"[31m
                      [36m/>[31m
                      [36m<rect[31m
                        [33mfill[31m=[32m"none"[31m
                        [33mheight[31m=[32m"176"[31m
                        [33mrx[31m=[32m"20"[31m
                        [33mry[31m=[32m"20"[31m
                        [33mstroke-linecap[31m=[32m"round"[31m
                        [33mstroke-linejoin[31m=[32m"round"[31m
                        [33mstroke-width[31m=[32m"32"[31m
                        [33mwidth[31m=[32m"176"[31m
                        [33mx[31m=[32m"288"[31m
                        [33my[31m=[32m"48"[31m
                      [36m/>[31m
                      [36m<rect[31m
                        [33mfill[31m=[32m"none"[31m
                        [33mheight[31m=[32m"176"[31m
                        [33mrx[31m=[32m"20"[31m
                        [33mry[31m=[32m"20"[31m
                        [33mstroke-linecap[31m=[32m"round"[31m
                        [33mstroke-linejoin[31m=[32m"round"[31m
                        [33mstroke-width[31m=[32m"32"[31m
                        [33mwidth[31m=[32m"176"[31m
                        [33mx[31m=[32m"48"[31m
                        [33my[31m=[32m"288"[31m
        ...

Ignored nodes: comments, script, style
[36m<html>[31m
  [36m<head />[31m
  [36m<body>[31m
    [36m<div>[31m
      [36m<div[31m
        [33mclass[31m=[32m"flex flex-col lg:flex-row bg-[#06060a] w-screen h-screen p-2 sm:p-4 gap-4 overflow-hidden relative selection:bg-purple-500/30"[31m
      [36m>[31m
        [36m<div[31m
          [33mclass[31m=[32m"absolute inset-0 bg-[linear-gradient(to_right,#80808012_1px,transparent_1px),linear-gradient(to_bottom,#80808012_1px,transparent_1px)] bg-[size:24px_24px] pointer-events-none"[31m
        [36m/>[31m
        [36m<div[31m
          [33mclass[31m=[32m"absolute inset-0 bg-gradient-to-br from-purple-900/10 via-transparent to-indigo-900/10 pointer-events-none"[31m
        [36m/>[31m
        [36m<div[31m
          [33mclass[31m=[32m"relative z-10 shrink-0"[31m
        [36m>[31m
          [36m<div[31m
            [33mclass[31m=[32m"fixed top-4 left-4 z-50 xl:hidden"[31m
          [36m>[31m
            [36m<button[31m
              [33mclass[31m=[32m"bg-[#9333EA] text-white p-2 rounded-lg shadow-md"[31m
            [36m>[31m
              [36m<svg[31m
                [33mfill[31m=[32m"currentColor"[31m
                [33mheight[31m=[32m"24"[31m
                [33mstroke[31m=[32m"currentColor"[31m
                [33mstroke-width[31m=[32m"0"[31m
                [33mviewBox[31m=[32m"0 0 512 512"[31m
                [33mwidth[31m=[32m"24"[31m
                [33mxmlns[31m=[32m"http://www.w3.org/2000/svg"[31m
              [36m>[31m
                [36m<path[31m
                  [33md[31m=[32m"M160 389a20.91 20.91 0 0 1-13.82-5.2l-128-112a21 21 0 0 1 0-31.6l128-112a21 21 0 0 1 27.66 31.61L63.89 256l109.94 96.19A21 21 0 0 1 160 389zm192 0a21 21 0 0 1-13.84-36.81L448.11 256l-109.94-96.19a21 21 0 0 1 27.66-31.61l128 112a21 21 0 0 1 0 31.6l-128 112A20.89 20.89 0 0 1 352 389z"[31m
                [36m/>[31m
              [36m</svg>[31m
            [36m</button>[31m
          [36m</div>[31m
          [36m<div[31m
            [33mclass[31m=[32m"
          flex flex-col p-3 items-center text-white h-screen overflow-y-auto scrollbar-custom transition-all duration-300
          fixed top-0 left-0 z-40
          -translate-x-full
          lg:-translate-x-full 
          false
          xl:w-75
          xl:relative xl:translate-x-0
          
        "[31m
          [36m>[31m
            [36m<div[31m
              [33mclass[31m=[32m"hidden xl:flex justify-end mb-4 self-end"[31m
            [36m>[31m
              [36m<button[31m
                [33mclass[31m=[32m"bg-[#9333EA] text-white p-2 rounded-full hover:bg-[#7b22c5] transition duration-200 cursor-pointer"[31m
              [36m>[31m
                [36m<svg[31m
                  [33mfill[31m=[32m"currentColor"[31m
                  [33mheight[31m=[32m"1em"[31m
                  [33mstroke[31m=[32m"currentColor"[31m
                  [33mstroke-width[31m=[32m"0"[31m
                  [33mviewBox[31m=[32m"0 0 512 512"[31m
                  [33mwidth[31m=[32m"1em"[31m
                  [33mxmlns[31m=[32m"http://www.w3.org/2000/svg"[31m
                [36m>[31m
                  [36m<path[31m
                    [33md[31m=[32m"M160 389a20.91 20.91 0 0 1-13.82-5.2l-128-112a21 21 0 0 1 0-31.6l128-112a21 21 0 0 1 27.66 31.61L63.89 256l109.94 96.19A21 21 0 0 1 160 389zm192 0a21 21 0 0 1-13.84-36.81L448.11 256l-109.94-96.19a21 21 0 0 1 27.66-31.61l128 112a21 21 0 0 1 0 31.6l-128 112A20.89 20.89 0 0 1 352 389z"[31m
                  [36m/>[31m
                [36m</svg>[31m
              [36m</button>[31m
            [36m</div>[31m
            [36m<div[31m
              [33mclass[31m=[32m"p-5"[31m
            [36m>[31m
              [36m<h1[31m
                [33mclass[31m=[32m"font-exo font-bold text-5xl"[31m
              [36m>[31m
                [0mDevLab[0m
              [36m</h1>[31m
            [36m</div>[31m
            [36m<div[31m
              [33mclass[31m=[32m"flex-1 flex flex-col gap-5 w-full"[31m
            [36m>[31m
              [36m<div>[31m
                [36m<div>[31m
                  [36m<a[31m
                    [33maria-current[31m=[32m"page"[31m
                    [33mclass[31m=[32m"flex items-center gap-3 font-inter text-[1.2rem] relative rounded px-5 p-3  overflow-hidden group hover:bg-[#9333EA] transition-all ease-out duration-300 NavBarText-laptop active"[31m
                    [33mdata-discover[31m=[32m"true"[31m
                    [33mhref[31m=[32m"/Main"[31m
                  [36m>[31m
                    [36m<span[31m
                      [33mclass[31m=[32m"text-xl"[31m
                    [36m>[31m
                      [36m<svg[31m
                        [33mfill[31m=[32m"currentColor"[31m
                        [33mheight[31m=[32m"24"[31m
                        [33mstroke[31m=[32m"currentColor"[31m
                        [33mstroke-width[31m=[32m"0"[31m
                        [33mviewBox[31m=[32m"0 0 512 512"[31m
                        [33mwidth[31m=[32m"24"[31m
                        [33mxmlns[31m=[32m"http://www.w3.org/2000/svg"[31m
                      [36m>[31m
                        [36m<rect[31m
                          [33mfill[31m=[32m"none"[31m
                          [33mheight[31m=[32m"176"[31m
                          [33mrx[31m=[32m"20"[31m
                          [33mry[31m=[32m"20"[31m
                          [33mstroke-linecap[31m=[32m"round"[31m
                          [33mstroke-linejoin[31m=[32m"round"[31m
                          [33mstroke-width[31m=[32m"32"[31m
                          [33mwidth[31m=[32m"176"[31m
                          [33mx[31m=[32m"48"[31m
                          [33my[31m=[32m"48"[31m
                        [36m/>[31m
                        [36m<rect[31m
                          [33mfill[31m=[32m"none"[31m
                          [33mheight[31m=[32m"176"[31m
                          [33mrx[31m=[32m"20"[31m
                          [33mry[31m=[32m"20"[31m
                          [33mstroke-linecap[31m=[32m"round"[31m
                          [33mstroke-linejoin[31m=[32m"round"[31m
                          [33mstroke-width[31m=[32m"32"[31m
                          [33mwidth[31m=[32m"176"[31m
                          [33mx[31m=[32m"288"[31m
                          [33my[31m=[32m"48"[31m
                        [36m/>[31m
                        [36m<rect[31m
                          [33mfill[31m=[32m"none"[31m
                          [33mheight[31m=[32m"176"[31m
                          [33mrx[31m=[32m"20"[31m
                          [33mry[31m=[32m"20"[31m
                          [33mstroke-linecap[31m=[32m"round"[31m
                 ...[39m
[31m   [31m├ù[31m Achievements E2E Tests[2m > [22mTest 3: Coin balance updates optimistically in dashboard stats[33m 1007[2mms[22m[31m[39m
[31m     ÔåÆ Unable to find an element with the text: 100. This could be because the text is broken up by multiple elements. In this case, you can provide a function for your text matcher to make your matcher more flexible.

Ignored nodes: comments, script, style
[36m<body>[31m
  [36m<div>[31m
    [36m<div[31m
      [33mclass[31m=[32m"flex flex-col lg:flex-row bg-[#06060a] w-screen h-screen p-2 sm:p-4 gap-4 overflow-hidden relative selection:bg-purple-500/30"[31m
    [36m>[31m
      [36m<div[31m
        [33mclass[31m=[32m"absolute inset-0 bg-[linear-gradient(to_right,#80808012_1px,transparent_1px),linear-gradient(to_bottom,#80808012_1px,transparent_1px)] bg-[size:24px_24px] pointer-events-none"[31m
      [36m/>[31m
      [36m<div[31m
        [33mclass[31m=[32m"absolute inset-0 bg-gradient-to-br from-purple-900/10 via-transparent to-indigo-900/10 pointer-events-none"[31m
      [36m/>[31m
      [36m<div[31m
        [33mclass[31m=[32m"relative z-10 shrink-0"[31m
      [36m>[31m
        [36m<div[31m
          [33mclass[31m=[32m"fixed top-4 left-4 z-50 xl:hidden"[31m
        [36m>[31m
          [36m<button[31m
            [33mclass[31m=[32m"bg-[#9333EA] text-white p-2 rounded-lg shadow-md"[31m
          [36m>[31m
            [36m<svg[31m
              [33mfill[31m=[32m"currentColor"[31m
              [33mheight[31m=[32m"24"[31m
              [33mstroke[31m=[32m"currentColor"[31m
              [33mstroke-width[31m=[32m"0"[31m
              [33mviewBox[31m=[32m"0 0 512 512"[31m
              [33mwidth[31m=[32m"24"[31m
              [33mxmlns[31m=[32m"http://www.w3.org/2000/svg"[31m
            [36m>[31m
              [36m<path[31m
                [33md[31m=[32m"M160 389a20.91 20.91 0 0 1-13.82-5.2l-128-112a21 21 0 0 1 0-31.6l128-112a21 21 0 0 1 27.66 31.61L63.89 256l109.94 96.19A21 21 0 0 1 160 389zm192 0a21 21 0 0 1-13.84-36.81L448.11 256l-109.94-96.19a21 21 0 0 1 27.66-31.61l128 112a21 21 0 0 1 0 31.6l-128 112A20.89 20.89 0 0 1 352 389z"[31m
              [36m/>[31m
            [36m</svg>[31m
          [36m</button>[31m
        [36m</div>[31m
        [36m<div[31m
          [33mclass[31m=[32m"
          flex flex-col p-3 items-center text-white h-screen overflow-y-auto scrollbar-custom transition-all duration-300
          fixed top-0 left-0 z-40
          -translate-x-full
          lg:-translate-x-full 
          false
          xl:w-75
          xl:relative xl:translate-x-0
          
        "[31m
        [36m>[31m
          [36m<div[31m
            [33mclass[31m=[32m"hidden xl:flex justify-end mb-4 self-end"[31m
          [36m>[31m
            [36m<button[31m
              [33mclass[31m=[32m"bg-[#9333EA] text-white p-2 rounded-full hover:bg-[#7b22c5] transition duration-200 cursor-pointer"[31m
            [36m>[31m
              [36m<svg[31m
                [33mfill[31m=[32m"currentColor"[31m
                [33mheight[31m=[32m"1em"[31m
                [33mstroke[31m=[32m"currentColor"[31m
                [33mstroke-width[31m=[32m"0"[31m
                [33mviewBox[31m=[32m"0 0 512 512"[31m
                [33mwidth[31m=[32m"1em"[31m
                [33mxmlns[31m=[32m"http://www.w3.org/2000/svg"[31m
              [36m>[31m
                [36m<path[31m
                  [33md[31m=[32m"M160 389a20.91 20.91 0 0 1-13.82-5.2l-128-112a21 21 0 0 1 0-31.6l128-112a21 21 0 0 1 27.66 31.61L63.89 256l109.94 96.19A21 21 0 0 1 160 389zm192 0a21 21 0 0 1-13.84-36.81L448.11 256l-109.94-96.19a21 21 0 0 1 27.66-31.61l128 112a21 21 0 0 1 0 31.6l-128 112A20.89 20.89 0 0 1 352 389z"[31m
                [36m/>[31m
              [36m</svg>[31m
            [36m</button>[31m
          [36m</div>[31m
          [36m<div[31m
            [33mclass[31m=[32m"p-5"[31m
          [36m>[31m
            [36m<h1[31m
              [33mclass[31m=[32m"font-exo font-bold text-5xl"[31m
            [36m>[31m
              [0mDevLab[0m
            [36m</h1>[31m
          [36m</div>[31m
          [36m<div[31m
            [33mclass[31m=[32m"flex-1 flex flex-col gap-5 w-full"[31m
          [36m>[31m
            [36m<div>[31m
              [36m<div>[31m
                [36m<a[31m
                  [33maria-current[31m=[32m"page"[31m
                  [33mclass[31m=[32m"flex items-center gap-3 font-inter text-[1.2rem] relative rounded px-5 p-3  overflow-hidden group hover:bg-[#9333EA] transition-all ease-out duration-300 NavBarText-laptop active"[31m
                  [33mdata-discover[31m=[32m"true"[31m
                  [33mhref[31m=[32m"/Main"[31m
                [36m>[31m
                  [36m<span[31m
                    [33mclass[31m=[32m"text-xl"[31m
                  [36m>[31m
                    [36m<svg[31m
                      [33mfill[31m=[32m"currentColor"[31m
                      [33mheight[31m=[32m"24"[31m
                      [33mstroke[31m=[32m"currentColor"[31m
                      [33mstroke-width[31m=[32m"0"[31m
                      [33mviewBox[31m=[32m"0 0 512 512"[31m
                      [33mwidth[31m=[32m"24"[31m
                      [33mxmlns[31m=[32m"http://www.w3.org/2000/svg"[31m
                    [36m>[31m
                      [36m<rect[31m
                        [33mfill[31m=[32m"none"[31m
                        [33mheight[31m=[32m"176"[31m
                        [33mrx[31m=[32m"20"[31m
                        [33mry[31m=[32m"20"[31m
                        [33mstroke-linecap[31m=[32m"round"[31m
                        [33mstroke-linejoin[31m=[32m"round"[31m
                        [33mstroke-width[31m=[32m"32"[31m
                        [33mwidth[31m=[32m"176"[31m
                        [33mx[31m=[32m"48"[31m
                        [33my[31m=[32m"48"[31m
                      [36m/>[31m
                      [36m<rect[31m
                        [33mfill[31m=[32m"none"[31m
                        [33mheight[31m=[32m"176"[31m
                        [33mrx[31m=[32m"20"[31m
                        [33mry[31m=[32m"20"[31m
                        [33mstroke-linecap[31m=[32m"round"[31m
                        [33mstroke-linejoin[31m=[32m"round"[31m
                        [33mstroke-width[31m=[32m"32"[31m
                        [33mwidth[31m=[32m"176"[31m
                        [33mx[31m=[32m"288"[31m
                        [33my[31m=[32m"48"[31m
                      [36m/>[31m
                      [36m<rect[31m
                        [33mfill[31m=[32m"none"[31m
                        [33mheight[31m=[32m"176"[31m
                        [33mrx[31m=[32m"20"[31m
                        [33mry[31m=[32m"20"[31m
                        [33mstroke-linecap[31m=[32m"round"[31m
                        [33mstroke-linejoin[31m=[32m"round"[31m
                        [33mstroke-width[31m=[32m"32"[31m
                        [33mwidth[31m=[32m"176"[31m
                        [33mx[31m=[32m"48"[31m
                        [33my[31m=[32m"288"[31m
        ...

Ignored nodes: comments, script, style
[36m<html>[31m
  [36m<head />[31m
  [36m<body>[31m
    [36m<div>[31m
      [36m<div[31m
        [33mclass[31m=[32m"flex flex-col lg:flex-row bg-[#06060a] w-screen h-screen p-2 sm:p-4 gap-4 overflow-hidden relative selection:bg-purple-500/30"[31m
      [36m>[31m
        [36m<div[31m
          [33mclass[31m=[32m"absolute inset-0 bg-[linear-gradient(to_right,#80808012_1px,transparent_1px),linear-gradient(to_bottom,#80808012_1px,transparent_1px)] bg-[size:24px_24px] pointer-events-none"[31m
        [36m/>[31m
        [36m<div[31m
          [33mclass[31m=[32m"absolute inset-0 bg-gradient-to-br from-purple-900/10 via-transparent to-indigo-900/10 pointer-events-none"[31m
        [36m/>[31m
        [36m<div[31m
          [33mclass[31m=[32m"relative z-10 shrink-0"[31m
        [36m>[31m
          [36m<div[31m
            [33mclass[31m=[32m"fixed top-4 left-4 z-50 xl:hidden"[31m
          [36m>[31m
            [36m<button[31m
              [33mclass[31m=[32m"bg-[#9333EA] text-white p-2 rounded-lg shadow-md"[31m
            [36m>[31m
              [36m<svg[31m
                [33mfill[31m=[32m"currentColor"[31m
                [33mheight[31m=[32m"24"[31m
                [33mstroke[31m=[32m"currentColor"[31m
                [33mstroke-width[31m=[32m"0"[31m
                [33mviewBox[31m=[32m"0 0 512 512"[31m
                [33mwidth[31m=[32m"24"[31m
                [33mxmlns[31m=[32m"http://www.w3.org/2000/svg"[31m
              [36m>[31m
                [36m<path[31m
                  [33md[31m=[32m"M160 389a20.91 20.91 0 0 1-13.82-5.2l-128-112a21 21 0 0 1 0-31.6l128-112a21 21 0 0 1 27.66 31.61L63.89 256l109.94 96.19A21 21 0 0 1 160 389zm192 0a21 21 0 0 1-13.84-36.81L448.11 256l-109.94-96.19a21 21 0 0 1 27.66-31.61l128 112a21 21 0 0 1 0 31.6l-128 112A20.89 20.89 0 0 1 352 389z"[31m
                [36m/>[31m
              [36m</svg>[31m
            [36m</button>[31m
          [36m</div>[31m
          [36m<div[31m
            [33mclass[31m=[32m"
          flex flex-col p-3 items-center text-white h-screen overflow-y-auto scrollbar-custom transition-all duration-300
          fixed top-0 left-0 z-40
          -translate-x-full
          lg:-translate-x-full 
          false
          xl:w-75
          xl:relative xl:translate-x-0
          
        "[31m
          [36m>[31m
            [36m<div[31m
              [33mclass[31m=[32m"hidden xl:flex justify-end mb-4 self-end"[31m
            [36m>[31m
              [36m<button[31m
                [33mclass[31m=[32m"bg-[#9333EA] text-white p-2 rounded-full hover:bg-[#7b22c5] transition duration-200 cursor-pointer"[31m
              [36m>[31m
                [36m<svg[31m
                  [33mfill[31m=[32m"currentColor"[31m
                  [33mheight[31m=[32m"1em"[31m
                  [33mstroke[31m=[32m"currentColor"[31m
                  [33mstroke-width[31m=[32m"0"[31m
                  [33mviewBox[31m=[32m"0 0 512 512"[31m
                  [33mwidth[31m=[32m"1em"[31m
                  [33mxmlns[31m=[32m"http://www.w3.org/2000/svg"[31m
                [36m>[31m
                  [36m<path[31m
                    [33md[31m=[32m"M160 389a20.91 20.91 0 0 1-13.82-5.2l-128-112a21 21 0 0 1 0-31.6l128-112a21 21 0 0 1 27.66 31.61L63.89 256l109.94 96.19A21 21 0 0 1 160 389zm192 0a21 21 0 0 1-13.84-36.81L448.11 256l-109.94-96.19a21 21 0 0 1 27.66-31.61l128 112a21 21 0 0 1 0 31.6l-128 112A20.89 20.89 0 0 1 352 389z"[31m
                  [36m/>[31m
                [36m</svg>[31m
              [36m</button>[31m
            [36m</div>[31m
            [36m<div[31m
              [33mclass[31m=[32m"p-5"[31m
            [36m>[31m
              [36m<h1[31m
                [33mclass[31m=[32m"font-exo font-bold text-5xl"[31m
              [36m>[31m
                [0mDevLab[0m
              [36m</h1>[31m
            [36m</div>[31m
            [36m<div[31m
              [33mclass[31m=[32m"flex-1 flex flex-col gap-5 w-full"[31m
            [36m>[31m
              [36m<div>[31m
                [36m<div>[31m
                  [36m<a[31m
                    [33maria-current[31m=[32m"page"[31m
                    [33mclass[31m=[32m"flex items-center gap-3 font-inter text-[1.2rem] relative rounded px-5 p-3  overflow-hidden group hover:bg-[#9333EA] transition-all ease-out duration-300 NavBarText-laptop active"[31m
                    [33mdata-discover[31m=[32m"true"[31m
                    [33mhref[31m=[32m"/Main"[31m
                  [36m>[31m
                    [36m<span[31m
                      [33mclass[31m=[32m"text-xl"[31m
                    [36m>[31m
                      [36m<svg[31m
                        [33mfill[31m=[32m"currentColor"[31m
                        [33mheight[31m=[32m"24"[31m
                        [33mstroke[31m=[32m"currentColor"[31m
                        [33mstroke-width[31m=[32m"0"[31m
                        [33mviewBox[31m=[32m"0 0 512 512"[31m
                        [33mwidth[31m=[32m"24"[31m
                        [33mxmlns[31m=[32m"http://www.w3.org/2000/svg"[31m
                      [36m>[31m
                        [36m<rect[31m
                          [33mfill[31m=[32m"none"[31m
                          [33mheight[31m=[32m"176"[31m
                          [33mrx[31m=[32m"20"[31m
                          [33mry[31m=[32m"20"[31m
                          [33mstroke-linecap[31m=[32m"round"[31m
                          [33mstroke-linejoin[31m=[32m"round"[31m
                          [33mstroke-width[31m=[32m"32"[31m
                          [33mwidth[31m=[32m"176"[31m
                          [33mx[31m=[32m"48"[31m
                          [33my[31m=[32m"48"[31m
                        [36m/>[31m
                        [36m<rect[31m
                          [33mfill[31m=[32m"none"[31m
                          [33mheight[31m=[32m"176"[31m
                          [33mrx[31m=[32m"20"[31m
                          [33mry[31m=[32m"20"[31m
                          [33mstroke-linecap[31m=[32m"round"[31m
                          [33mstroke-linejoin[31m=[32m"round"[31m
                          [33mstroke-width[31m=[32m"32"[31m
                          [33mwidth[31m=[32m"176"[31m
                          [33mx[31m=[32m"288"[31m
                          [33my[31m=[32m"48"[31m
                        [36m/>[31m
                        [36m<rect[31m
                          [33mfill[31m=[32m"none"[31m
                          [33mheight[31m=[32m"176"[31m
                          [33mrx[31m=[32m"20"[31m
                          [33mry[31m=[32m"20"[31m
                          [33mstroke-linecap[31m=[32m"round"[31m
                 ...[39m
[31m   [31m├ù[31m Achievements E2E Tests[2m > [22mTest 4: Claiming XP rewards triggers Level progression and remainder calculations[33m 1009[2mms[22m[31m[39m
[31m     ÔåÆ Found multiple elements with the text: First Steps

Here are the matching elements:

Ignored nodes: comments, script, style
[36m<h3[31m
  [33mclass[31m=[32m"font-exo font-bold text-lg mb-2 tracking-tight text-white"[31m
[36m>[31m
  [0mFirst Steps[0m
[36m</h3>[31m

Ignored nodes: comments, script, style
[36m<h3[31m
  [33mclass[31m=[32m"font-exo font-bold text-lg mb-2 tracking-tight text-white"[31m
[36m>[31m
  [0mFirst Steps[0m
[36m</h3>[31m

Ignored nodes: comments, script, style
[36m<h3[31m
  [33mclass[31m=[32m"font-exo font-bold text-lg mb-2 tracking-tight text-white"[31m
[36m>[31m
  [0mFirst Steps[0m
[36m</h3>[31m

Ignored nodes: comments, script, style
[36m<h3[31m
  [33mclass[31m=[32m"font-exo font-bold text-lg mb-2 tracking-tight text-white"[31m
[36m>[31m
  [0mFirst Steps[0m
[36m</h3>[31m

(If this is intentional, then use the `*AllBy*` variant of the query (like `queryAllByText`, `getAllByText`, or `findAllByText`)).

Ignored nodes: comments, script, style
[36m<body>[31m
  [36m<div>[31m
    [36m<div[31m
      [33mclass[31m=[32m"flex flex-col lg:flex-row bg-[#06060a] w-screen h-screen p-2 sm:p-4 gap-4 overflow-hidden relative selection:bg-purple-500/30"[31m
    [36m>[31m
      [36m<div[31m
        [33mclass[31m=[32m"absolute inset-0 bg-[linear-gradient(to_right,#80808012_1px,transparent_1px),linear-gradient(to_bottom,#80808012_1px,transparent_1px)] bg-[size:24px_24px] pointer-events-none"[31m
      [36m/>[31m
      [36m<div[31m
        [33mclass[31m=[32m"absolute inset-0 bg-gradient-to-br from-purple-900/10 via-transparent to-indigo-900/10 pointer-events-none"[31m
      [36m/>[31m
      [36m<div[31m
        [33mclass[31m=[32m"relative z-10 shrink-0"[31m
      [36m>[31m
        [36m<div[31m
          [33mclass[31m=[32m"fixed top-4 left-4 z-50 xl:hidden"[31m
        [36m>[31m
          [36m<button[31m
            [33mclass[31m=[32m"bg-[#9333EA] text-white p-2 rounded-lg shadow-md"[31m
          [36m>[31m
            [36m<svg[31m
              [33mfill[31m=[32m"currentColor"[31m
              [33mheight[31m=[32m"24"[31m
              [33mstroke[31m=[32m"currentColor"[31m
              [33mstroke-width[31m=[32m"0"[31m
              [33mviewBox[31m=[32m"0 0 512 512"[31m
              [33mwidth[31m=[32m"24"[31m
              [33mxmlns[31m=[32m"http://www.w3.org/2000/svg"[31m
            [36m>[31m
              [36m<path[31m
                [33md[31m=[32m"M160 389a20.91 20.91 0 0 1-13.82-5.2l-128-112a21 21 0 0 1 0-31.6l128-112a21 21 0 0 1 27.66 31.61L63.89 256l109.94 96.19A21 21 0 0 1 160 389zm192 0a21 21 0 0 1-13.84-36.81L448.11 256l-109.94-96.19a21 21 0 0 1 27.66-31.61l128 112a21 21 0 0 1 0 31.6l-128 112A20.89 20.89 0 0 1 352 389z"[31m
              [36m/>[31m
            [36m</svg>[31m
          [36m</button>[31m
        [36m</div>[31m
        [36m<div[31m
          [33mclass[31m=[32m"
          flex flex-col p-3 items-center text-white h-screen overflow-y-auto scrollbar-custom transition-all duration-300
          fixed top-0 left-0 z-40
          -translate-x-full
          lg:-translate-x-full 
          false
          xl:w-75
          xl:relative xl:translate-x-0
          
        "[31m
        [36m>[31m
          [36m<div[31m
            [33mclass[31m=[32m"hidden xl:flex justify-end mb-4 self-end"[31m
          [36m>[31m
            [36m<button[31m
              [33mclass[31m=[32m"bg-[#9333EA] text-white p-2 rounded-full hover:bg-[#7b22c5] transition duration-200 cursor-pointer"[31m
            [36m>[31m
              [36m<svg[31m
                [33mfill[31m=[32m"currentColor"[31m
                [33mheight[31m=[32m"1em"[31m
                [33mstroke[31m=[32m"currentColor"[31m
                [33mstroke-width[31m=[32m"0"[31m
                [33mviewBox[31m=[32m"0 0 512 512"[31m
                [33mwidth[31m=[32m"1em"[31m
                [33mxmlns[31m=[32m"http://www.w3.org/2000/svg"[31m
              [36m>[31m
                [36m<path[31m
                  [33md[31m=[32m"M160 389a20.91 20.91 0 0 1-13.82-5.2l-128-112a21 21 0 0 1 0-31.6l128-112a21 21 0 0 1 27.66 31.61L63.89 256l109.94 96.19A21 21 0 0 1 160 389zm192 0a21 21 0 0 1-13.84-36.81L448.11 256l-109.94-96.19a21 21 0 0 1 27.66-31.61l128 112a21 21 0 0 1 0 31.6l-128 112A20.89 20.89 0 0 1 352 389z"[31m
                [36m/>[31m
              [36m</svg>[31m
            [36m</button>[31m
          [36m</div>[31m
          [36m<div[31m
            [33mclass[31m=[32m"p-5"[31m
          [36m>[31m
            [36m<h1[31m
              [33mclass[31m=[32m"font-exo font-bold text-5xl"[31m
            [36m>[31m
              [0mDevLab[0m
            [36m</h1>[31m
          [36m</div>[31m
          [36m<div[31m
            [33mclass[31m=[32m"flex-1 flex flex-col gap-5 w-full"[31m
          [36m>[31m
            [36m<div>[31m
              [36m<div>[31m
                [36m<a[31m
                  [33maria-current[31m=[32m"page"[31m
                  [33mclass[31m=[32m"flex items-center gap-3 font-inter text-[1.2rem] relative rounded px-5 p-3  overflow-hidden group hover:bg-[#9333EA] transition-all ease-out duration-300 NavBarText-laptop active"[31m
                  [33mdata-discover[31m=[32m"true"[31m
                  [33mhref[31m=[32m"/Main"[31m
                [36m>[31m
                  [36m<span[31m
                    [33mclass[31m=[32m"text-xl"[31m
                  [36m>[31m
                    [36m<svg[31m
                      [33mfill[31m=[32m"currentColor"[31m
                      [33mheight[31m=[32m"24"[31m
                      [33mstroke[31m=[32m"currentColor"[31m
                      [33mstroke-width[31m=[32m"0"[31m
                      [33mviewBox[31m=[32m"0 0 512 512"[31m
                      [33mwidth[31m=[32m"24"[31m
                      [33mxmlns[31m=[32m"http://www.w3.org/2000/svg"[31m
                    [36m>[31m
                      [36m<rect[31m
                        [33mfill[31m=[32m"none"[31m
                        [33mheight[31m=[32m"176"[31m
                        [33mrx[31m=[32m"20"[31m
                        [33mry[31m=[32m"20"[31m
                        [33mstroke-linecap[31m=[32m"round"[31m
                        [33mstroke-linejoin[31m=[32m"round"[31m
                        [33mstroke-width[31m=[32m"32"[31m
                        [33mwidth[31m=[32m"176"[31m
                        [33mx[31m=[32m"48"[31m
                        [33my[31m=[32m"48"[31m
                      [36m/>[31m
                      [36m<rect[31m
                        [33mfill[31m=[32m"none"[31m
                        [33mheight[31m=[32m"176"[31m
                        [33mrx[31m=[32m"20"[31m
                        [33mry[31m=[32m"20"[31m
                        [33mstroke-linecap[31m=[32m"round"[31m
                        [33mstroke-linejoin[31m=[32m"round"[31m
                        [33mstroke-width[31m=[32m"32"[31m
                        [33mwidth[31m=[32m"176"[31m
                        [33mx[31m=[32m"288"[31m
                        [33my[31m=[32m"48"[31m
                      [36m/>[31m
                      [36m<rect[31m
                        [33mfill[31m=[32m"none"[31m
                        [33mheight[31m=[32m"176"[31m
                        [33mrx[31m=[32m"20"[31m
                        [33mry[31m=[32m"20"[31m
                        [33mstroke-linecap[31m=[32m"round"[31m
                        [33mstroke-linejoin[31m=[32m"round"[31m
                        [33mstroke-width[31m=[32m"32"[31m
                        [33mwidth[31m=[32m"176"[31m
                        [33mx[31m=[32m"48"[31m
                        [33my[31m=[32m"288"[31m
        ...

Ignored nodes: comments, script, style
[36m<html>[31m
  [36m<head />[31m
  [36m<body>[31m
    [36m<div>[31m
      [36m<div[31m
        [33mclass[31m=[32m"flex flex-col lg:flex-row bg-[#06060a] w-screen h-screen p-2 sm:p-4 gap-4 overflow-hidden relative selection:bg-purple-500/30"[31m
      [36m>[31m
        [36m<div[31m
          [33mclass[31m=[32m"absolute inset-0 bg-[linear-gradient(to_right,#80808012_1px,transparent_1px),linear-gradient(to_bottom,#80808012_1px,transparent_1px)] bg-[size:24px_24px] pointer-events-none"[31m
        [36m/>[31m
        [36m<div[31m
          [33mclass[31m=[32m"absolute inset-0 bg-gradient-to-br from-purple-900/10 via-transparent to-indigo-900/10 pointer-events-none"[31m
        [36m/>[31m
        [36m<div[31m
          [33mclass[31m=[32m"relative z-10 shrink-0"[31m
        [36m>[31m
          [36m<div[31m
            [33mclass[31m=[32m"fixed top-4 left-4 z-50 xl:hidden"[31m
          [36m>[31m
            [36m<button[31m
              [33mclass[31m=[32m"bg-[#9333EA] text-white p-2 rounded-lg shadow-md"[31m
            [36m>[31m
              [36m<svg[31m
                [33mfill[31m=[32m"currentColor"[31m
                [33mheight[31m=[32m"24"[31m
                [33mstroke[31m=[32m"currentColor"[31m
                [33mstroke-width[31m=[32m"0"[31m
                [33mviewBox[31m=[32m"0 0 512 512"[31m
                [33mwidth[31m=[32m"24"[31m
                [33mxmlns[31m=[32m"http://www.w3.org/2000/svg"[31m
              [36m>[31m
                [36m<path[31m
                  [33md[31m=[32m"M160 389a20.91 20.91 0 0 1-13.82-5.2l-128-112a21 21 0 0 1 0-31.6l128-112a21 21 0 0 1 27.66 31.61L63.89 256l109.94 96.19A21 21 0 0 1 160 389zm192 0a21 21 0 0 1-13.84-36.81L448.11 256l-109.94-96.19a21 21 0 0 1 27.66-31.61l128 112a21 21 0 0 1 0 31.6l-128 112A20.89 20.89 0 0 1 352 389z"[31m
                [36m/>[31m
              [36m</svg>[31m
            [36m</button>[31m
          [36m</div>[31m
          [36m<div[31m
            [33mclass[31m=[32m"
          flex flex-col p-3 items-center text-white h-screen overflow-y-auto scrollbar-custom transition-all duration-300
          fixed top-0 left-0 z-40
          -translate-x-full
          lg:-translate-x-full 
          false
          xl:w-75
          xl:relative xl:translate-x-0
          
        "[31m
          [36m>[31m
            [36m<div[31m
              [33mclass[31m=[32m"hidden xl:flex justify-end mb-4 self-end"[31m
            [36m>[31m
              [36m<button[31m
                [33mclass[31m=[32m"bg-[#9333EA] text-white p-2 rounded-full hover:bg-[#7b22c5] transition duration-200 cursor-pointer"[31m
              [36m>[31m
                [36m<svg[31m
                  [33mfill[31m=[32m"currentColor"[31m
                  [33mheight[31m=[32m"1em"[31m
                  [33mstroke[31m=[32m"currentColor"[31m
                  [33mstroke-width[31m=[32m"0"[31m
                  [33mviewBox[31m=[32m"0 0 512 512"[31m
                  [33mwidth[31m=[32m"1em"[31m
                  [33mxmlns[31m=[32m"http://www.w3.org/2000/svg"[31m
                [36m>[31m
                  [36m<path[31m
                    [33md[31m=[32m"M160 389a20.91 20.91 0 0 1-13.82-5.2l-128-112a21 21 0 0 1 0-31.6l128-112a21 21 0 0 1 27.66 31.61L63.89 256l109.94 96.19A21 21 0 0 1 160 389zm192 0a21 21 0 0 1-13.84-36.81L448.11 256l-109.94-96.19a21 21 0 0 1 27.66-31.61l128 112a21 21 0 0 1 0 31.6l-128 112A20.89 20.89 0 0 1 352 389z"[31m
                  [36m/>[31m
                [36m</svg>[31m
              [36m</button>[31m
            [36m</div>[31m
            [36m<div[31m
              [33mclass[31m=[32m"p-5"[31m
            [36m>[31m
              [36m<h1[31m
                [33mclass[31m=[32m"font-exo font-bold text-5xl"[31m
              [36m>[31m
                [0mDevLab[0m
              [36m</h1>[31m
            [36m</div>[31m
            [36m<div[31m
              [33mclass[31m=[32m"flex-1 flex flex-col gap-5 w-full"[31m
            [36m>[31m
              [36m<div>[31m
                [36m<div>[31m
                  [36m<a[31m
                    [33maria-current[31m=[32m"page"[31m
                    [33mclass[31m=[32m"flex items-center gap-3 font-inter text-[1.2rem] relative rounded px-5 p-3  overflow-hidden group hover:bg-[#9333EA] transition-all ease-out duration-300 NavBarText-laptop active"[31m
                    [33mdata-discover[31m=[32m"true"[31m
                    [33mhref[31m=[32m"/Main"[31m
                  [36m>[31m
                    [36m<span[31m
                      [33mclass[31m=[32m"text-xl"[31m
                    [36m>[31m
                      [36m<svg[31m
                        [33mfill[31m=[32m"currentColor"[31m
                        [33mheight[31m=[32m"24"[31m
                        [33mstroke[31m=[32m"currentColor"[31m
                        [33mstroke-width[31m=[32m"0"[31m
                        [33mviewBox[31m=[32m"0 0 512 512"[31m
                        [33mwidth[31m=[32m"24"[31m
                        [33mxmlns[31m=[32m"http://www.w3.org/2000/svg"[31m
                      [36m>[31m
                        [36m<rect[31m
                          [33mfill[31m=[32m"none"[31m
                          [33mheight[31m=[32m"176"[31m
                          [33mrx[31m=[32m"20"[31m
                          [33mry[31m=[32m"20"[31m
                          [33mstroke-linecap[31m=[32m"round"[31m
                          [33mstroke-linejoin[31m=[32m"round"[31m
                          [33mstroke-width[31m=[32m"32"[31m
                          [33mwidth[31m=[32m"176"[31m
                          [33mx[31m=[32m"48"[31m
                          [33my[31m=[32m"48"[31m
                        [36m/>[31m
                        [36m<rect[31m
                          [33mfill[31m=[32m"none"[31m
                          [33mheight[31m=[32m"176"[31m
                          [33mrx[31m=[32m"20"[31m
                          [33mry[31m=[32m"20"[31m
                          [33mstroke-linecap[31m=[32m"round"[31m
                          [33mstroke-linejoin[31m=[32m"round"[31m
                          [33mstroke-width[31m=[32m"32"[31m
                          [33mwidth[31m=[32m"176"[31m
                          [33mx[31m=[32m"288"[31m
                          [33my[31m=[32m"48"[31m
                        [36m/>[31m
                        [36m<rect[31m
                          [33mfill[31m=[32m"none"[31m
                          [33mheight[31m=[32m"176"[31m
                          [33mrx[31m=[32m"20"[31m
                          [33mry[31m=[32m"20"[31m
                          [33mstroke-linecap[31m=[32m"round"[31m
                 ...[39m
[31m   [31m├ù[31m Achievements E2E Tests[2m > [22mTest 5: Full onboarding journey (login -> complete stage -> level complete popup -> unlock achievement toast -> click Achievements page -> claim reward -> coins update)[90m 3[2mms[22m[31m[39m
[31m     ÔåÆ Unable to find an element with the placeholder text of: Email address

Ignored nodes: comments, script, style
[36m<body>[31m
  [36m<div />[31m
[36m</body>[31m[39m
 [31mÔØ»[39m [34m|e2e|[39m tests/e2e/shop.test.tsx [2m([22m[2m5 tests[22m[2m | [22m[31m3 failed[39m[2m)[22m[33m 4443[2mms[22m[39m
   [33m[2mÔ£ô[22m[39m Shop E2E Tests[2m > [22mTest 1: Successful purchase with sufficient coins (updates balance optimistically, triggers mock API, displays success toast) [33m1507[2mms[22m[39m
[31m   [31m├ù[31m Shop E2E Tests[2m > [22mTest 3: API purchase failure (500) triggers optimistic rollback of the coins balance[33m 1117[2mms[22m[31m[39m
[31m     ÔåÆ Unable to find an element with the text: 100. This could be because the text is broken up by multiple elements. In this case, you can provide a function for your text matcher to make your matcher more flexible.

Ignored nodes: comments, script, style
[36m<body>[31m
  [36m<div>[31m
    [36m<div[31m
      [33mclass[31m=[32m"flex flex-col lg:flex-row bg-[#06060a] w-screen h-screen p-2 sm:p-4 gap-4 overflow-hidden relative selection:bg-purple-500/30"[31m
    [36m>[31m
      [36m<div[31m
        [33mclass[31m=[32m"absolute inset-0 bg-[linear-gradient(to_right,#80808012_1px,transparent_1px),linear-gradient(to_bottom,#80808012_1px,transparent_1px)] bg-[size:24px_24px] pointer-events-none"[31m
      [36m/>[31m
      [36m<div[31m
        [33mclass[31m=[32m"absolute inset-0 bg-gradient-to-br from-purple-900/10 via-transparent to-indigo-900/10 pointer-events-none"[31m
      [36m/>[31m
      [36m<div[31m
        [33mclass[31m=[32m"relative z-10 shrink-0"[31m
      [36m>[31m
        [36m<div[31m
          [33mclass[31m=[32m"fixed top-4 left-4 z-50 xl:hidden"[31m
        [36m>[31m
          [36m<button[31m
            [33mclass[31m=[32m"bg-[#9333EA] text-white p-2 rounded-lg shadow-md"[31m
          [36m>[31m
            [36m<svg[31m
              [33mfill[31m=[32m"currentColor"[31m
              [33mheight[31m=[32m"24"[31m
              [33mstroke[31m=[32m"currentColor"[31m
              [33mstroke-width[31m=[32m"0"[31m
              [33mviewBox[31m=[32m"0 0 512 512"[31m
              [33mwidth[31m=[32m"24"[31m
              [33mxmlns[31m=[32m"http://www.w3.org/2000/svg"[31m
            [36m>[31m
              [36m<path[31m
                [33md[31m=[32m"M160 389a20.91 20.91 0 0 1-13.82-5.2l-128-112a21 21 0 0 1 0-31.6l128-112a21 21 0 0 1 27.66 31.61L63.89 256l109.94 96.19A21 21 0 0 1 160 389zm192 0a21 21 0 0 1-13.84-36.81L448.11 256l-109.94-96.19a21 21 0 0 1 27.66-31.61l128 112a21 21 0 0 1 0 31.6l-128 112A20.89 20.89 0 0 1 352 389z"[31m
              [36m/>[31m
            [36m</svg>[31m
          [36m</button>[31m
        [36m</div>[31m
        [36m<div[31m
          [33mclass[31m=[32m"
          flex flex-col p-3 items-center text-white h-screen overflow-y-auto scrollbar-custom transition-all duration-300
          fixed top-0 left-0 z-40
          -translate-x-full
          lg:-translate-x-full 
          false
          xl:w-75
          xl:relative xl:translate-x-0
          
        "[31m
        [36m>[31m
          [36m<div[31m
            [33mclass[31m=[32m"hidden xl:flex justify-end mb-4 self-end"[31m
          [36m>[31m
            [36m<button[31m
              [33mclass[31m=[32m"bg-[#9333EA] text-white p-2 rounded-full hover:bg-[#7b22c5] transition duration-200 cursor-pointer"[31m
            [36m>[31m
              [36m<svg[31m
                [33mfill[31m=[32m"currentColor"[31m
                [33mheight[31m=[32m"1em"[31m
                [33mstroke[31m=[32m"currentColor"[31m
                [33mstroke-width[31m=[32m"0"[31m
                [33mviewBox[31m=[32m"0 0 512 512"[31m
                [33mwidth[31m=[32m"1em"[31m
                [33mxmlns[31m=[32m"http://www.w3.org/2000/svg"[31m
              [36m>[31m
                [36m<path[31m
                  [33md[31m=[32m"M160 389a20.91 20.91 0 0 1-13.82-5.2l-128-112a21 21 0 0 1 0-31.6l128-112a21 21 0 0 1 27.66 31.61L63.89 256l109.94 96.19A21 21 0 0 1 160 389zm192 0a21 21 0 0 1-13.84-36.81L448.11 256l-109.94-96.19a21 21 0 0 1 27.66-31.61l128 112a21 21 0 0 1 0 31.6l-128 112A20.89 20.89 0 0 1 352 389z"[31m
                [36m/>[31m
              [36m</svg>[31m
            [36m</button>[31m
          [36m</div>[31m
          [36m<div[31m
            [33mclass[31m=[32m"p-5"[31m
          [36m>[31m
            [36m<h1[31m
              [33mclass[31m=[32m"font-exo font-bold text-5xl"[31m
            [36m>[31m
              [0mDevLab[0m
            [36m</h1>[31m
          [36m</div>[31m
          [36m<div[31m
            [33mclass[31m=[32m"flex-1 flex flex-col gap-5 w-full"[31m
          [36m>[31m
            [36m<div>[31m
              [36m<div>[31m
                [36m<a[31m
                  [33maria-current[31m=[32m"page"[31m
                  [33mclass[31m=[32m"flex items-center gap-3 font-inter text-[1.2rem] relative rounded px-5 p-3  overflow-hidden group hover:bg-[#9333EA] transition-all ease-out duration-300 NavBarText-laptop active"[31m
                  [33mdata-discover[31m=[32m"true"[31m
                  [33mhref[31m=[32m"/Main"[31m
                [36m>[31m
                  [36m<span[31m
                    [33mclass[31m=[32m"text-xl"[31m
                  [36m>[31m
                    [36m<svg[31m
                      [33mfill[31m=[32m"currentColor"[31m
                      [33mheight[31m=[32m"24"[31m
                      [33mstroke[31m=[32m"currentColor"[31m
                      [33mstroke-width[31m=[32m"0"[31m
                      [33mviewBox[31m=[32m"0 0 512 512"[31m
                      [33mwidth[31m=[32m"24"[31m
                      [33mxmlns[31m=[32m"http://www.w3.org/2000/svg"[31m
                    [36m>[31m
                      [36m<rect[31m
                        [33mfill[31m=[32m"none"[31m
                        [33mheight[31m=[32m"176"[31m
                        [33mrx[31m=[32m"20"[31m
                        [33mry[31m=[32m"20"[31m
                        [33mstroke-linecap[31m=[32m"round"[31m
                        [33mstroke-linejoin[31m=[32m"round"[31m
                        [33mstroke-width[31m=[32m"32"[31m
                        [33mwidth[31m=[32m"176"[31m
                        [33mx[31m=[32m"48"[31m
                        [33my[31m=[32m"48"[31m
                      [36m/>[31m
                      [36m<rect[31m
                        [33mfill[31m=[32m"none"[31m
                        [33mheight[31m=[32m"176"[31m
                        [33mrx[31m=[32m"20"[31m
                        [33mry[31m=[32m"20"[31m
                        [33mstroke-linecap[31m=[32m"round"[31m
                        [33mstroke-linejoin[31m=[32m"round"[31m
                        [33mstroke-width[31m=[32m"32"[31m
                        [33mwidth[31m=[32m"176"[31m
                        [33mx[31m=[32m"288"[31m
                        [33my[31m=[32m"48"[31m
                      [36m/>[31m
                      [36m<rect[31m
                        [33mfill[31m=[32m"none"[31m
                        [33mheight[31m=[32m"176"[31m
                        [33mrx[31m=[32m"20"[31m
                        [33mry[31m=[32m"20"[31m
                        [33mstroke-linecap[31m=[32m"round"[31m
                        [33mstroke-linejoin[31m=[32m"round"[31m
                        [33mstroke-width[31m=[32m"32"[31m
                        [33mwidth[31m=[32m"176"[31m
                        [33mx[31m=[32m"48"[31m
                        [33my[31m=[32m"288"[31m
        ...

Ignored nodes: comments, script, style
[36m<html>[31m
  [36m<head />[31m
  [36m<body>[31m
    [36m<div>[31m
      [36m<div[31m
        [33mclass[31m=[32m"flex flex-col lg:flex-row bg-[#06060a] w-screen h-screen p-2 sm:p-4 gap-4 overflow-hidden relative selection:bg-purple-500/30"[31m
      [36m>[31m
        [36m<div[31m
          [33mclass[31m=[32m"absolute inset-0 bg-[linear-gradient(to_right,#80808012_1px,transparent_1px),linear-gradient(to_bottom,#80808012_1px,transparent_1px)] bg-[size:24px_24px] pointer-events-none"[31m
        [36m/>[31m
        [36m<div[31m
          [33mclass[31m=[32m"absolute inset-0 bg-gradient-to-br from-purple-900/10 via-transparent to-indigo-900/10 pointer-events-none"[31m
        [36m/>[31m
        [36m<div[31m
          [33mclass[31m=[32m"relative z-10 shrink-0"[31m
        [36m>[31m
          [36m<div[31m
            [33mclass[31m=[32m"fixed top-4 left-4 z-50 xl:hidden"[31m
          [36m>[31m
            [36m<button[31m
              [33mclass[31m=[32m"bg-[#9333EA] text-white p-2 rounded-lg shadow-md"[31m
            [36m>[31m
              [36m<svg[31m
                [33mfill[31m=[32m"currentColor"[31m
                [33mheight[31m=[32m"24"[31m
                [33mstroke[31m=[32m"currentColor"[31m
                [33mstroke-width[31m=[32m"0"[31m
                [33mviewBox[31m=[32m"0 0 512 512"[31m
                [33mwidth[31m=[32m"24"[31m
                [33mxmlns[31m=[32m"http://www.w3.org/2000/svg"[31m
              [36m>[31m
                [36m<path[31m
                  [33md[31m=[32m"M160 389a20.91 20.91 0 0 1-13.82-5.2l-128-112a21 21 0 0 1 0-31.6l128-112a21 21 0 0 1 27.66 31.61L63.89 256l109.94 96.19A21 21 0 0 1 160 389zm192 0a21 21 0 0 1-13.84-36.81L448.11 256l-109.94-96.19a21 21 0 0 1 27.66-31.61l128 112a21 21 0 0 1 0 31.6l-128 112A20.89 20.89 0 0 1 352 389z"[31m
                [36m/>[31m
              [36m</svg>[31m
            [36m</button>[31m
          [36m</div>[31m
          [36m<div[31m
            [33mclass[31m=[32m"
          flex flex-col p-3 items-center text-white h-screen overflow-y-auto scrollbar-custom transition-all duration-300
          fixed top-0 left-0 z-40
          -translate-x-full
          lg:-translate-x-full 
          false
          xl:w-75
          xl:relative xl:translate-x-0
          
        "[31m
          [36m>[31m
            [36m<div[31m
              [33mclass[31m=[32m"hidden xl:flex justify-end mb-4 self-end"[31m
            [36m>[31m
              [36m<button[31m
                [33mclass[31m=[32m"bg-[#9333EA] text-white p-2 rounded-full hover:bg-[#7b22c5] transition duration-200 cursor-pointer"[31m
              [36m>[31m
                [36m<svg[31m
                  [33mfill[31m=[32m"currentColor"[31m
                  [33mheight[31m=[32m"1em"[31m
                  [33mstroke[31m=[32m"currentColor"[31m
                  [33mstroke-width[31m=[32m"0"[31m
                  [33mviewBox[31m=[32m"0 0 512 512"[31m
                  [33mwidth[31m=[32m"1em"[31m
                  [33mxmlns[31m=[32m"http://www.w3.org/2000/svg"[31m
                [36m>[31m
                  [36m<path[31m
                    [33md[31m=[32m"M160 389a20.91 20.91 0 0 1-13.82-5.2l-128-112a21 21 0 0 1 0-31.6l128-112a21 21 0 0 1 27.66 31.61L63.89 256l109.94 96.19A21 21 0 0 1 160 389zm192 0a21 21 0 0 1-13.84-36.81L448.11 256l-109.94-96.19a21 21 0 0 1 27.66-31.61l128 112a21 21 0 0 1 0 31.6l-128 112A20.89 20.89 0 0 1 352 389z"[31m
                  [36m/>[31m
                [36m</svg>[31m
              [36m</button>[31m
            [36m</div>[31m
            [36m<div[31m
              [33mclass[31m=[32m"p-5"[31m
            [36m>[31m
              [36m<h1[31m
                [33mclass[31m=[32m"font-exo font-bold text-5xl"[31m
              [36m>[31m
                [0mDevLab[0m
              [36m</h1>[31m
            [36m</div>[31m
            [36m<div[31m
              [33mclass[31m=[32m"flex-1 flex flex-col gap-5 w-full"[31m
            [36m>[31m
              [36m<div>[31m
                [36m<div>[31m
                  [36m<a[31m
                    [33maria-current[31m=[32m"page"[31m
                    [33mclass[31m=[32m"flex items-center gap-3 font-inter text-[1.2rem] relative rounded px-5 p-3  overflow-hidden group hover:bg-[#9333EA] transition-all ease-out duration-300 NavBarText-laptop active"[31m
                    [33mdata-discover[31m=[32m"true"[31m
                    [33mhref[31m=[32m"/Main"[31m
                  [36m>[31m
                    [36m<span[31m
                      [33mclass[31m=[32m"text-xl"[31m
                    [36m>[31m
                      [36m<svg[31m
                        [33mfill[31m=[32m"currentColor"[31m
                        [33mheight[31m=[32m"24"[31m
                        [33mstroke[31m=[32m"currentColor"[31m
                        [33mstroke-width[31m=[32m"0"[31m
                        [33mviewBox[31m=[32m"0 0 512 512"[31m
                        [33mwidth[31m=[32m"24"[31m
                        [33mxmlns[31m=[32m"http://www.w3.org/2000/svg"[31m
                      [36m>[31m
                        [36m<rect[31m
                          [33mfill[31m=[32m"none"[31m
                          [33mheight[31m=[32m"176"[31m
                          [33mrx[31m=[32m"20"[31m
                          [33mry[31m=[32m"20"[31m
                          [33mstroke-linecap[31m=[32m"round"[31m
                          [33mstroke-linejoin[31m=[32m"round"[31m
                          [33mstroke-width[31m=[32m"32"[31m
                          [33mwidth[31m=[32m"176"[31m
                          [33mx[31m=[32m"48"[31m
                          [33my[31m=[32m"48"[31m
                        [36m/>[31m
                        [36m<rect[31m
                          [33mfill[31m=[32m"none"[31m
                          [33mheight[31m=[32m"176"[31m
                          [33mrx[31m=[32m"20"[31m
                          [33mry[31m=[32m"20"[31m
                          [33mstroke-linecap[31m=[32m"round"[31m
                          [33mstroke-linejoin[31m=[32m"round"[31m
                          [33mstroke-width[31m=[32m"32"[31m
                          [33mwidth[31m=[32m"176"[31m
                          [33mx[31m=[32m"288"[31m
                          [33my[31m=[32m"48"[31m
                        [36m/>[31m
                        [36m<rect[31m
                          [33mfill[31m=[32m"none"[31m
                          [33mheight[31m=[32m"176"[31m
                          [33mrx[31m=[32m"20"[31m
                          [33mry[31m=[32m"20"[31m
                          [33mstroke-linecap[31m=[32m"round"[31m
                 ...[39m
[31m   [31m├ù[31m Shop E2E Tests[2m > [22mTest 4: Shop grid skeleton display is shown during load, then resolves[90m 3[2mms[22m[31m[39m
[31m     ÔåÆ Unable to find an element with the text: Available Items. This could be because the text is broken up by multiple elements. In this case, you can provide a function for your text matcher to make your matcher more flexible.

Ignored nodes: comments, script, style
[36m<body>[31m
  [36m<div />[31m
[36m</body>[31m[39m
[31m   [31m├ù[31m Shop E2E Tests[2m > [22mTest 5: Coin balance changes are propagated and animated in real-time[33m 1667[2mms[22m[31m[39m
[31m     ÔåÆ Unable to find an element with the text: 150. This could be because the text is broken up by multiple elements. In this case, you can provide a function for your text matcher to make your matcher more flexible.

Ignored nodes: comments, script, style
[36m<body>[31m
  [36m<div>[31m
    [36m<div[31m
      [33mclass[31m=[32m"flex flex-col lg:flex-row bg-[#06060a] w-screen h-screen p-2 sm:p-4 gap-4 overflow-hidden relative selection:bg-purple-500/30"[31m
    [36m>[31m
      [36m<div[31m
        [33mclass[31m=[32m"absolute inset-0 bg-[linear-gradient(to_right,#80808012_1px,transparent_1px),linear-gradient(to_bottom,#80808012_1px,transparent_1px)] bg-[size:24px_24px] pointer-events-none"[31m
      [36m/>[31m
      [36m<div[31m
        [33mclass[31m=[32m"absolute inset-0 bg-gradient-to-br from-purple-900/10 via-transparent to-indigo-900/10 pointer-events-none"[31m
      [36m/>[31m
      [36m<div[31m
        [33mclass[31m=[32m"relative z-10 shrink-0"[31m
      [36m>[31m
        [36m<div[31m
          [33mclass[31m=[32m"fixed top-4 left-4 z-50 xl:hidden"[31m
        [36m>[31m
          [36m<button[31m
            [33mclass[31m=[32m"bg-[#9333EA] text-white p-2 rounded-lg shadow-md"[31m
          [36m>[31m
            [36m<svg[31m
              [33mfill[31m=[32m"currentColor"[31m
              [33mheight[31m=[32m"24"[31m
              [33mstroke[31m=[32m"currentColor"[31m
              [33mstroke-width[31m=[32m"0"[31m
              [33mviewBox[31m=[32m"0 0 512 512"[31m
              [33mwidth[31m=[32m"24"[31m
              [33mxmlns[31m=[32m"http://www.w3.org/2000/svg"[31m
            [36m>[31m
              [36m<path[31m
                [33md[31m=[32m"M160 389a20.91 20.91 0 0 1-13.82-5.2l-128-112a21 21 0 0 1 0-31.6l128-112a21 21 0 0 1 27.66 31.61L63.89 256l109.94 96.19A21 21 0 0 1 160 389zm192 0a21 21 0 0 1-13.84-36.81L448.11 256l-109.94-96.19a21 21 0 0 1 27.66-31.61l128 112a21 21 0 0 1 0 31.6l-128 112A20.89 20.89 0 0 1 352 389z"[31m
              [36m/>[31m
            [36m</svg>[31m
          [36m</button>[31m
        [36m</div>[31m
        [36m<div[31m
          [33mclass[31m=[32m"
          flex flex-col p-3 items-center text-white h-screen overflow-y-auto scrollbar-custom transition-all duration-300
          fixed top-0 left-0 z-40
          -translate-x-full
          lg:-translate-x-full 
          false
          xl:w-75
          xl:relative xl:translate-x-0
          
        "[31m
        [36m>[31m
          [36m<div[31m
            [33mclass[31m=[32m"hidden xl:flex justify-end mb-4 self-end"[31m
          [36m>[31m
            [36m<button[31m
              [33mclass[31m=[32m"bg-[#9333EA] text-white p-2 rounded-full hover:bg-[#7b22c5] transition duration-200 cursor-pointer"[31m
            [36m>[31m
              [36m<svg[31m
                [33mfill[31m=[32m"currentColor"[31m
                [33mheight[31m=[32m"1em"[31m
                [33mstroke[31m=[32m"currentColor"[31m
                [33mstroke-width[31m=[32m"0"[31m
                [33mviewBox[31m=[32m"0 0 512 512"[31m
                [33mwidth[31m=[32m"1em"[31m
                [33mxmlns[31m=[32m"http://www.w3.org/2000/svg"[31m
              [36m>[31m
                [36m<path[31m
                  [33md[31m=[32m"M160 389a20.91 20.91 0 0 1-13.82-5.2l-128-112a21 21 0 0 1 0-31.6l128-112a21 21 0 0 1 27.66 31.61L63.89 256l109.94 96.19A21 21 0 0 1 160 389zm192 0a21 21 0 0 1-13.84-36.81L448.11 256l-109.94-96.19a21 21 0 0 1 27.66-31.61l128 112a21 21 0 0 1 0 31.6l-128 112A20.89 20.89 0 0 1 352 389z"[31m
                [36m/>[31m
              [36m</svg>[31m
            [36m</button>[31m
          [36m</div>[31m
          [36m<div[31m
            [33mclass[31m=[32m"p-5"[31m
          [36m>[31m
            [36m<h1[31m
              [33mclass[31m=[32m"font-exo font-bold text-5xl"[31m
            [36m>[31m
              [0mDevLab[0m
            [36m</h1>[31m
          [36m</div>[31m
          [36m<div[31m
            [33mclass[31m=[32m"flex-1 flex flex-col gap-5 w-full"[31m
          [36m>[31m
            [36m<div>[31m
              [36m<div>[31m
                [36m<a[31m
                  [33maria-current[31m=[32m"page"[31m
                  [33mclass[31m=[32m"flex items-center gap-3 font-inter text-[1.2rem] relative rounded px-5 p-3  overflow-hidden group hover:bg-[#9333EA] transition-all ease-out duration-300 NavBarText-laptop active"[31m
                  [33mdata-discover[31m=[32m"true"[31m
                  [33mhref[31m=[32m"/Main"[31m
                [36m>[31m
                  [36m<span[31m
                    [33mclass[31m=[32m"text-xl"[31m
                  [36m>[31m
                    [36m<svg[31m
                      [33mfill[31m=[32m"currentColor"[31m
                      [33mheight[31m=[32m"24"[31m
                      [33mstroke[31m=[32m"currentColor"[31m
                      [33mstroke-width[31m=[32m"0"[31m
                      [33mviewBox[31m=[32m"0 0 512 512"[31m
                      [33mwidth[31m=[32m"24"[31m
                      [33mxmlns[31m=[32m"http://www.w3.org/2000/svg"[31m
                    [36m>[31m
                      [36m<rect[31m
                        [33mfill[31m=[32m"none"[31m
                        [33mheight[31m=[32m"176"[31m
                        [33mrx[31m=[32m"20"[31m
                        [33mry[31m=[32m"20"[31m
                        [33mstroke-linecap[31m=[32m"round"[31m
                        [33mstroke-linejoin[31m=[32m"round"[31m
                        [33mstroke-width[31m=[32m"32"[31m
                        [33mwidth[31m=[32m"176"[31m
                        [33mx[31m=[32m"48"[31m
                        [33my[31m=[32m"48"[31m
                      [36m/>[31m
                      [36m<rect[31m
                        [33mfill[31m=[32m"none"[31m
                        [33mheight[31m=[32m"176"[31m
                        [33mrx[31m=[32m"20"[31m
                        [33mry[31m=[32m"20"[31m
                        [33mstroke-linecap[31m=[32m"round"[31m
                        [33mstroke-linejoin[31m=[32m"round"[31m
                        [33mstroke-width[31m=[32m"32"[31m
                        [33mwidth[31m=[32m"176"[31m
                        [33mx[31m=[32m"288"[31m
                        [33my[31m=[32m"48"[31m
                      [36m/>[31m
                      [36m<rect[31m
                        [33mfill[31m=[32m"none"[31m
                        [33mheight[31m=[32m"176"[31m
                        [33mrx[31m=[32m"20"[31m
                        [33mry[31m=[32m"20"[31m
                        [33mstroke-linecap[31m=[32m"round"[31m
                        [33mstroke-linejoin[31m=[32m"round"[31m
                        [33mstroke-width[31m=[32m"32"[31m
                        [33mwidth[31m=[32m"176"[31m
                        [33mx[31m=[32m"48"[31m
                        [33my[31m=[32m"288"[31m
        ...

Ignored nodes: comments, script, style
[36m<html>[31m
  [36m<head />[31m
  [36m<body>[31m
    [36m<div>[31m
      [36m<div[31m
        [33mclass[31m=[32m"flex flex-col lg:flex-row bg-[#06060a] w-screen h-screen p-2 sm:p-4 gap-4 overflow-hidden relative selection:bg-purple-500/30"[31m
      [36m>[31m
        [36m<div[31m
          [33mclass[31m=[32m"absolute inset-0 bg-[linear-gradient(to_right,#80808012_1px,transparent_1px),linear-gradient(to_bottom,#80808012_1px,transparent_1px)] bg-[size:24px_24px] pointer-events-none"[31m
        [36m/>[31m
        [36m<div[31m
          [33mclass[31m=[32m"absolute inset-0 bg-gradient-to-br from-purple-900/10 via-transparent to-indigo-900/10 pointer-events-none"[31m
        [36m/>[31m
        [36m<div[31m
          [33mclass[31m=[32m"relative z-10 shrink-0"[31m
        [36m>[31m
          [36m<div[31m
            [33mclass[31m=[32m"fixed top-4 left-4 z-50 xl:hidden"[31m
          [36m>[31m
            [36m<button[31m
              [33mclass[31m=[32m"bg-[#9333EA] text-white p-2 rounded-lg shadow-md"[31m
            [36m>[31m
              [36m<svg[31m
                [33mfill[31m=[32m"currentColor"[31m
                [33mheight[31m=[32m"24"[31m
                [33mstroke[31m=[32m"currentColor"[31m
                [33mstroke-width[31m=[32m"0"[31m
                [33mviewBox[31m=[32m"0 0 512 512"[31m
                [33mwidth[31m=[32m"24"[31m
                [33mxmlns[31m=[32m"http://www.w3.org/2000/svg"[31m
              [36m>[31m
                [36m<path[31m
                  [33md[31m=[32m"M160 389a20.91 20.91 0 0 1-13.82-5.2l-128-112a21 21 0 0 1 0-31.6l128-112a21 21 0 0 1 27.66 31.61L63.89 256l109.94 96.19A21 21 0 0 1 160 389zm192 0a21 21 0 0 1-13.84-36.81L448.11 256l-109.94-96.19a21 21 0 0 1 27.66-31.61l128 112a21 21 0 0 1 0 31.6l-128 112A20.89 20.89 0 0 1 352 389z"[31m
                [36m/>[31m
              [36m</svg>[31m
            [36m</button>[31m
          [36m</div>[31m
          [36m<div[31m
            [33mclass[31m=[32m"
          flex flex-col p-3 items-center text-white h-screen overflow-y-auto scrollbar-custom transition-all duration-300
          fixed top-0 left-0 z-40
          -translate-x-full
          lg:-translate-x-full 
          false
          xl:w-75
          xl:relative xl:translate-x-0
          
        "[31m
          [36m>[31m
            [36m<div[31m
              [33mclass[31m=[32m"hidden xl:flex justify-end mb-4 self-end"[31m
            [36m>[31m
              [36m<button[31m
                [33mclass[31m=[32m"bg-[#9333EA] text-white p-2 rounded-full hover:bg-[#7b22c5] transition duration-200 cursor-pointer"[31m
              [36m>[31m
                [36m<svg[31m
                  [33mfill[31m=[32m"currentColor"[31m
                  [33mheight[31m=[32m"1em"[31m
                  [33mstroke[31m=[32m"currentColor"[31m
                  [33mstroke-width[31m=[32m"0"[31m
                  [33mviewBox[31m=[32m"0 0 512 512"[31m
                  [33mwidth[31m=[32m"1em"[31m
                  [33mxmlns[31m=[32m"http://www.w3.org/2000/svg"[31m
                [36m>[31m
                  [36m<path[31m
                    [33md[31m=[32m"M160 389a20.91 20.91 0 0 1-13.82-5.2l-128-112a21 21 0 0 1 0-31.6l128-112a21 21 0 0 1 27.66 31.61L63.89 256l109.94 96.19A21 21 0 0 1 160 389zm192 0a21 21 0 0 1-13.84-36.81L448.11 256l-109.94-96.19a21 21 0 0 1 27.66-31.61l128 112a21 21 0 0 1 0 31.6l-128 112A20.89 20.89 0 0 1 352 389z"[31m
                  [36m/>[31m
                [36m</svg>[31m
              [36m</button>[31m
            [36m</div>[31m
            [36m<div[31m
              [33mclass[31m=[32m"p-5"[31m
            [36m>[31m
              [36m<h1[31m
                [33mclass[31m=[32m"font-exo font-bold text-5xl"[31m
              [36m>[31m
                [0mDevLab[0m
              [36m</h1>[31m
            [36m</div>[31m
            [36m<div[31m
              [33mclass[31m=[32m"flex-1 flex flex-col gap-5 w-full"[31m
            [36m>[31m
              [36m<div>[31m
                [36m<div>[31m
                  [36m<a[31m
                    [33maria-current[31m=[32m"page"[31m
                    [33mclass[31m=[32m"flex items-center gap-3 font-inter text-[1.2rem] relative rounded px-5 p-3  overflow-hidden group hover:bg-[#9333EA] transition-all ease-out duration-300 NavBarText-laptop active"[31m
                    [33mdata-discover[31m=[32m"true"[31m
                    [33mhref[31m=[32m"/Main"[31m
                  [36m>[31m
                    [36m<span[31m
                      [33mclass[31m=[32m"text-xl"[31m
                    [36m>[31m
                      [36m<svg[31m
                        [33mfill[31m=[32m"currentColor"[31m
                        [33mheight[31m=[32m"24"[31m
                        [33mstroke[31m=[32m"currentColor"[31m
                        [33mstroke-width[31m=[32m"0"[31m
                        [33mviewBox[31m=[32m"0 0 512 512"[31m
                        [33mwidth[31m=[32m"24"[31m
                        [33mxmlns[31m=[32m"http://www.w3.org/2000/svg"[31m
                      [36m>[31m
                        [36m<rect[31m
                          [33mfill[31m=[32m"none"[31m
                          [33mheight[31m=[32m"176"[31m
                          [33mrx[31m=[32m"20"[31m
                          [33mry[31m=[32m"20"[31m
                          [33mstroke-linecap[31m=[32m"round"[31m
                          [33mstroke-linejoin[31m=[32m"round"[31m
                          [33mstroke-width[31m=[32m"32"[31m
                          [33mwidth[31m=[32m"176"[31m
                          [33mx[31m=[32m"48"[31m
                          [33my[31m=[32m"48"[31m
                        [36m/>[31m
                        [36m<rect[31m
                          [33mfill[31m=[32m"none"[31m
                          [33mheight[31m=[32m"176"[31m
                          [33mrx[31m=[32m"20"[31m
                          [33mry[31m=[32m"20"[31m
                          [33mstroke-linecap[31m=[32m"round"[31m
                          [33mstroke-linejoin[31m=[32m"round"[31m
                          [33mstroke-width[31m=[32m"32"[31m
                          [33mwidth[31m=[32m"176"[31m
                          [33mx[31m=[32m"288"[31m
                          [33my[31m=[32m"48"[31m
                        [36m/>[31m
                        [36m<rect[31m
                          [33mfill[31m=[32m"none"[31m
                          [33mheight[31m=[32m"176"[31m
                          [33mrx[31m=[32m"20"[31m
                          [33mry[31m=[32m"20"[31m
                          [33mstroke-linecap[31m=[32m"round"[31m
                 ...[39m
 [31mÔØ»[39m [34m|e2e|[39m tests/e2e/auth.test.tsx [2m([22m[2m5 tests[22m[2m | [22m[31m3 failed[39m[2m)[22m[33m 5806[2mms[22m[39m
[31m   [31m├ù[31m Auth E2E Tests[2m > [22mTest 1: Happy path login (verifies redirection on valid login)[33m 3415[2mms[22m[31m[39m
[31m     ÔåÆ Unable to find an element with the text: /Dashboard/i. This could be because the text is broken up by multiple elements. In this case, you can provide a function for your text matcher to make your matcher more flexible.

Ignored nodes: comments, script, style
[36m<body>[31m
  [36m<div>[31m
    [36m<div[31m
      [33mclass[31m=[32m"flex min-h-screen bg-[#06060a] font-inter selection:bg-purple-500/30"[31m
    [36m>[31m
      [36m<div[31m
        [33mclass[31m=[32m"w-full lg:w-[30%] min-w-[320px] max-w-xl lg:max-w-none mx-auto flex flex-col justify-center px-8 sm:px-12 py-10 bg-[#0b0b12] relative shadow-[20px_0_60px_rgba(0,0,0,0.6)] z-20 border-r border-[#1e1e2e]"[31m
      [36m>[31m
        [36m<div[31m
          [33mclass[31m=[32m"w-full"[31m
          [33mstyle[31m=[32m"opacity: 1; transform: none;"[31m
        [36m>[31m
          [36m<div[31m
            [33mclass[31m=[32m"mb-10 text-center sm:text-left"[31m
          [36m>[31m
            [36m<h2[31m
              [33mclass[31m=[32m"text-3xl font-bold text-white font-exo tracking-tight mb-2"[31m
            [36m>[31m
              [0mWelcome back[0m
            [36m</h2>[31m
            [36m<p[31m
              [33mclass[31m=[32m"text-slate-400 font-light tracking-wide text-sm"[31m
            [36m>[31m
              [0mEnter your credentials to access your account.[0m
            [36m</p>[31m
          [36m</div>[31m
          [36m<form[31m
            [33mautocomplete[31m=[32m"off"[31m
            [33mclass[31m=[32m"w-full flex flex-col gap-5"[31m
          [36m>[31m
            [36m<div[31m
              [33mclass[31m=[32m"relative group"[31m
            [36m>[31m
              [36m<div[31m
                [33mclass[31m=[32m"absolute inset-y-0 left-0 pl-4 flex items-center pointer-events-none"[31m
              [36m>[31m
                [36m<svg[31m
                  [33mclass[31m=[32m"text-slate-500 group-focus-within:text-purple-400 transition-colors"[31m
                  [33mfill[31m=[32m"currentColor"[31m
                  [33mheight[31m=[32m"1em"[31m
                  [33mstroke[31m=[32m"currentColor"[31m
                  [33mstroke-width[31m=[32m"0"[31m
                  [33mviewBox[31m=[32m"0 0 512 512"[31m
                  [33mwidth[31m=[32m"1em"[31m
                  [33mxmlns[31m=[32m"http://www.w3.org/2000/svg"[31m
                [36m>[31m
                  [36m<path[31m
                    [33md[31m=[32m"M424 80H88a56.06 56.06 0 0 0-56 56v240a56.06 56.06 0 0 0 56 56h336a56.06 56.06 0 0 0 56-56V136a56.06 56.06 0 0 0-56-56zm-14.18 92.63-144 112a16 16 0 0 1-19.64 0l-144-112a16 16 0 1 1 19.64-25.26L256 251.73l134.18-104.36a16 16 0 0 1 19.64 25.26z"[31m
                  [36m/>[31m
                [36m</svg>[31m
              [36m</div>[31m
              [36m<input[31m
                [33mclass[31m=[32m"w-full h-14 bg-[#13131f] text-white placeholder-slate-500 rounded-xl pl-11 pr-4 border border-[#2a2a3c] focus:border-purple-500 focus:ring-1 focus:ring-purple-500/50 outline-none transition-all"[31m
                [33mplaceholder[31m=[32m"Email address"[31m
                [33mrequired[31m=[32m""[31m
                [33mtype[31m=[32m"email"[31m
                [33mvalue[31m=[32m"test@example.com"[31m
              [36m/>[31m
            [36m</div>[31m
            [36m<div[31m
              [33mclass[31m=[32m"relative group"[31m
            [36m>[31m
              [36m<div[31m
                [33mclass[31m=[32m"absolute inset-y-0 left-0 pl-4 flex items-center pointer-events-none"[31m
              [36m>[31m
                [36m<svg[31m
                  [33mclass[31m=[32m"text-slate-500 group-focus-within:text-purple-400 transition-colors"[31m
                  [33mfill[31m=[32m"currentColor"[31m
                  [33mheight[31m=[32m"1em"[31m
                  [33mstroke[31m=[32m"currentColor"[31m
                  [33mstroke-width[31m=[32m"0"[31m
                  [33mviewBox[31m=[32m"0 0 512 512"[31m
                  [33mwidth[31m=[32m"1em"[31m
                  [33mxmlns[31m=[32m"http://www.w3.org/2000/svg"[31m
                [36m>[31m
                  [36m<path[31m
                    [33md[31m=[32m"M368 192H192v-80a64 64 0 1 1 128 0 16 16 0 0 0 32 0 96 96 0 1 0-192 0v80h-16a64.07 64.07 0 0 0-64 64v176a64.07 64.07 0 0 0 64 64h224a64.07 64.07 0 0 0 64-64V256a64.07 64.07 0 0 0-64-64z"[31m
                  [36m/>[31m
                [36m</svg>[31m
              [36m</div>[31m
              [36m<input[31m
                [33mclass[31m=[32m"w-full h-14 bg-[#13131f] text-white placeholder-slate-500 rounded-xl pl-11 pr-12 border border-[#2a2a3c] focus:border-purple-500 focus:ring-1 focus:ring-purple-500/50 outline-none transition-all"[31m
                [33mplaceholder[31m=[32m"Password"[31m
                [33mrequired[31m=[32m""[31m
                [33mtype[31m=[32m"password"[31m
                [33mvalue[31m=[32m"Password123!"[31m
              [36m/>[31m
              [36m<button[31m
                [33mclass[31m=[32m"absolute inset-y-0 right-0 pr-4 flex items-center text-slate-500 hover:text-white transition-colors"[31m
                [33mtype[31m=[32m"button"[31m
              [36m>[31m
                [36m<svg[31m
                  [33mfill[31m=[32m"currentColor"[31m
                  [33mheight[31m=[32m"1em"[31m
                  [33mstroke[31m=[32m"currentColor"[31m
                  [33mstroke-width[31m=[32m"0"[31m
                  [33mviewBox[31m=[32m"0 0 512 512"[31m
                  [33mwidth[31m=[32m"1em"[31m
                  [33mxmlns[31m=[32m"http://www.w3.org/2000/svg"[31m
                [36m>[31m
                  [36m<circle[31m
                    [33mcx[31m=[32m"256"[31m
                    [33mcy[31m=[32m"256"[31m
                    [33mr[31m=[32m"64"[31m
                  [36m/>[31m
                  [36m<path[31m
                    [33md[31m=[32m"M490.84 238.6c-26.46-40.92-60.79-75.68-99.27-100.53C349 110.55 302 96 255.66 96c-42.52 0-84.33 12.15-124.27 36.11-40.73 24.43-77.63 60.12-109.68 106.07a31.92 31.92 0 0 0-.64 35.54c26.41 41.33 60.4 76.14 98.28 100.65C162 402 207.9 416 255.66 416c46.71 0 93.81-14.43 136.2-41.72 38.46-24.77 72.72-59.66 99.08-100.92a32.2 32.2 0 0 0-.1-34.76zM256 352a96 96 0 1 1 96-96 96.11 96.11 0 0 1-96 96z"[31m
                  [36m/>[31m
                [36m</svg>[31m
              [36m</button>[31m
            [36m</div>[31m
            [36m<div[31m
              [33mclass[31m=[32m"flex items-center justify-between mt-2"[31m
            [36m>[31m
              [36m<label[31m
                [33mclass[31m=[32m"flex items-center gap-2 cursor-pointer group"[31m
              [36m>[31m
                [36m<div[31m
                  [33mclass[31m=[32m"relative flex items-center justify-center w-5 h-5 rounded border border-[#2a2a3c] bg-[#13131f] group-hover:border-purple-500 transition-colors"[31m
                [36m>[31m
                  [36m<input[31m
...

Ignored nodes: comments, script, style
[36m<html>[31m
  [36m<head />[31m
  [36m<body>[31m
    [36m<div>[31m
      [36m<div[31m
        [33mclass[31m=[32m"flex min-h-screen bg-[#06060a] font-inter selection:bg-purple-500/30"[31m
      [36m>[31m
        [36m<div[31m
          [33mclass[31m=[32m"w-full lg:w-[30%] min-w-[320px] max-w-xl lg:max-w-none mx-auto flex flex-col justify-center px-8 sm:px-12 py-10 bg-[#0b0b12] relative shadow-[20px_0_60px_rgba(0,0,0,0.6)] z-20 border-r border-[#1e1e2e]"[31m
        [36m>[31m
          [36m<div[31m
            [33mclass[31m=[32m"w-full"[31m
            [33mstyle[31m=[32m"opacity: 1; transform: none;"[31m
          [36m>[31m
            [36m<div[31m
              [33mclass[31m=[32m"mb-10 text-center sm:text-left"[31m
            [36m>[31m
              [36m<h2[31m
                [33mclass[31m=[32m"text-3xl font-bold text-white font-exo tracking-tight mb-2"[31m
              [36m>[31m
                [0mWelcome back[0m
              [36m</h2>[31m
              [36m<p[31m
                [33mclass[31m=[32m"text-slate-400 font-light tracking-wide text-sm"[31m
              [36m>[31m
                [0mEnter your credentials to access your account.[0m
              [36m</p>[31m
            [36m</div>[31m
            [36m<form[31m
              [33mautocomplete[31m=[32m"off"[31m
              [33mclass[31m=[32m"w-full flex flex-col gap-5"[31m
            [36m>[31m
              [36m<div[31m
                [33mclass[31m=[32m"relative group"[31m
              [36m>[31m
                [36m<div[31m
                  [33mclass[31m=[32m"absolute inset-y-0 left-0 pl-4 flex items-center pointer-events-none"[31m
                [36m>[31m
                  [36m<svg[31m
                    [33mclass[31m=[32m"text-slate-500 group-focus-within:text-purple-400 transition-colors"[31m
                    [33mfill[31m=[32m"currentColor"[31m
                    [33mheight[31m=[32m"1em"[31m
                    [33mstroke[31m=[32m"currentColor"[31m
                    [33mstroke-width[31m=[32m"0"[31m
                    [33mviewBox[31m=[32m"0 0 512 512"[31m
                    [33mwidth[31m=[32m"1em"[31m
                    [33mxmlns[31m=[32m"http://www.w3.org/2000/svg"[31m
                  [36m>[31m
                    [36m<path[31m
                      [33md[31m=[32m"M424 80H88a56.06 56.06 0 0 0-56 56v240a56.06 56.06 0 0 0 56 56h336a56.06 56.06 0 0 0 56-56V136a56.06 56.06 0 0 0-56-56zm-14.18 92.63-144 112a16 16 0 0 1-19.64 0l-144-112a16 16 0 1 1 19.64-25.26L256 251.73l134.18-104.36a16 16 0 0 1 19.64 25.26z"[31m
                    [36m/>[31m
                  [36m</svg>[31m
                [36m</div>[31m
                [36m<input[31m
                  [33mclass[31m=[32m"w-full h-14 bg-[#13131f] text-white placeholder-slate-500 rounded-xl pl-11 pr-4 border border-[#2a2a3c] focus:border-purple-500 focus:ring-1 focus:ring-purple-500/50 outline-none transition-all"[31m
                  [33mplaceholder[31m=[32m"Email address"[31m
                  [33mrequired[31m=[32m""[31m
                  [33mtype[31m=[32m"email"[31m
                  [33mvalue[31m=[32m"test@example.com"[31m
                [36m/>[31m
              [36m</div>[31m
              [36m<div[31m
                [33mclass[31m=[32m"relative group"[31m
              [36m>[31m
                [36m<div[31m
                  [33mclass[31m=[32m"absolute inset-y-0 left-0 pl-4 flex items-center pointer-events-none"[31m
                [36m>[31m
                  [36m<svg[31m
                    [33mclass[31m=[32m"text-slate-500 group-focus-within:text-purple-400 transition-colors"[31m
                    [33mfill[31m=[32m"currentColor"[31m
                    [33mheight[31m=[32m"1em"[31m
                    [33mstroke[31m=[32m"currentColor"[31m
                    [33mstroke-width[31m=[32m"0"[31m
                    [33mviewBox[31m=[32m"0 0 512 512"[31m
                    [33mwidth[31m=[32m"1em"[31m
                    [33mxmlns[31m=[32m"http://www.w3.org/2000/svg"[31m
                  [36m>[31m
                    [36m<path[31m
                      [33md[31m=[32m"M368 192H192v-80a64 64 0 1 1 128 0 16 16 0 0 0 32 0 96 96 0 1 0-192 0v80h-16a64.07 64.07 0 0 0-64 64v176a64.07 64.07 0 0 0 64 64h224a64.07 64.07 0 0 0 64-64V256a64.07 64.07 0 0 0-64-64z"[31m
                    [36m/>[31m
                  [36m</svg>[31m
                [36m</div>[31m
                [36m<input[31m
                  [33mclass[31m=[32m"w-full h-14 bg-[#13131f] text-white placeholder-slate-500 rounded-xl pl-11 pr-12 border border-[#2a2a3c] focus:border-purple-500 focus:ring-1 focus:ring-purple-500/50 outline-none transition-all"[31m
                  [33mplaceholder[31m=[32m"Password"[31m
                  [33mrequired[31m=[32m""[31m
                  [33mtype[31m=[32m"password"[31m
                  [33mvalue[31m=[32m"Password123!"[31m
                [36m/>[31m
                [36m<button[31m
                  [33mclass[31m=[32m"absolute inset-y-0 right-0 pr-4 flex items-center text-slate-500 hover:text-white transition-colors"[31m
                  [33mtype[31m=[32m"button"[31m
                [36m>[31m
                  [36m<svg[31m
                    [33mfill[31m=[32m"currentColor"[31m
                    [33mheight[31m=[32m"1em"[31m
                    [33mstroke[31m=[32m"currentColor"[31m
                    [33mstroke-width[31m=[32m"0"[31m
                    [33mviewBox[31m=[32m"0 0 512 512"[31m
                    [33mwidth[31m=[32m"1em"[31m
                    [33mxmlns[31m=[32m"http://www.w3.org/2000/svg"[31m
                  [36m>[31m
                    [36m<circle[31m
                      [33mcx[31m=[32m"256"[31m
                      [33mcy[31m=[32m"256"[31m
                      [33mr[31m=[32m"64"[31m
                    [36m/>[31m
                    [36m<path[31m
                      [33md[31m=[32m"M490.84 238.6c-26.46-40.92-60.79-75.68-99.27-100.53C349 110.55 302 96 255.66 96c-42.52 0-84.33 12.15-124.27 36.11-40.73 24.43-77.63 60.12-109.68 106.07a31.92 31.92 0 0 0-.64 35.54c26.41 41.33 60.4 76.14 98.28 100.65C162 402 207.9 416 255.66 416c46.71 0 93.81-14.43 136.2-41.72 38.46-24.77 72.72-59.66 99.08-100.92a32.2 32.2 0 0 0-.1-34.76zM256 352a96 96 0 1 1 96-96 96.11 96.11 0 0 1-96 96z"[31m
                    [36m/>[31m
                  [36m</svg>[31m
                [36m</button>[31m
              [36m</div>[31m
              [36m<div[31m
                [33mclass[31m=[32m"flex items-center justify-between mt-2"[31m
              [36m>[31m
                [36m<label[31m
                  [33mclass[31m=[32m"flex items-center gap-2 cursor-pointer group"[31m
                [36m>[31m
           ...[39m
[31m   [31m├ù[31m Auth E2E Tests[2m > [22mTest 4: Unverified email block (verifies signout and error toast when user has verified=false)[33m 1047[2mms[22m[31m[39m
[31m     ÔåÆ expected "spy" to be called with arguments: [ ÔÇª(2) ][90m

Received: 

[1m  1st spy call:

[22m[2m  Array [[22m
[32m-   "Your email has not been verified yet.",[90m
[32m-   Any<Object>,[90m
[31m+   "Login failed. Please try again.",[90m
[31m+   Object {[90m
[31m+     "position": "top-center",[90m
[31m+     "theme": "colored",[90m
[31m+   },[90m
[2m  ][22m
[31m[90m

Number of calls: [1m1[22m
[31m

Ignored nodes: comments, script, style
[36m<html>[31m
  [36m<head />[31m
  [36m<body>[31m
    [36m<div>[31m
      [36m<div[31m
        [33mclass[31m=[32m"flex min-h-screen bg-[#06060a] font-inter selection:bg-purple-500/30"[31m
      [36m>[31m
        [36m<div[31m
          [33mclass[31m=[32m"w-full lg:w-[30%] min-w-[320px] max-w-xl lg:max-w-none mx-auto flex flex-col justify-center px-8 sm:px-12 py-10 bg-[#0b0b12] relative shadow-[20px_0_60px_rgba(0,0,0,0.6)] z-20 border-r border-[#1e1e2e]"[31m
        [36m>[31m
          [36m<div[31m
            [33mclass[31m=[32m"w-full"[31m
            [33mstyle[31m=[32m"opacity: 1; transform: none;"[31m
          [36m>[31m
            [36m<div[31m
              [33mclass[31m=[32m"mb-10 text-center sm:text-left"[31m
            [36m>[31m
              [36m<h2[31m
                [33mclass[31m=[32m"text-3xl font-bold text-white font-exo tracking-tight mb-2"[31m
              [36m>[31m
                [0mWelcome back[0m
              [36m</h2>[31m
              [36m<p[31m
                [33mclass[31m=[32m"text-slate-400 font-light tracking-wide text-sm"[31m
              [36m>[31m
                [0mEnter your credentials to access your account.[0m
              [36m</p>[31m
            [36m</div>[31m
            [36m<form[31m
              [33mautocomplete[31m=[32m"off"[31m
              [33mclass[31m=[32m"w-full flex flex-col gap-5"[31m
            [36m>[31m
              [36m<div[31m
                [33mclass[31m=[32m"relative group"[31m
              [36m>[31m
                [36m<div[31m
                  [33mclass[31m=[32m"absolute inset-y-0 left-0 pl-4 flex items-center pointer-events-none"[31m
                [36m>[31m
                  [36m<svg[31m
                    [33mclass[31m=[32m"text-slate-500 group-focus-within:text-purple-400 transition-colors"[31m
                    [33mfill[31m=[32m"currentColor"[31m
                    [33mheight[31m=[32m"1em"[31m
                    [33mstroke[31m=[32m"currentColor"[31m
                    [33mstroke-width[31m=[32m"0"[31m
                    [33mviewBox[31m=[32m"0 0 512 512"[31m
                    [33mwidth[31m=[32m"1em"[31m
                    [33mxmlns[31m=[32m"http://www.w3.org/2000/svg"[31m
                  [36m>[31m
                    [36m<path[31m
                      [33md[31m=[32m"M424 80H88a56.06 56.06 0 0 0-56 56v240a56.06 56.06 0 0 0 56 56h336a56.06 56.06 0 0 0 56-56V136a56.06 56.06 0 0 0-56-56zm-14.18 92.63-144 112a16 16 0 0 1-19.64 0l-144-112a16 16 0 1 1 19.64-25.26L256 251.73l134.18-104.36a16 16 0 0 1 19.64 25.26z"[31m
                    [36m/>[31m
                  [36m</svg>[31m
                [36m</div>[31m
                [36m<input[31m
                  [33mclass[31m=[32m"w-full h-14 bg-[#13131f] text-white placeholder-slate-500 rounded-xl pl-11 pr-4 border border-[#2a2a3c] focus:border-purple-500 focus:ring-1 focus:ring-purple-500/50 outline-none transition-all"[31m
                  [33mplaceholder[31m=[32m"Email address"[31m
                  [33mrequired[31m=[32m""[31m
                  [33mtype[31m=[32m"email"[31m
                  [33mvalue[31m=[32m"unverified@example.com"[31m
                [36m/>[31m
              [36m</div>[31m
              [36m<div[31m
                [33mclass[31m=[32m"relative group"[31m
              [36m>[31m
                [36m<div[31m
                  [33mclass[31m=[32m"absolute inset-y-0 left-0 pl-4 flex items-center pointer-events-none"[31m
                [36m>[31m
                  [36m<svg[31m
                    [33mclass[31m=[32m"text-slate-500 group-focus-within:text-purple-400 transition-colors"[31m
                    [33mfill[31m=[32m"currentColor"[31m
                    [33mheight[31m=[32m"1em"[31m
                    [33mstroke[31m=[32m"currentColor"[31m
                    [33mstroke-width[31m=[32m"0"[31m
                    [33mviewBox[31m=[32m"0 0 512 512"[31m
                    [33mwidth[31m=[32m"1em"[31m
                    [33mxmlns[31m=[32m"http://www.w3.org/2000/svg"[31m
                  [36m>[31m
                    [36m<path[31m
                      [33md[31m=[32m"M368 192H192v-80a64 64 0 1 1 128 0 16 16 0 0 0 32 0 96 96 0 1 0-192 0v80h-16a64.07 64.07 0 0 0-64 64v176a64.07 64.07 0 0 0 64 64h224a64.07 64.07 0 0 0 64-64V256a64.07 64.07 0 0 0-64-64z"[31m
                    [36m/>[31m
                  [36m</svg>[31m
                [36m</div>[31m
                [36m<input[31m
                  [33mclass[31m=[32m"w-full h-14 bg-[#13131f] text-white placeholder-slate-500 rounded-xl pl-11 pr-12 border border-[#2a2a3c] focus:border-purple-500 focus:ring-1 focus:ring-purple-500/50 outline-none transition-all"[31m
                  [33mplaceholder[31m=[32m"Password"[31m
                  [33mrequired[31m=[32m""[31m
                  [33mtype[31m=[32m"password"[31m
                  [33mvalue[31m=[32m"Password123!"[31m
                [36m/>[31m
                [36m<button[31m
                  [33mclass[31m=[32m"absolute inset-y-0 right-0 pr-4 flex items-center text-slate-500 hover:text-white transition-colors"[31m
                  [33mtype[31m=[32m"button"[31m
                [36m>[31m
                  [36m<svg[31m
                    [33mfill[31m=[32m"currentColor"[31m
                    [33mheight[31m=[32m"1em"[31m
                    [33mstroke[31m=[32m"currentColor"[31m
                    [33mstroke-width[31m=[32m"0"[31m
                    [33mviewBox[31m=[32m"0 0 512 512"[31m
                    [33mwidth[31m=[32m"1em"[31m
                    [33mxmlns[31m=[32m"http://www.w3.org/2000/svg"[31m
                  [36m>[31m
                    [36m<circle[31m
                      [33mcx[31m=[32m"256"[31m
                      [33mcy[31m=[32m"256"[31m
                      [33mr[31m=[32m"64"[31m
                    [36m/>[31m
                    [36m<path[31m
                      [33md[31m=[32m"M490.84 238.6c-26.46-40.92-60.79-75.68-99.27-100.53C349 110.55 302 96 255.66 96c-42.52 0-84.33 12.15-124.27 36.11-40.73 24.43-77.63 60.12-109.68 106.07a31.92 31.92 0 0 0-.64 35.54c26.41 41.33 60.4 76.14 98.28 100.65C162 402 207.9 416 255.66 416c46.71 0 93.81-14.43 136.2-41.72 38.46-24.77 72.72-59.66 99.08-100.92a32.2 32.2 0 0 0-.1-34.76zM256 352a96 96 0 1 1 96-96 96.11 96.11 0 0 1-96 96z"[31m
                    [36m/>[31m
                  [36m</svg>[31m
                [36m</button>[31m
              [36m</div>[31m
              [36m<div[31m
                [33mclass[31m=[32m"flex items-center justify-between mt-2"[31m
              [36m>[31m
                [36m<label[31m
                  [33mclass[31m=[32m"flex items-center gap-2 cursor-pointer group"[31m
                [36m>[31m
     ...[39m
[31m   [31m├ù[31m Auth E2E Tests[2m > [22mTest 5: Account suspension block (verifies signout and error toast when user has isSuspend=true)[33m 1031[2mms[22m[31m[39m
[31m     ÔåÆ expected "spy" to be called with arguments: [ ÔÇª(2) ][90m

Received: 

[1m  1st spy call:

[22m[2m  Array [[22m
[32m-   "Your account has been suspended.",[90m
[32m-   Any<Object>,[90m
[31m+   "Login failed. Please try again.",[90m
[31m+   Object {[90m
[31m+     "position": "top-center",[90m
[31m+     "theme": "colored",[90m
[31m+   },[90m
[2m  ][22m
[31m[90m

Number of calls: [1m1[22m
[31m

Ignored nodes: comments, script, style
[36m<html>[31m
  [36m<head />[31m
  [36m<body>[31m
    [36m<div>[31m
      [36m<div[31m
        [33mclass[31m=[32m"flex min-h-screen bg-[#06060a] font-inter selection:bg-purple-500/30"[31m
      [36m>[31m
        [36m<div[31m
          [33mclass[31m=[32m"w-full lg:w-[30%] min-w-[320px] max-w-xl lg:max-w-none mx-auto flex flex-col justify-center px-8 sm:px-12 py-10 bg-[#0b0b12] relative shadow-[20px_0_60px_rgba(0,0,0,0.6)] z-20 border-r border-[#1e1e2e]"[31m
        [36m>[31m
          [36m<div[31m
            [33mclass[31m=[32m"w-full"[31m
            [33mstyle[31m=[32m"opacity: 1; transform: none;"[31m
          [36m>[31m
            [36m<div[31m
              [33mclass[31m=[32m"mb-10 text-center sm:text-left"[31m
            [36m>[31m
              [36m<h2[31m
                [33mclass[31m=[32m"text-3xl font-bold text-white font-exo tracking-tight mb-2"[31m
              [36m>[31m
                [0mWelcome back[0m
              [36m</h2>[31m
              [36m<p[31m
                [33mclass[31m=[32m"text-slate-400 font-light tracking-wide text-sm"[31m
              [36m>[31m
                [0mEnter your credentials to access your account.[0m
              [36m</p>[31m
            [36m</div>[31m
            [36m<form[31m
              [33mautocomplete[31m=[32m"off"[31m
              [33mclass[31m=[32m"w-full flex flex-col gap-5"[31m
            [36m>[31m
              [36m<div[31m
                [33mclass[31m=[32m"relative group"[31m
              [36m>[31m
                [36m<div[31m
                  [33mclass[31m=[32m"absolute inset-y-0 left-0 pl-4 flex items-center pointer-events-none"[31m
                [36m>[31m
                  [36m<svg[31m
                    [33mclass[31m=[32m"text-slate-500 group-focus-within:text-purple-400 transition-colors"[31m
                    [33mfill[31m=[32m"currentColor"[31m
                    [33mheight[31m=[32m"1em"[31m
                    [33mstroke[31m=[32m"currentColor"[31m
                    [33mstroke-width[31m=[32m"0"[31m
                    [33mviewBox[31m=[32m"0 0 512 512"[31m
                    [33mwidth[31m=[32m"1em"[31m
                    [33mxmlns[31m=[32m"http://www.w3.org/2000/svg"[31m
                  [36m>[31m
                    [36m<path[31m
                      [33md[31m=[32m"M424 80H88a56.06 56.06 0 0 0-56 56v240a56.06 56.06 0 0 0 56 56h336a56.06 56.06 0 0 0 56-56V136a56.06 56.06 0 0 0-56-56zm-14.18 92.63-144 112a16 16 0 0 1-19.64 0l-144-112a16 16 0 1 1 19.64-25.26L256 251.73l134.18-104.36a16 16 0 0 1 19.64 25.26z"[31m
                    [36m/>[31m
                  [36m</svg>[31m
                [36m</div>[31m
                [36m<input[31m
                  [33mclass[31m=[32m"w-full h-14 bg-[#13131f] text-white placeholder-slate-500 rounded-xl pl-11 pr-4 border border-[#2a2a3c] focus:border-purple-500 focus:ring-1 focus:ring-purple-500/50 outline-none transition-all"[31m
                  [33mplaceholder[31m=[32m"Email address"[31m
                  [33mrequired[31m=[32m""[31m
                  [33mtype[31m=[32m"email"[31m
                  [33mvalue[31m=[32m"suspended@example.com"[31m
                [36m/>[31m
              [36m</div>[31m
              [36m<div[31m
                [33mclass[31m=[32m"relative group"[31m
              [36m>[31m
                [36m<div[31m
                  [33mclass[31m=[32m"absolute inset-y-0 left-0 pl-4 flex items-center pointer-events-none"[31m
                [36m>[31m
                  [36m<svg[31m
                    [33mclass[31m=[32m"text-slate-500 group-focus-within:text-purple-400 transition-colors"[31m
                    [33mfill[31m=[32m"currentColor"[31m
                    [33mheight[31m=[32m"1em"[31m
                    [33mstroke[31m=[32m"currentColor"[31m
                    [33mstroke-width[31m=[32m"0"[31m
                    [33mviewBox[31m=[32m"0 0 512 512"[31m
                    [33mwidth[31m=[32m"1em"[31m
                    [33mxmlns[31m=[32m"http://www.w3.org/2000/svg"[31m
                  [36m>[31m
                    [36m<path[31m
                      [33md[31m=[32m"M368 192H192v-80a64 64 0 1 1 128 0 16 16 0 0 0 32 0 96 96 0 1 0-192 0v80h-16a64.07 64.07 0 0 0-64 64v176a64.07 64.07 0 0 0 64 64h224a64.07 64.07 0 0 0 64-64V256a64.07 64.07 0 0 0-64-64z"[31m
                    [36m/>[31m
                  [36m</svg>[31m
                [36m</div>[31m
                [36m<input[31m
                  [33mclass[31m=[32m"w-full h-14 bg-[#13131f] text-white placeholder-slate-500 rounded-xl pl-11 pr-12 border border-[#2a2a3c] focus:border-purple-500 focus:ring-1 focus:ring-purple-500/50 outline-none transition-all"[31m
                  [33mplaceholder[31m=[32m"Password"[31m
                  [33mrequired[31m=[32m""[31m
                  [33mtype[31m=[32m"password"[31m
                  [33mvalue[31m=[32m"Password123!"[31m
                [36m/>[31m
                [36m<button[31m
                  [33mclass[31m=[32m"absolute inset-y-0 right-0 pr-4 flex items-center text-slate-500 hover:text-white transition-colors"[31m
                  [33mtype[31m=[32m"button"[31m
                [36m>[31m
                  [36m<svg[31m
                    [33mfill[31m=[32m"currentColor"[31m
                    [33mheight[31m=[32m"1em"[31m
                    [33mstroke[31m=[32m"currentColor"[31m
                    [33mstroke-width[31m=[32m"0"[31m
                    [33mviewBox[31m=[32m"0 0 512 512"[31m
                    [33mwidth[31m=[32m"1em"[31m
                    [33mxmlns[31m=[32m"http://www.w3.org/2000/svg"[31m
                  [36m>[31m
                    [36m<circle[31m
                      [33mcx[31m=[32m"256"[31m
                      [33mcy[31m=[32m"256"[31m
                      [33mr[31m=[32m"64"[31m
                    [36m/>[31m
                    [36m<path[31m
                      [33md[31m=[32m"M490.84 238.6c-26.46-40.92-60.79-75.68-99.27-100.53C349 110.55 302 96 255.66 96c-42.52 0-84.33 12.15-124.27 36.11-40.73 24.43-77.63 60.12-109.68 106.07a31.92 31.92 0 0 0-.64 35.54c26.41 41.33 60.4 76.14 98.28 100.65C162 402 207.9 416 255.66 416c46.71 0 93.81-14.43 136.2-41.72 38.46-24.77 72.72-59.66 99.08-100.92a32.2 32.2 0 0 0-.1-34.76zM256 352a96 96 0 1 1 96-96 96.11 96.11 0 0 1-96 96z"[31m
                    [36m/>[31m
                  [36m</svg>[31m
                [36m</button>[31m
              [36m</div>[31m
              [36m<div[31m
                [33mclass[31m=[32m"flex items-center justify-between mt-2"[31m
              [36m>[31m
                [36m<label[31m
                  [33mclass[31m=[32m"flex items-center gap-2 cursor-pointer group"[31m
                [36m>[31m
      ...[39m

[31mÔÄ»ÔÄ»ÔÄ»ÔÄ»ÔÄ»ÔÄ»[1m[7m Failed Tests 15 [27m[22mÔÄ»ÔÄ»ÔÄ»ÔÄ»ÔÄ»ÔÄ»ÔÄ»[39m

[31m[1m[7m FAIL [27m[22m[39m[34m|e2e|[39m  tests/e2e/achievements.test.tsx[2m > [22mAchievements E2E 
Tests[2m > [22mTest 1: Unlocked achievement lists showing Claim Reward buttons, locked achievements show lock icon 
and disabled buttons
[31m[1mTestingLibraryElementError[22m[39m: Found multiple elements with the text: First Steps

Here are the matching elements:

Ignored nodes: comments, script, style
[36m<h3[39m
  [33mclass[39m=[32m"font-exo font-bold text-lg mb-2 tracking-tight text-white"[39m
[36m>[39m
  [0mFirst Steps[0m
[36m</h3>[39m

Ignored nodes: comments, script, style
[36m<h3[39m
  [33mclass[39m=[32m"font-exo font-bold text-lg mb-2 tracking-tight text-white"[39m
[36m>[39m
  [0mFirst Steps[0m
[36m</h3>[39m

Ignored nodes: comments, script, style
[36m<h3[39m
  [33mclass[39m=[32m"font-exo font-bold text-lg mb-2 tracking-tight text-white"[39m
[36m>[39m
  [0mFirst Steps[0m
[36m</h3>[39m

Ignored nodes: comments, script, style
[36m<h3[39m
  [33mclass[39m=[32m"font-exo font-bold text-lg mb-2 tracking-tight text-white"[39m
[36m>[39m
  [0mFirst Steps[0m
[36m</h3>[39m

(If this is intentional, then use the `*AllBy*` variant of the query (like `queryAllByText`, `getAllByText`, or 
`findAllByText`)).

Ignored nodes: comments, script, style
[36m<body>[39m
  [36m<div>[39m
    [36m<div[39m
      [33mclass[39m=[32m"flex flex-col lg:flex-row bg-[#06060a] w-screen h-screen p-2 sm:p-4 gap-4 overflow-hidden 
relative selection:bg-purple-500/30"[39m
    [36m>[39m
      [36m<div[39m
        [33mclass[39m=[32m"absolute inset-0 
bg-[linear-gradient(to_right,#80808012_1px,transparent_1px),linear-gradient(to_bottom,#80808012_1px,transparent_1px)] 
bg-[size:24px_24px] pointer-events-none"[39m
      [36m/>[39m
      [36m<div[39m
        [33mclass[39m=[32m"absolute inset-0 bg-gradient-to-br from-purple-900/10 via-transparent to-indigo-900/10 
pointer-events-none"[39m
      [36m/>[39m
      [36m<div[39m
        [33mclass[39m=[32m"relative z-10 shrink-0"[39m
      [36m>[39m
        [36m<div[39m
          [33mclass[39m=[32m"fixed top-4 left-4 z-50 xl:hidden"[39m
        [36m>[39m
          [36m<button[39m
            [33mclass[39m=[32m"bg-[#9333EA] text-white p-2 rounded-lg shadow-md"[39m
          [36m>[39m
            [36m<svg[39m
              [33mfill[39m=[32m"currentColor"[39m
              [33mheight[39m=[32m"24"[39m
              [33mstroke[39m=[32m"currentColor"[39m
              [33mstroke-width[39m=[32m"0"[39m
              [33mviewBox[39m=[32m"0 0 512 512"[39m
              [33mwidth[39m=[32m"24"[39m
              [33mxmlns[39m=[32m"http://www.w3.org/2000/svg"[39m
            [36m>[39m
              [36m<path[39m
                [33md[39m=[32m"M160 389a20.91 20.91 0 0 1-13.82-5.2l-128-112a21 21 0 0 1 0-31.6l128-112a21 21 0 0 1 
27.66 31.61L63.89 256l109.94 96.19A21 21 0 0 1 160 389zm192 0a21 21 0 0 1-13.84-36.81L448.11 256l-109.94-96.19a21 21 0 
0 1 27.66-31.61l128 112a21 21 0 0 1 0 31.6l-128 112A20.89 20.89 0 0 1 352 389z"[39m
              [36m/>[39m
            [36m</svg>[39m
          [36m</button>[39m
        [36m</div>[39m
        [36m<div[39m
          [33mclass[39m=[32m"
          flex flex-col p-3 items-center text-white h-screen overflow-y-auto scrollbar-custom transition-all 
duration-300
          fixed top-0 left-0 z-40
          -translate-x-full
          lg:-translate-x-full 
          false
          xl:w-75
          xl:relative xl:translate-x-0
          
        "[39m
        [36m>[39m
          [36m<div[39m
            [33mclass[39m=[32m"hidden xl:flex justify-end mb-4 self-end"[39m
          [36m>[39m
            [36m<button[39m
              [33mclass[39m=[32m"bg-[#9333EA] text-white p-2 rounded-full hover:bg-[#7b22c5] transition 
duration-200 cursor-pointer"[39m
            [36m>[39m
              [36m<svg[39m
                [33mfill[39m=[32m"currentColor"[39m
                [33mheight[39m=[32m"1em"[39m
                [33mstroke[39m=[32m"currentColor"[39m
                [33mstroke-width[39m=[32m"0"[39m
                [33mviewBox[39m=[32m"0 0 512 512"[39m
                [33mwidth[39m=[32m"1em"[39m
                [33mxmlns[39m=[32m"http://www.w3.org/2000/svg"[39m
              [36m>[39m
                [36m<path[39m
                  [33md[39m=[32m"M160 389a20.91 20.91 0 0 1-13.82-5.2l-128-112a21 21 0 0 1 0-31.6l128-112a21 21 0 0 
1 27.66 31.61L63.89 256l109.94 96.19A21 21 0 0 1 160 389zm192 0a21 21 0 0 1-13.84-36.81L448.11 256l-109.94-96.19a21 21 
0 0 1 27.66-31.61l128 112a21 21 0 0 1 0 31.6l-128 112A20.89 20.89 0 0 1 352 389z"[39m
                [36m/>[39m
              [36m</svg>[39m
            [36m</button>[39m
          [36m</div>[39m
          [36m<div[39m
            [33mclass[39m=[32m"p-5"[39m
          [36m>[39m
            [36m<h1[39m
              [33mclass[39m=[32m"font-exo font-bold text-5xl"[39m
            [36m>[39m
              [0mDevLab[0m
            [36m</h1>[39m
          [36m</div>[39m
          [36m<div[39m
            [33mclass[39m=[32m"flex-1 flex flex-col gap-5 w-full"[39m
          [36m>[39m
            [36m<div>[39m
              [36m<div>[39m
                [36m<a[39m
                  [33maria-current[39m=[32m"page"[39m
                  [33mclass[39m=[32m"flex items-center gap-3 font-inter text-[1.2rem] relative rounded px-5 p-3  
overflow-hidden group hover:bg-[#9333EA] transition-all ease-out duration-300 NavBarText-laptop active"[39m
                  [33mdata-discover[39m=[32m"true"[39m
                  [33mhref[39m=[32m"/Main"[39m
                [36m>[39m
                  [36m<span[39m
                    [33mclass[39m=[32m"text-xl"[39m
                  [36m>[39m
                    [36m<svg[39m
                      [33mfill[39m=[32m"currentColor"[39m
                      [33mheight[39m=[32m"24"[39m
                      [33mstroke[39m=[32m"currentColor"[39m
                      [33mstroke-width[39m=[32m"0"[39m
                      [33mviewBox[39m=[32m"0 0 512 512"[39m
                      [33mwidth[39m=[32m"24"[39m
                      [33mxmlns[39m=[32m"http://www.w3.org/2000/svg"[39m
                    [36m>[39m
                      [36m<rect[39m
                        [33mfill[39m=[32m"none"[39m
                        [33mheight[39m=[32m"176"[39m
                        [33mrx[39m=[32m"20"[39m
                        [33mry[39m=[32m"20"[39m
                        [33mstroke-linecap[39m=[32m"round"[39m
                        [33mstroke-linejoin[39m=[32m"round"[39m
                        [33mstroke-width[39m=[32m"32"[39m
                        [33mwidth[39m=[32m"176"[39m
                        [33mx[39m=[32m"48"[39m
                        [33my[39m=[32m"48"[39m
                      [36m/>[39m
                      [36m<rect[39m
                        [33mfill[39m=[32m"none"[39m
                        [33mheight[39m=[32m"176"[39m
                        [33mrx[39m=[32m"20"[39m
                        [33mry[39m=[32m"20"[39m
                        [33mstroke-linecap[39m=[32m"round"[39m
                        [33mstroke-linejoin[39m=[32m"round"[39m
                        [33mstroke-width[39m=[32m"32"[39m
                        [33mwidth[39m=[32m"176"[39m
                        [33mx[39m=[32m"288"[39m
                        [33my[39m=[32m"48"[39m
                      [36m/>[39m
                      [36m<rect[39m
                        [33mfill[39m=[32m"none"[39m
                        [33mheight[39m=[32m"176"[39m
                        [33mrx[39m=[32m"20"[39m
                        [33mry[39m=[32m"20"[39m
                        [33mstroke-linecap[39m=[32m"round"[39m
                        [33mstroke-linejoin[39m=[32m"round"[39m
                        [33mstroke-width[39m=[32m"32"[39m
                        [33mwidth[39m=[32m"176"[39m
                        [33mx[39m=[32m"48"[39m
                        [33my[39m=[32m"288"[39m
        ...

Ignored nodes: comments, script, style
[36m<html>[39m
  [36m<head />[39m
  [36m<body>[39m
    [36m<div>[39m
      [36m<div[39m
        [33mclass[39m=[32m"flex flex-col lg:flex-row bg-[#06060a] w-screen h-screen p-2 sm:p-4 gap-4 
overflow-hidden relative selection:bg-purple-500/30"[39m
      [36m>[39m
        [36m<div[39m
          [33mclass[39m=[32m"absolute inset-0 
bg-[linear-gradient(to_right,#80808012_1px,transparent_1px),linear-gradient(to_bottom,#80808012_1px,transparent_1px)] 
bg-[size:24px_24px] pointer-events-none"[39m
        [36m/>[39m
        [36m<div[39m
          [33mclass[39m=[32m"absolute inset-0 bg-gradient-to-br from-purple-900/10 via-transparent to-indigo-900/10 
pointer-events-none"[39m
        [36m/>[39m
        [36m<div[39m
          [33mclass[39m=[32m"relative z-10 shrink-0"[39m
        [36m>[39m
          [36m<div[39m
            [33mclass[39m=[32m"fixed top-4 left-4 z-50 xl:hidden"[39m
          [36m>[39m
            [36m<button[39m
              [33mclass[39m=[32m"bg-[#9333EA] text-white p-2 rounded-lg shadow-md"[39m
            [36m>[39m
              [36m<svg[39m
                [33mfill[39m=[32m"currentColor"[39m
                [33mheight[39m=[32m"24"[39m
                [33mstroke[39m=[32m"currentColor"[39m
                [33mstroke-width[39m=[32m"0"[39m
                [33mviewBox[39m=[32m"0 0 512 512"[39m
                [33mwidth[39m=[32m"24"[39m
                [33mxmlns[39m=[32m"http://www.w3.org/2000/svg"[39m
              [36m>[39m
                [36m<path[39m
                  [33md[39m=[32m"M160 389a20.91 20.91 0 0 1-13.82-5.2l-128-112a21 21 0 0 1 0-31.6l128-112a21 21 0 0 
1 27.66 31.61L63.89 256l109.94 96.19A21 21 0 0 1 160 389zm192 0a21 21 0 0 1-13.84-36.81L448.11 256l-109.94-96.19a21 21 
0 0 1 27.66-31.61l128 112a21 21 0 0 1 0 31.6l-128 112A20.89 20.89 0 0 1 352 389z"[39m
                [36m/>[39m
              [36m</svg>[39m
            [36m</button>[39m
          [36m</div>[39m
          [36m<div[39m
            [33mclass[39m=[32m"
          flex flex-col p-3 items-center text-white h-screen overflow-y-auto scrollbar-custom transition-all 
duration-300
          fixed top-0 left-0 z-40
          -translate-x-full
          lg:-translate-x-full 
          false
          xl:w-75
          xl:relative xl:translate-x-0
          
        "[39m
          [36m>[39m
            [36m<div[39m
              [33mclass[39m=[32m"hidden xl:flex justify-end mb-4 self-end"[39m
            [36m>[39m
              [36m<button[39m
                [33mclass[39m=[32m"bg-[#9333EA] text-white p-2 rounded-full hover:bg-[#7b22c5] transition 
duration-200 cursor-pointer"[39m
              [36m>[39m
                [36m<svg[39m
                  [33mfill[39m=[32m"currentColor"[39m
                  [33mheight[39m=[32m"1em"[39m
                  [33mstroke[39m=[32m"currentColor"[39m
                  [33mstroke-width[39m=[32m"0"[39m
                  [33mviewBox[39m=[32m"0 0 512 512"[39m
                  [33mwidth[39m=[32m"1em"[39m
                  [33mxmlns[39m=[32m"http://www.w3.org/2000/svg"[39m
                [36m>[39m
                  [36m<path[39m
                    [33md[39m=[32m"M160 389a20.91 20.91 0 0 1-13.82-5.2l-128-112a21 21 0 0 1 0-31.6l128-112a21 21 0 
0 1 27.66 31.61L63.89 256l109.94 96.19A21 21 0 0 1 160 389zm192 0a21 21 0 0 1-13.84-36.81L448.11 256l-109.94-96.19a21 
21 0 0 1 27.66-31.61l128 112a21 21 0 0 1 0 31.6l-128 112A20.89 20.89 0 0 1 352 389z"[39m
                  [36m/>[39m
                [36m</svg>[39m
              [36m</button>[39m
            [36m</div>[39m
            [36m<div[39m
              [33mclass[39m=[32m"p-5"[39m
            [36m>[39m
              [36m<h1[39m
                [33mclass[39m=[32m"font-exo font-bold text-5xl"[39m
              [36m>[39m
                [0mDevLab[0m
              [36m</h1>[39m
            [36m</div>[39m
            [36m<div[39m
              [33mclass[39m=[32m"flex-1 flex flex-col gap-5 w-full"[39m
            [36m>[39m
              [36m<div>[39m
                [36m<div>[39m
                  [36m<a[39m
                    [33maria-current[39m=[32m"page"[39m
                    [33mclass[39m=[32m"flex items-center gap-3 font-inter text-[1.2rem] relative rounded px-5 p-3  
overflow-hidden group hover:bg-[#9333EA] transition-all ease-out duration-300 NavBarText-laptop active"[39m
                    [33mdata-discover[39m=[32m"true"[39m
                    [33mhref[39m=[32m"/Main"[39m
                  [36m>[39m
                    [36m<span[39m
                      [33mclass[39m=[32m"text-xl"[39m
                    [36m>[39m
                      [36m<svg[39m
                        [33mfill[39m=[32m"currentColor"[39m
                        [33mheight[39m=[32m"24"[39m
                        [33mstroke[39m=[32m"currentColor"[39m
                        [33mstroke-width[39m=[32m"0"[39m
                        [33mviewBox[39m=[32m"0 0 512 512"[39m
                        [33mwidth[39m=[32m"24"[39m
                        [33mxmlns[39m=[32m"http://www.w3.org/2000/svg"[39m
                      [36m>[39m
                        [36m<rect[39m
                          [33mfill[39m=[32m"none"[39m
                          [33mheight[39m=[32m"176"[39m
                          [33mrx[39m=[32m"20"[39m
                          [33mry[39m=[32m"20"[39m
                          [33mstroke-linecap[39m=[32m"round"[39m
                          [33mstroke-linejoin[39m=[32m"round"[39m
                          [33mstroke-width[39m=[32m"32"[39m
                          [33mwidth[39m=[32m"176"[39m
                          [33mx[39m=[32m"48"[39m
                          [33my[39m=[32m"48"[39m
                        [36m/>[39m
                        [36m<rect[39m
                          [33mfill[39m=[32m"none"[39m
                          [33mheight[39m=[32m"176"[39m
                          [33mrx[39m=[32m"20"[39m
                          [33mry[39m=[32m"20"[39m
                          [33mstroke-linecap[39m=[32m"round"[39m
                          [33mstroke-linejoin[39m=[32m"round"[39m
                          [33mstroke-width[39m=[32m"32"[39m
                          [33mwidth[39m=[32m"176"[39m
                          [33mx[39m=[32m"288"[39m
                          [33my[39m=[32m"48"[39m
                        [36m/>[39m
                        [36m<rect[39m
                          [33mfill[39m=[32m"none"[39m
                          [33mheight[39m=[32m"176"[39m
                          [33mrx[39m=[32m"20"[39m
                          [33mry[39m=[32m"20"[39m
                          [33mstroke-linecap[39m=[32m"round"[39m
                 ...
[90m [2mÔØ»[22m Proxy.waitForWrapper 
node_modules/.pnpm/@testing-library+dom@10.4.1/node_modules/@testing-library/dom/dist/wait-for.js:[2m163:27[22m[39m
[36m [2mÔØ»[22m tests/e2e/achievements.test.tsx:[2m57:11[22m[39m
    [90m 55| [39m    )[33m;[39m
    [90m 56| [39m
    [90m 57| [39m    [35mawait[39m [34mwaitFor[39m(() [33m=>[39m {
    [90m   | [39m          [31m^[39m
    [90m 58| [39m      [34mexpect[39m(screen[33m.[39m[34mgetByText[39m([32m"First 
Steps"[39m))[33m.[39m[34mtoBeInTheDocument[39m()[33m;[39m
    [90m 59| [39m    })[33m;[39m

[31m[2mÔÄ»ÔÄ»ÔÄ»ÔÄ»ÔÄ»ÔÄ»ÔÄ»ÔÄ»ÔÄ»ÔÄ»ÔÄ»ÔÄ»ÔÄ»ÔÄ»ÔÄ»ÔÄ»ÔÄ»ÔÄ»ÔÄ»ÔÄ»ÔÄ»ÔÄ»ÔÄ»[1/15]ÔÄ»[22m[39m

[31m[1m[7m FAIL [27m[22m[39m[34m|e2e|[39m  tests/e2e/achievements.test.tsx[2m > [22mAchievements E2E 
Tests[2m > [22mTest 2: Clicking Claim Reward triggers database state change, success toast with coins/XP values, 
transitions text to Claimed
[31m[1mTestingLibraryElementError[22m[39m: Found multiple elements with the text: First Steps

Here are the matching elements:

Ignored nodes: comments, script, style
[36m<h3[39m
  [33mclass[39m=[32m"font-exo font-bold text-lg mb-2 tracking-tight text-white"[39m
[36m>[39m
  [0mFirst Steps[0m
[36m</h3>[39m

Ignored nodes: comments, script, style
[36m<h3[39m
  [33mclass[39m=[32m"font-exo font-bold text-lg mb-2 tracking-tight text-white"[39m
[36m>[39m
  [0mFirst Steps[0m
[36m</h3>[39m

Ignored nodes: comments, script, style
[36m<h3[39m
  [33mclass[39m=[32m"font-exo font-bold text-lg mb-2 tracking-tight text-white"[39m
[36m>[39m
  [0mFirst Steps[0m
[36m</h3>[39m

Ignored nodes: comments, script, style
[36m<h3[39m
  [33mclass[39m=[32m"font-exo font-bold text-lg mb-2 tracking-tight text-white"[39m
[36m>[39m
  [0mFirst Steps[0m
[36m</h3>[39m

(If this is intentional, then use the `*AllBy*` variant of the query (like `queryAllByText`, `getAllByText`, or 
`findAllByText`)).

Ignored nodes: comments, script, style
[36m<body>[39m
  [36m<div>[39m
    [36m<div[39m
      [33mclass[39m=[32m"flex flex-col lg:flex-row bg-[#06060a] w-screen h-screen p-2 sm:p-4 gap-4 overflow-hidden 
relative selection:bg-purple-500/30"[39m
    [36m>[39m
      [36m<div[39m
        [33mclass[39m=[32m"absolute inset-0 
bg-[linear-gradient(to_right,#80808012_1px,transparent_1px),linear-gradient(to_bottom,#80808012_1px,transparent_1px)] 
bg-[size:24px_24px] pointer-events-none"[39m
      [36m/>[39m
      [36m<div[39m
        [33mclass[39m=[32m"absolute inset-0 bg-gradient-to-br from-purple-900/10 via-transparent to-indigo-900/10 
pointer-events-none"[39m
      [36m/>[39m
      [36m<div[39m
        [33mclass[39m=[32m"relative z-10 shrink-0"[39m
      [36m>[39m
        [36m<div[39m
          [33mclass[39m=[32m"fixed top-4 left-4 z-50 xl:hidden"[39m
        [36m>[39m
          [36m<button[39m
            [33mclass[39m=[32m"bg-[#9333EA] text-white p-2 rounded-lg shadow-md"[39m
          [36m>[39m
            [36m<svg[39m
              [33mfill[39m=[32m"currentColor"[39m
              [33mheight[39m=[32m"24"[39m
              [33mstroke[39m=[32m"currentColor"[39m
              [33mstroke-width[39m=[32m"0"[39m
              [33mviewBox[39m=[32m"0 0 512 512"[39m
              [33mwidth[39m=[32m"24"[39m
              [33mxmlns[39m=[32m"http://www.w3.org/2000/svg"[39m
            [36m>[39m
              [36m<path[39m
                [33md[39m=[32m"M160 389a20.91 20.91 0 0 1-13.82-5.2l-128-112a21 21 0 0 1 0-31.6l128-112a21 21 0 0 1 
27.66 31.61L63.89 256l109.94 96.19A21 21 0 0 1 160 389zm192 0a21 21 0 0 1-13.84-36.81L448.11 256l-109.94-96.19a21 21 0 
0 1 27.66-31.61l128 112a21 21 0 0 1 0 31.6l-128 112A20.89 20.89 0 0 1 352 389z"[39m
              [36m/>[39m
            [36m</svg>[39m
          [36m</button>[39m
        [36m</div>[39m
        [36m<div[39m
          [33mclass[39m=[32m"
          flex flex-col p-3 items-center text-white h-screen overflow-y-auto scrollbar-custom transition-all 
duration-300
          fixed top-0 left-0 z-40
          -translate-x-full
          lg:-translate-x-full 
          false
          xl:w-75
          xl:relative xl:translate-x-0
          
        "[39m
        [36m>[39m
          [36m<div[39m
            [33mclass[39m=[32m"hidden xl:flex justify-end mb-4 self-end"[39m
          [36m>[39m
            [36m<button[39m
              [33mclass[39m=[32m"bg-[#9333EA] text-white p-2 rounded-full hover:bg-[#7b22c5] transition 
duration-200 cursor-pointer"[39m
            [36m>[39m
              [36m<svg[39m
                [33mfill[39m=[32m"currentColor"[39m
                [33mheight[39m=[32m"1em"[39m
                [33mstroke[39m=[32m"currentColor"[39m
                [33mstroke-width[39m=[32m"0"[39m
                [33mviewBox[39m=[32m"0 0 512 512"[39m
                [33mwidth[39m=[32m"1em"[39m
                [33mxmlns[39m=[32m"http://www.w3.org/2000/svg"[39m
              [36m>[39m
                [36m<path[39m
                  [33md[39m=[32m"M160 389a20.91 20.91 0 0 1-13.82-5.2l-128-112a21 21 0 0 1 0-31.6l128-112a21 21 0 0 
1 27.66 31.61L63.89 256l109.94 96.19A21 21 0 0 1 160 389zm192 0a21 21 0 0 1-13.84-36.81L448.11 256l-109.94-96.19a21 21 
0 0 1 27.66-31.61l128 112a21 21 0 0 1 0 31.6l-128 112A20.89 20.89 0 0 1 352 389z"[39m
                [36m/>[39m
              [36m</svg>[39m
            [36m</button>[39m
          [36m</div>[39m
          [36m<div[39m
            [33mclass[39m=[32m"p-5"[39m
          [36m>[39m
            [36m<h1[39m
              [33mclass[39m=[32m"font-exo font-bold text-5xl"[39m
            [36m>[39m
              [0mDevLab[0m
            [36m</h1>[39m
          [36m</div>[39m
          [36m<div[39m
            [33mclass[39m=[32m"flex-1 flex flex-col gap-5 w-full"[39m
          [36m>[39m
            [36m<div>[39m
              [36m<div>[39m
                [36m<a[39m
                  [33maria-current[39m=[32m"page"[39m
                  [33mclass[39m=[32m"flex items-center gap-3 font-inter text-[1.2rem] relative rounded px-5 p-3  
overflow-hidden group hover:bg-[#9333EA] transition-all ease-out duration-300 NavBarText-laptop active"[39m
                  [33mdata-discover[39m=[32m"true"[39m
                  [33mhref[39m=[32m"/Main"[39m
                [36m>[39m
                  [36m<span[39m
                    [33mclass[39m=[32m"text-xl"[39m
                  [36m>[39m
                    [36m<svg[39m
                      [33mfill[39m=[32m"currentColor"[39m
                      [33mheight[39m=[32m"24"[39m
                      [33mstroke[39m=[32m"currentColor"[39m
                      [33mstroke-width[39m=[32m"0"[39m
                      [33mviewBox[39m=[32m"0 0 512 512"[39m
                      [33mwidth[39m=[32m"24"[39m
                      [33mxmlns[39m=[32m"http://www.w3.org/2000/svg"[39m
                    [36m>[39m
                      [36m<rect[39m
                        [33mfill[39m=[32m"none"[39m
                        [33mheight[39m=[32m"176"[39m
                        [33mrx[39m=[32m"20"[39m
                        [33mry[39m=[32m"20"[39m
                        [33mstroke-linecap[39m=[32m"round"[39m
                        [33mstroke-linejoin[39m=[32m"round"[39m
                        [33mstroke-width[39m=[32m"32"[39m
                        [33mwidth[39m=[32m"176"[39m
                        [33mx[39m=[32m"48"[39m
                        [33my[39m=[32m"48"[39m
                      [36m/>[39m
                      [36m<rect[39m
                        [33mfill[39m=[32m"none"[39m
                        [33mheight[39m=[32m"176"[39m
                        [33mrx[39m=[32m"20"[39m
                        [33mry[39m=[32m"20"[39m
                        [33mstroke-linecap[39m=[32m"round"[39m
                        [33mstroke-linejoin[39m=[32m"round"[39m
                        [33mstroke-width[39m=[32m"32"[39m
                        [33mwidth[39m=[32m"176"[39m
                        [33mx[39m=[32m"288"[39m
                        [33my[39m=[32m"48"[39m
                      [36m/>[39m
                      [36m<rect[39m
                        [33mfill[39m=[32m"none"[39m
                        [33mheight[39m=[32m"176"[39m
                        [33mrx[39m=[32m"20"[39m
                        [33mry[39m=[32m"20"[39m
                        [33mstroke-linecap[39m=[32m"round"[39m
                        [33mstroke-linejoin[39m=[32m"round"[39m
                        [33mstroke-width[39m=[32m"32"[39m
                        [33mwidth[39m=[32m"176"[39m
                        [33mx[39m=[32m"48"[39m
                        [33my[39m=[32m"288"[39m
        ...

Ignored nodes: comments, script, style
[36m<html>[39m
  [36m<head />[39m
  [36m<body>[39m
    [36m<div>[39m
      [36m<div[39m
        [33mclass[39m=[32m"flex flex-col lg:flex-row bg-[#06060a] w-screen h-screen p-2 sm:p-4 gap-4 
overflow-hidden relative selection:bg-purple-500/30"[39m
      [36m>[39m
        [36m<div[39m
          [33mclass[39m=[32m"absolute inset-0 
bg-[linear-gradient(to_right,#80808012_1px,transparent_1px),linear-gradient(to_bottom,#80808012_1px,transparent_1px)] 
bg-[size:24px_24px] pointer-events-none"[39m
        [36m/>[39m
        [36m<div[39m
          [33mclass[39m=[32m"absolute inset-0 bg-gradient-to-br from-purple-900/10 via-transparent to-indigo-900/10 
pointer-events-none"[39m
        [36m/>[39m
        [36m<div[39m
          [33mclass[39m=[32m"relative z-10 shrink-0"[39m
        [36m>[39m
          [36m<div[39m
            [33mclass[39m=[32m"fixed top-4 left-4 z-50 xl:hidden"[39m
          [36m>[39m
            [36m<button[39m
              [33mclass[39m=[32m"bg-[#9333EA] text-white p-2 rounded-lg shadow-md"[39m
            [36m>[39m
              [36m<svg[39m
                [33mfill[39m=[32m"currentColor"[39m
                [33mheight[39m=[32m"24"[39m
                [33mstroke[39m=[32m"currentColor"[39m
                [33mstroke-width[39m=[32m"0"[39m
                [33mviewBox[39m=[32m"0 0 512 512"[39m
                [33mwidth[39m=[32m"24"[39m
                [33mxmlns[39m=[32m"http://www.w3.org/2000/svg"[39m
              [36m>[39m
                [36m<path[39m
                  [33md[39m=[32m"M160 389a20.91 20.91 0 0 1-13.82-5.2l-128-112a21 21 0 0 1 0-31.6l128-112a21 21 0 0 
1 27.66 31.61L63.89 256l109.94 96.19A21 21 0 0 1 160 389zm192 0a21 21 0 0 1-13.84-36.81L448.11 256l-109.94-96.19a21 21 
0 0 1 27.66-31.61l128 112a21 21 0 0 1 0 31.6l-128 112A20.89 20.89 0 0 1 352 389z"[39m
                [36m/>[39m
              [36m</svg>[39m
            [36m</button>[39m
          [36m</div>[39m
          [36m<div[39m
            [33mclass[39m=[32m"
          flex flex-col p-3 items-center text-white h-screen overflow-y-auto scrollbar-custom transition-all 
duration-300
          fixed top-0 left-0 z-40
          -translate-x-full
          lg:-translate-x-full 
          false
          xl:w-75
          xl:relative xl:translate-x-0
          
        "[39m
          [36m>[39m
            [36m<div[39m
              [33mclass[39m=[32m"hidden xl:flex justify-end mb-4 self-end"[39m
            [36m>[39m
              [36m<button[39m
                [33mclass[39m=[32m"bg-[#9333EA] text-white p-2 rounded-full hover:bg-[#7b22c5] transition 
duration-200 cursor-pointer"[39m
              [36m>[39m
                [36m<svg[39m
                  [33mfill[39m=[32m"currentColor"[39m
                  [33mheight[39m=[32m"1em"[39m
                  [33mstroke[39m=[32m"currentColor"[39m
                  [33mstroke-width[39m=[32m"0"[39m
                  [33mviewBox[39m=[32m"0 0 512 512"[39m
                  [33mwidth[39m=[32m"1em"[39m
                  [33mxmlns[39m=[32m"http://www.w3.org/2000/svg"[39m
                [36m>[39m
                  [36m<path[39m
                    [33md[39m=[32m"M160 389a20.91 20.91 0 0 1-13.82-5.2l-128-112a21 21 0 0 1 0-31.6l128-112a21 21 0 
0 1 27.66 31.61L63.89 256l109.94 96.19A21 21 0 0 1 160 389zm192 0a21 21 0 0 1-13.84-36.81L448.11 256l-109.94-96.19a21 
21 0 0 1 27.66-31.61l128 112a21 21 0 0 1 0 31.6l-128 112A20.89 20.89 0 0 1 352 389z"[39m
                  [36m/>[39m
                [36m</svg>[39m
              [36m</button>[39m
            [36m</div>[39m
            [36m<div[39m
              [33mclass[39m=[32m"p-5"[39m
            [36m>[39m
              [36m<h1[39m
                [33mclass[39m=[32m"font-exo font-bold text-5xl"[39m
              [36m>[39m
                [0mDevLab[0m
              [36m</h1>[39m
            [36m</div>[39m
            [36m<div[39m
              [33mclass[39m=[32m"flex-1 flex flex-col gap-5 w-full"[39m
            [36m>[39m
              [36m<div>[39m
                [36m<div>[39m
                  [36m<a[39m
                    [33maria-current[39m=[32m"page"[39m
                    [33mclass[39m=[32m"flex items-center gap-3 font-inter text-[1.2rem] relative rounded px-5 p-3  
overflow-hidden group hover:bg-[#9333EA] transition-all ease-out duration-300 NavBarText-laptop active"[39m
                    [33mdata-discover[39m=[32m"true"[39m
                    [33mhref[39m=[32m"/Main"[39m
                  [36m>[39m
                    [36m<span[39m
                      [33mclass[39m=[32m"text-xl"[39m
                    [36m>[39m
                      [36m<svg[39m
                        [33mfill[39m=[32m"currentColor"[39m
                        [33mheight[39m=[32m"24"[39m
                        [33mstroke[39m=[32m"currentColor"[39m
                        [33mstroke-width[39m=[32m"0"[39m
                        [33mviewBox[39m=[32m"0 0 512 512"[39m
                        [33mwidth[39m=[32m"24"[39m
                        [33mxmlns[39m=[32m"http://www.w3.org/2000/svg"[39m
                      [36m>[39m
                        [36m<rect[39m
                          [33mfill[39m=[32m"none"[39m
                          [33mheight[39m=[32m"176"[39m
                          [33mrx[39m=[32m"20"[39m
                          [33mry[39m=[32m"20"[39m
                          [33mstroke-linecap[39m=[32m"round"[39m
                          [33mstroke-linejoin[39m=[32m"round"[39m
                          [33mstroke-width[39m=[32m"32"[39m
                          [33mwidth[39m=[32m"176"[39m
                          [33mx[39m=[32m"48"[39m
                          [33my[39m=[32m"48"[39m
                        [36m/>[39m
                        [36m<rect[39m
                          [33mfill[39m=[32m"none"[39m
                          [33mheight[39m=[32m"176"[39m
                          [33mrx[39m=[32m"20"[39m
                          [33mry[39m=[32m"20"[39m
                          [33mstroke-linecap[39m=[32m"round"[39m
                          [33mstroke-linejoin[39m=[32m"round"[39m
                          [33mstroke-width[39m=[32m"32"[39m
                          [33mwidth[39m=[32m"176"[39m
                          [33mx[39m=[32m"288"[39m
                          [33my[39m=[32m"48"[39m
                        [36m/>[39m
                        [36m<rect[39m
                          [33mfill[39m=[32m"none"[39m
                          [33mheight[39m=[32m"176"[39m
                          [33mrx[39m=[32m"20"[39m
                          [33mry[39m=[32m"20"[39m
                          [33mstroke-linecap[39m=[32m"round"[39m
                 ...
[90m [2mÔØ»[22m Proxy.waitForWrapper 
node_modules/.pnpm/@testing-library+dom@10.4.1/node_modules/@testing-library/dom/dist/wait-for.js:[2m163:27[22m[39m
[36m [2mÔØ»[22m tests/e2e/achievements.test.tsx:[2m95:11[22m[39m
    [90m 93| [39m    )[33m;[39m
    [90m 94| [39m
    [90m 95| [39m    [35mawait[39m [34mwaitFor[39m(() [33m=>[39m {
    [90m   | [39m          [31m^[39m
    [90m 96| [39m      [34mexpect[39m(screen[33m.[39m[34mgetByText[39m([32m"First 
Steps"[39m))[33m.[39m[34mtoBeInTheDocument[39m()[33m;[39m
    [90m 97| [39m    })[33m;[39m

[31m[2mÔÄ»ÔÄ»ÔÄ»ÔÄ»ÔÄ»ÔÄ»ÔÄ»ÔÄ»ÔÄ»ÔÄ»ÔÄ»ÔÄ»ÔÄ»ÔÄ»ÔÄ»ÔÄ»ÔÄ»ÔÄ»ÔÄ»ÔÄ»ÔÄ»ÔÄ»ÔÄ»[2/15]ÔÄ»[22m[39m

[31m[1m[7m FAIL [27m[22m[39m[34m|e2e|[39m  tests/e2e/achievements.test.tsx[2m > [22mAchievements E2E 
Tests[2m > [22mTest 3: Coin balance updates optimistically in dashboard stats
[31m[1mTestingLibraryElementError[22m[39m: Unable to find an element with the text: 100. This could be because the 
text is broken up by multiple elements. In this case, you can provide a function for your text matcher to make your 
matcher more flexible.

Ignored nodes: comments, script, style
[36m<body>[39m
  [36m<div>[39m
    [36m<div[39m
      [33mclass[39m=[32m"flex flex-col lg:flex-row bg-[#06060a] w-screen h-screen p-2 sm:p-4 gap-4 overflow-hidden 
relative selection:bg-purple-500/30"[39m
    [36m>[39m
      [36m<div[39m
        [33mclass[39m=[32m"absolute inset-0 
bg-[linear-gradient(to_right,#80808012_1px,transparent_1px),linear-gradient(to_bottom,#80808012_1px,transparent_1px)] 
bg-[size:24px_24px] pointer-events-none"[39m
      [36m/>[39m
      [36m<div[39m
        [33mclass[39m=[32m"absolute inset-0 bg-gradient-to-br from-purple-900/10 via-transparent to-indigo-900/10 
pointer-events-none"[39m
      [36m/>[39m
      [36m<div[39m
        [33mclass[39m=[32m"relative z-10 shrink-0"[39m
      [36m>[39m
        [36m<div[39m
          [33mclass[39m=[32m"fixed top-4 left-4 z-50 xl:hidden"[39m
        [36m>[39m
          [36m<button[39m
            [33mclass[39m=[32m"bg-[#9333EA] text-white p-2 rounded-lg shadow-md"[39m
          [36m>[39m
            [36m<svg[39m
              [33mfill[39m=[32m"currentColor"[39m
              [33mheight[39m=[32m"24"[39m
              [33mstroke[39m=[32m"currentColor"[39m
              [33mstroke-width[39m=[32m"0"[39m
              [33mviewBox[39m=[32m"0 0 512 512"[39m
              [33mwidth[39m=[32m"24"[39m
              [33mxmlns[39m=[32m"http://www.w3.org/2000/svg"[39m
            [36m>[39m
              [36m<path[39m
                [33md[39m=[32m"M160 389a20.91 20.91 0 0 1-13.82-5.2l-128-112a21 21 0 0 1 0-31.6l128-112a21 21 0 0 1 
27.66 31.61L63.89 256l109.94 96.19A21 21 0 0 1 160 389zm192 0a21 21 0 0 1-13.84-36.81L448.11 256l-109.94-96.19a21 21 0 
0 1 27.66-31.61l128 112a21 21 0 0 1 0 31.6l-128 112A20.89 20.89 0 0 1 352 389z"[39m
              [36m/>[39m
            [36m</svg>[39m
          [36m</button>[39m
        [36m</div>[39m
        [36m<div[39m
          [33mclass[39m=[32m"
          flex flex-col p-3 items-center text-white h-screen overflow-y-auto scrollbar-custom transition-all 
duration-300
          fixed top-0 left-0 z-40
          -translate-x-full
          lg:-translate-x-full 
          false
          xl:w-75
          xl:relative xl:translate-x-0
          
        "[39m
        [36m>[39m
          [36m<div[39m
            [33mclass[39m=[32m"hidden xl:flex justify-end mb-4 self-end"[39m
          [36m>[39m
            [36m<button[39m
              [33mclass[39m=[32m"bg-[#9333EA] text-white p-2 rounded-full hover:bg-[#7b22c5] transition 
duration-200 cursor-pointer"[39m
            [36m>[39m
              [36m<svg[39m
                [33mfill[39m=[32m"currentColor"[39m
                [33mheight[39m=[32m"1em"[39m
                [33mstroke[39m=[32m"currentColor"[39m
                [33mstroke-width[39m=[32m"0"[39m
                [33mviewBox[39m=[32m"0 0 512 512"[39m
                [33mwidth[39m=[32m"1em"[39m
                [33mxmlns[39m=[32m"http://www.w3.org/2000/svg"[39m
              [36m>[39m
                [36m<path[39m
                  [33md[39m=[32m"M160 389a20.91 20.91 0 0 1-13.82-5.2l-128-112a21 21 0 0 1 0-31.6l128-112a21 21 0 0 
1 27.66 31.61L63.89 256l109.94 96.19A21 21 0 0 1 160 389zm192 0a21 21 0 0 1-13.84-36.81L448.11 256l-109.94-96.19a21 21 
0 0 1 27.66-31.61l128 112a21 21 0 0 1 0 31.6l-128 112A20.89 20.89 0 0 1 352 389z"[39m
                [36m/>[39m
              [36m</svg>[39m
            [36m</button>[39m
          [36m</div>[39m
          [36m<div[39m
            [33mclass[39m=[32m"p-5"[39m
          [36m>[39m
            [36m<h1[39m
              [33mclass[39m=[32m"font-exo font-bold text-5xl"[39m
            [36m>[39m
              [0mDevLab[0m
            [36m</h1>[39m
          [36m</div>[39m
          [36m<div[39m
            [33mclass[39m=[32m"flex-1 flex flex-col gap-5 w-full"[39m
          [36m>[39m
            [36m<div>[39m
              [36m<div>[39m
                [36m<a[39m
                  [33maria-current[39m=[32m"page"[39m
                  [33mclass[39m=[32m"flex items-center gap-3 font-inter text-[1.2rem] relative rounded px-5 p-3  
overflow-hidden group hover:bg-[#9333EA] transition-all ease-out duration-300 NavBarText-laptop active"[39m
                  [33mdata-discover[39m=[32m"true"[39m
                  [33mhref[39m=[32m"/Main"[39m
                [36m>[39m
                  [36m<span[39m
                    [33mclass[39m=[32m"text-xl"[39m
                  [36m>[39m
                    [36m<svg[39m
                      [33mfill[39m=[32m"currentColor"[39m
                      [33mheight[39m=[32m"24"[39m
                      [33mstroke[39m=[32m"currentColor"[39m
                      [33mstroke-width[39m=[32m"0"[39m
                      [33mviewBox[39m=[32m"0 0 512 512"[39m
                      [33mwidth[39m=[32m"24"[39m
                      [33mxmlns[39m=[32m"http://www.w3.org/2000/svg"[39m
                    [36m>[39m
                      [36m<rect[39m
                        [33mfill[39m=[32m"none"[39m
                        [33mheight[39m=[32m"176"[39m
                        [33mrx[39m=[32m"20"[39m
                        [33mry[39m=[32m"20"[39m
                        [33mstroke-linecap[39m=[32m"round"[39m
                        [33mstroke-linejoin[39m=[32m"round"[39m
                        [33mstroke-width[39m=[32m"32"[39m
                        [33mwidth[39m=[32m"176"[39m
                        [33mx[39m=[32m"48"[39m
                        [33my[39m=[32m"48"[39m
                      [36m/>[39m
                      [36m<rect[39m
                        [33mfill[39m=[32m"none"[39m
                        [33mheight[39m=[32m"176"[39m
                        [33mrx[39m=[32m"20"[39m
                        [33mry[39m=[32m"20"[39m
                        [33mstroke-linecap[39m=[32m"round"[39m
                        [33mstroke-linejoin[39m=[32m"round"[39m
                        [33mstroke-width[39m=[32m"32"[39m
                        [33mwidth[39m=[32m"176"[39m
                        [33mx[39m=[32m"288"[39m
                        [33my[39m=[32m"48"[39m
                      [36m/>[39m
                      [36m<rect[39m
                        [33mfill[39m=[32m"none"[39m
                        [33mheight[39m=[32m"176"[39m
                        [33mrx[39m=[32m"20"[39m
                        [33mry[39m=[32m"20"[39m
                        [33mstroke-linecap[39m=[32m"round"[39m
                        [33mstroke-linejoin[39m=[32m"round"[39m
                        [33mstroke-width[39m=[32m"32"[39m
                        [33mwidth[39m=[32m"176"[39m
                        [33mx[39m=[32m"48"[39m
                        [33my[39m=[32m"288"[39m
        ...

Ignored nodes: comments, script, style
[36m<html>[39m
  [36m<head />[39m
  [36m<body>[39m
    [36m<div>[39m
      [36m<div[39m
        [33mclass[39m=[32m"flex flex-col lg:flex-row bg-[#06060a] w-screen h-screen p-2 sm:p-4 gap-4 
overflow-hidden relative selection:bg-purple-500/30"[39m
      [36m>[39m
        [36m<div[39m
          [33mclass[39m=[32m"absolute inset-0 
bg-[linear-gradient(to_right,#80808012_1px,transparent_1px),linear-gradient(to_bottom,#80808012_1px,transparent_1px)] 
bg-[size:24px_24px] pointer-events-none"[39m
        [36m/>[39m
        [36m<div[39m
          [33mclass[39m=[32m"absolute inset-0 bg-gradient-to-br from-purple-900/10 via-transparent to-indigo-900/10 
pointer-events-none"[39m
        [36m/>[39m
        [36m<div[39m
          [33mclass[39m=[32m"relative z-10 shrink-0"[39m
        [36m>[39m
          [36m<div[39m
            [33mclass[39m=[32m"fixed top-4 left-4 z-50 xl:hidden"[39m
          [36m>[39m
            [36m<button[39m
              [33mclass[39m=[32m"bg-[#9333EA] text-white p-2 rounded-lg shadow-md"[39m
            [36m>[39m
              [36m<svg[39m
                [33mfill[39m=[32m"currentColor"[39m
                [33mheight[39m=[32m"24"[39m
                [33mstroke[39m=[32m"currentColor"[39m
                [33mstroke-width[39m=[32m"0"[39m
                [33mviewBox[39m=[32m"0 0 512 512"[39m
                [33mwidth[39m=[32m"24"[39m
                [33mxmlns[39m=[32m"http://www.w3.org/2000/svg"[39m
              [36m>[39m
                [36m<path[39m
                  [33md[39m=[32m"M160 389a20.91 20.91 0 0 1-13.82-5.2l-128-112a21 21 0 0 1 0-31.6l128-112a21 21 0 0 
1 27.66 31.61L63.89 256l109.94 96.19A21 21 0 0 1 160 389zm192 0a21 21 0 0 1-13.84-36.81L448.11 256l-109.94-96.19a21 21 
0 0 1 27.66-31.61l128 112a21 21 0 0 1 0 31.6l-128 112A20.89 20.89 0 0 1 352 389z"[39m
                [36m/>[39m
              [36m</svg>[39m
            [36m</button>[39m
          [36m</div>[39m
          [36m<div[39m
            [33mclass[39m=[32m"
          flex flex-col p-3 items-center text-white h-screen overflow-y-auto scrollbar-custom transition-all 
duration-300
          fixed top-0 left-0 z-40
          -translate-x-full
          lg:-translate-x-full 
          false
          xl:w-75
          xl:relative xl:translate-x-0
          
        "[39m
          [36m>[39m
            [36m<div[39m
              [33mclass[39m=[32m"hidden xl:flex justify-end mb-4 self-end"[39m
            [36m>[39m
              [36m<button[39m
                [33mclass[39m=[32m"bg-[#9333EA] text-white p-2 rounded-full hover:bg-[#7b22c5] transition 
duration-200 cursor-pointer"[39m
              [36m>[39m
                [36m<svg[39m
                  [33mfill[39m=[32m"currentColor"[39m
                  [33mheight[39m=[32m"1em"[39m
                  [33mstroke[39m=[32m"currentColor"[39m
                  [33mstroke-width[39m=[32m"0"[39m
                  [33mviewBox[39m=[32m"0 0 512 512"[39m
                  [33mwidth[39m=[32m"1em"[39m
                  [33mxmlns[39m=[32m"http://www.w3.org/2000/svg"[39m
                [36m>[39m
                  [36m<path[39m
                    [33md[39m=[32m"M160 389a20.91 20.91 0 0 1-13.82-5.2l-128-112a21 21 0 0 1 0-31.6l128-112a21 21 0 
0 1 27.66 31.61L63.89 256l109.94 96.19A21 21 0 0 1 160 389zm192 0a21 21 0 0 1-13.84-36.81L448.11 256l-109.94-96.19a21 
21 0 0 1 27.66-31.61l128 112a21 21 0 0 1 0 31.6l-128 112A20.89 20.89 0 0 1 352 389z"[39m
                  [36m/>[39m
                [36m</svg>[39m
              [36m</button>[39m
            [36m</div>[39m
            [36m<div[39m
              [33mclass[39m=[32m"p-5"[39m
            [36m>[39m
              [36m<h1[39m
                [33mclass[39m=[32m"font-exo font-bold text-5xl"[39m
              [36m>[39m
                [0mDevLab[0m
              [36m</h1>[39m
            [36m</div>[39m
            [36m<div[39m
              [33mclass[39m=[32m"flex-1 flex flex-col gap-5 w-full"[39m
            [36m>[39m
              [36m<div>[39m
                [36m<div>[39m
                  [36m<a[39m
                    [33maria-current[39m=[32m"page"[39m
                    [33mclass[39m=[32m"flex items-center gap-3 font-inter text-[1.2rem] relative rounded px-5 p-3  
overflow-hidden group hover:bg-[#9333EA] transition-all ease-out duration-300 NavBarText-laptop active"[39m
                    [33mdata-discover[39m=[32m"true"[39m
                    [33mhref[39m=[32m"/Main"[39m
                  [36m>[39m
                    [36m<span[39m
                      [33mclass[39m=[32m"text-xl"[39m
                    [36m>[39m
                      [36m<svg[39m
                        [33mfill[39m=[32m"currentColor"[39m
                        [33mheight[39m=[32m"24"[39m
                        [33mstroke[39m=[32m"currentColor"[39m
                        [33mstroke-width[39m=[32m"0"[39m
                        [33mviewBox[39m=[32m"0 0 512 512"[39m
                        [33mwidth[39m=[32m"24"[39m
                        [33mxmlns[39m=[32m"http://www.w3.org/2000/svg"[39m
                      [36m>[39m
                        [36m<rect[39m
                          [33mfill[39m=[32m"none"[39m
                          [33mheight[39m=[32m"176"[39m
                          [33mrx[39m=[32m"20"[39m
                          [33mry[39m=[32m"20"[39m
                          [33mstroke-linecap[39m=[32m"round"[39m
                          [33mstroke-linejoin[39m=[32m"round"[39m
                          [33mstroke-width[39m=[32m"32"[39m
                          [33mwidth[39m=[32m"176"[39m
                          [33mx[39m=[32m"48"[39m
                          [33my[39m=[32m"48"[39m
                        [36m/>[39m
                        [36m<rect[39m
                          [33mfill[39m=[32m"none"[39m
                          [33mheight[39m=[32m"176"[39m
                          [33mrx[39m=[32m"20"[39m
                          [33mry[39m=[32m"20"[39m
                          [33mstroke-linecap[39m=[32m"round"[39m
                          [33mstroke-linejoin[39m=[32m"round"[39m
                          [33mstroke-width[39m=[32m"32"[39m
                          [33mwidth[39m=[32m"176"[39m
                          [33mx[39m=[32m"288"[39m
                          [33my[39m=[32m"48"[39m
                        [36m/>[39m
                        [36m<rect[39m
                          [33mfill[39m=[32m"none"[39m
                          [33mheight[39m=[32m"176"[39m
                          [33mrx[39m=[32m"20"[39m
                          [33mry[39m=[32m"20"[39m
                          [33mstroke-linecap[39m=[32m"round"[39m
                 ...
[90m [2mÔØ»[22m Proxy.waitForWrapper 
node_modules/.pnpm/@testing-library+dom@10.4.1/node_modules/@testing-library/dom/dist/wait-for.js:[2m163:27[22m[39m
[36m [2mÔØ»[22m tests/e2e/achievements.test.tsx:[2m138:11[22m[39m
    [90m136| [39m
    [90m137| [39m    [90m// Check dashboard initially has 100 coins[39m
    [90m138| [39m    [35mawait[39m [34mwaitFor[39m(() [33m=>[39m {
    [90m   | [39m          [31m^[39m
    [90m139| [39m      [34mexpect[39m(screen[33m.[39m[34mgetByText[39m([32m"100"[39m))[33m.[39m[34mtoBeInT
heDocument[39m()[33m;[39m
    [90m140| [39m    })[33m;[39m

[31m[2mÔÄ»ÔÄ»ÔÄ»ÔÄ»ÔÄ»ÔÄ»ÔÄ»ÔÄ»ÔÄ»ÔÄ»ÔÄ»ÔÄ»ÔÄ»ÔÄ»ÔÄ»ÔÄ»ÔÄ»ÔÄ»ÔÄ»ÔÄ»ÔÄ»ÔÄ»ÔÄ»[3/15]ÔÄ»[22m[39m

[31m[1m[7m FAIL [27m[22m[39m[34m|e2e|[39m  tests/e2e/achievements.test.tsx[2m > [22mAchievements E2E 
Tests[2m > [22mTest 4: Claiming XP rewards triggers Level progression and remainder calculations
[31m[1mTestingLibraryElementError[22m[39m: Found multiple elements with the text: First Steps

Here are the matching elements:

Ignored nodes: comments, script, style
[36m<h3[39m
  [33mclass[39m=[32m"font-exo font-bold text-lg mb-2 tracking-tight text-white"[39m
[36m>[39m
  [0mFirst Steps[0m
[36m</h3>[39m

Ignored nodes: comments, script, style
[36m<h3[39m
  [33mclass[39m=[32m"font-exo font-bold text-lg mb-2 tracking-tight text-white"[39m
[36m>[39m
  [0mFirst Steps[0m
[36m</h3>[39m

Ignored nodes: comments, script, style
[36m<h3[39m
  [33mclass[39m=[32m"font-exo font-bold text-lg mb-2 tracking-tight text-white"[39m
[36m>[39m
  [0mFirst Steps[0m
[36m</h3>[39m

Ignored nodes: comments, script, style
[36m<h3[39m
  [33mclass[39m=[32m"font-exo font-bold text-lg mb-2 tracking-tight text-white"[39m
[36m>[39m
  [0mFirst Steps[0m
[36m</h3>[39m

(If this is intentional, then use the `*AllBy*` variant of the query (like `queryAllByText`, `getAllByText`, or 
`findAllByText`)).

Ignored nodes: comments, script, style
[36m<body>[39m
  [36m<div>[39m
    [36m<div[39m
      [33mclass[39m=[32m"flex flex-col lg:flex-row bg-[#06060a] w-screen h-screen p-2 sm:p-4 gap-4 overflow-hidden 
relative selection:bg-purple-500/30"[39m
    [36m>[39m
      [36m<div[39m
        [33mclass[39m=[32m"absolute inset-0 
bg-[linear-gradient(to_right,#80808012_1px,transparent_1px),linear-gradient(to_bottom,#80808012_1px,transparent_1px)] 
bg-[size:24px_24px] pointer-events-none"[39m
      [36m/>[39m
      [36m<div[39m
        [33mclass[39m=[32m"absolute inset-0 bg-gradient-to-br from-purple-900/10 via-transparent to-indigo-900/10 
pointer-events-none"[39m
      [36m/>[39m
      [36m<div[39m
        [33mclass[39m=[32m"relative z-10 shrink-0"[39m
      [36m>[39m
        [36m<div[39m
          [33mclass[39m=[32m"fixed top-4 left-4 z-50 xl:hidden"[39m
        [36m>[39m
          [36m<button[39m
            [33mclass[39m=[32m"bg-[#9333EA] text-white p-2 rounded-lg shadow-md"[39m
          [36m>[39m
            [36m<svg[39m
              [33mfill[39m=[32m"currentColor"[39m
              [33mheight[39m=[32m"24"[39m
              [33mstroke[39m=[32m"currentColor"[39m
              [33mstroke-width[39m=[32m"0"[39m
              [33mviewBox[39m=[32m"0 0 512 512"[39m
              [33mwidth[39m=[32m"24"[39m
              [33mxmlns[39m=[32m"http://www.w3.org/2000/svg"[39m
            [36m>[39m
              [36m<path[39m
                [33md[39m=[32m"M160 389a20.91 20.91 0 0 1-13.82-5.2l-128-112a21 21 0 0 1 0-31.6l128-112a21 21 0 0 1 
27.66 31.61L63.89 256l109.94 96.19A21 21 0 0 1 160 389zm192 0a21 21 0 0 1-13.84-36.81L448.11 256l-109.94-96.19a21 21 0 
0 1 27.66-31.61l128 112a21 21 0 0 1 0 31.6l-128 112A20.89 20.89 0 0 1 352 389z"[39m
              [36m/>[39m
            [36m</svg>[39m
          [36m</button>[39m
        [36m</div>[39m
        [36m<div[39m
          [33mclass[39m=[32m"
          flex flex-col p-3 items-center text-white h-screen overflow-y-auto scrollbar-custom transition-all 
duration-300
          fixed top-0 left-0 z-40
          -translate-x-full
          lg:-translate-x-full 
          false
          xl:w-75
          xl:relative xl:translate-x-0
          
        "[39m
        [36m>[39m
          [36m<div[39m
            [33mclass[39m=[32m"hidden xl:flex justify-end mb-4 self-end"[39m
          [36m>[39m
            [36m<button[39m
              [33mclass[39m=[32m"bg-[#9333EA] text-white p-2 rounded-full hover:bg-[#7b22c5] transition 
duration-200 cursor-pointer"[39m
            [36m>[39m
              [36m<svg[39m
                [33mfill[39m=[32m"currentColor"[39m
                [33mheight[39m=[32m"1em"[39m
                [33mstroke[39m=[32m"currentColor"[39m
                [33mstroke-width[39m=[32m"0"[39m
                [33mviewBox[39m=[32m"0 0 512 512"[39m
                [33mwidth[39m=[32m"1em"[39m
                [33mxmlns[39m=[32m"http://www.w3.org/2000/svg"[39m
              [36m>[39m
                [36m<path[39m
                  [33md[39m=[32m"M160 389a20.91 20.91 0 0 1-13.82-5.2l-128-112a21 21 0 0 1 0-31.6l128-112a21 21 0 0 
1 27.66 31.61L63.89 256l109.94 96.19A21 21 0 0 1 160 389zm192 0a21 21 0 0 1-13.84-36.81L448.11 256l-109.94-96.19a21 21 
0 0 1 27.66-31.61l128 112a21 21 0 0 1 0 31.6l-128 112A20.89 20.89 0 0 1 352 389z"[39m
                [36m/>[39m
              [36m</svg>[39m
            [36m</button>[39m
          [36m</div>[39m
          [36m<div[39m
            [33mclass[39m=[32m"p-5"[39m
          [36m>[39m
            [36m<h1[39m
              [33mclass[39m=[32m"font-exo font-bold text-5xl"[39m
            [36m>[39m
              [0mDevLab[0m
            [36m</h1>[39m
          [36m</div>[39m
          [36m<div[39m
            [33mclass[39m=[32m"flex-1 flex flex-col gap-5 w-full"[39m
          [36m>[39m
            [36m<div>[39m
              [36m<div>[39m
                [36m<a[39m
                  [33maria-current[39m=[32m"page"[39m
                  [33mclass[39m=[32m"flex items-center gap-3 font-inter text-[1.2rem] relative rounded px-5 p-3  
overflow-hidden group hover:bg-[#9333EA] transition-all ease-out duration-300 NavBarText-laptop active"[39m
                  [33mdata-discover[39m=[32m"true"[39m
                  [33mhref[39m=[32m"/Main"[39m
                [36m>[39m
                  [36m<span[39m
                    [33mclass[39m=[32m"text-xl"[39m
                  [36m>[39m
                    [36m<svg[39m
                      [33mfill[39m=[32m"currentColor"[39m
                      [33mheight[39m=[32m"24"[39m
                      [33mstroke[39m=[32m"currentColor"[39m
                      [33mstroke-width[39m=[32m"0"[39m
                      [33mviewBox[39m=[32m"0 0 512 512"[39m
                      [33mwidth[39m=[32m"24"[39m
                      [33mxmlns[39m=[32m"http://www.w3.org/2000/svg"[39m
                    [36m>[39m
                      [36m<rect[39m
                        [33mfill[39m=[32m"none"[39m
                        [33mheight[39m=[32m"176"[39m
                        [33mrx[39m=[32m"20"[39m
                        [33mry[39m=[32m"20"[39m
                        [33mstroke-linecap[39m=[32m"round"[39m
                        [33mstroke-linejoin[39m=[32m"round"[39m
                        [33mstroke-width[39m=[32m"32"[39m
                        [33mwidth[39m=[32m"176"[39m
                        [33mx[39m=[32m"48"[39m
                        [33my[39m=[32m"48"[39m
                      [36m/>[39m
                      [36m<rect[39m
                        [33mfill[39m=[32m"none"[39m
                        [33mheight[39m=[32m"176"[39m
                        [33mrx[39m=[32m"20"[39m
                        [33mry[39m=[32m"20"[39m
                        [33mstroke-linecap[39m=[32m"round"[39m
                        [33mstroke-linejoin[39m=[32m"round"[39m
                        [33mstroke-width[39m=[32m"32"[39m
                        [33mwidth[39m=[32m"176"[39m
                        [33mx[39m=[32m"288"[39m
                        [33my[39m=[32m"48"[39m
                      [36m/>[39m
                      [36m<rect[39m
                        [33mfill[39m=[32m"none"[39m
                        [33mheight[39m=[32m"176"[39m
                        [33mrx[39m=[32m"20"[39m
                        [33mry[39m=[32m"20"[39m
                        [33mstroke-linecap[39m=[32m"round"[39m
                        [33mstroke-linejoin[39m=[32m"round"[39m
                        [33mstroke-width[39m=[32m"32"[39m
                        [33mwidth[39m=[32m"176"[39m
                        [33mx[39m=[32m"48"[39m
                        [33my[39m=[32m"288"[39m
        ...

Ignored nodes: comments, script, style
[36m<html>[39m
  [36m<head />[39m
  [36m<body>[39m
    [36m<div>[39m
      [36m<div[39m
        [33mclass[39m=[32m"flex flex-col lg:flex-row bg-[#06060a] w-screen h-screen p-2 sm:p-4 gap-4 
overflow-hidden relative selection:bg-purple-500/30"[39m
      [36m>[39m
        [36m<div[39m
          [33mclass[39m=[32m"absolute inset-0 
bg-[linear-gradient(to_right,#80808012_1px,transparent_1px),linear-gradient(to_bottom,#80808012_1px,transparent_1px)] 
bg-[size:24px_24px] pointer-events-none"[39m
        [36m/>[39m
        [36m<div[39m
          [33mclass[39m=[32m"absolute inset-0 bg-gradient-to-br from-purple-900/10 via-transparent to-indigo-900/10 
pointer-events-none"[39m
        [36m/>[39m
        [36m<div[39m
          [33mclass[39m=[32m"relative z-10 shrink-0"[39m
        [36m>[39m
          [36m<div[39m
            [33mclass[39m=[32m"fixed top-4 left-4 z-50 xl:hidden"[39m
          [36m>[39m
            [36m<button[39m
              [33mclass[39m=[32m"bg-[#9333EA] text-white p-2 rounded-lg shadow-md"[39m
            [36m>[39m
              [36m<svg[39m
                [33mfill[39m=[32m"currentColor"[39m
                [33mheight[39m=[32m"24"[39m
                [33mstroke[39m=[32m"currentColor"[39m
                [33mstroke-width[39m=[32m"0"[39m
                [33mviewBox[39m=[32m"0 0 512 512"[39m
                [33mwidth[39m=[32m"24"[39m
                [33mxmlns[39m=[32m"http://www.w3.org/2000/svg"[39m
              [36m>[39m
                [36m<path[39m
                  [33md[39m=[32m"M160 389a20.91 20.91 0 0 1-13.82-5.2l-128-112a21 21 0 0 1 0-31.6l128-112a21 21 0 0 
1 27.66 31.61L63.89 256l109.94 96.19A21 21 0 0 1 160 389zm192 0a21 21 0 0 1-13.84-36.81L448.11 256l-109.94-96.19a21 21 
0 0 1 27.66-31.61l128 112a21 21 0 0 1 0 31.6l-128 112A20.89 20.89 0 0 1 352 389z"[39m
                [36m/>[39m
              [36m</svg>[39m
            [36m</button>[39m
          [36m</div>[39m
          [36m<div[39m
            [33mclass[39m=[32m"
          flex flex-col p-3 items-center text-white h-screen overflow-y-auto scrollbar-custom transition-all 
duration-300
          fixed top-0 left-0 z-40
          -translate-x-full
          lg:-translate-x-full 
          false
          xl:w-75
          xl:relative xl:translate-x-0
          
        "[39m
          [36m>[39m
            [36m<div[39m
              [33mclass[39m=[32m"hidden xl:flex justify-end mb-4 self-end"[39m
            [36m>[39m
              [36m<button[39m
                [33mclass[39m=[32m"bg-[#9333EA] text-white p-2 rounded-full hover:bg-[#7b22c5] transition 
duration-200 cursor-pointer"[39m
              [36m>[39m
                [36m<svg[39m
                  [33mfill[39m=[32m"currentColor"[39m
                  [33mheight[39m=[32m"1em"[39m
                  [33mstroke[39m=[32m"currentColor"[39m
                  [33mstroke-width[39m=[32m"0"[39m
                  [33mviewBox[39m=[32m"0 0 512 512"[39m
                  [33mwidth[39m=[32m"1em"[39m
                  [33mxmlns[39m=[32m"http://www.w3.org/2000/svg"[39m
                [36m>[39m
                  [36m<path[39m
                    [33md[39m=[32m"M160 389a20.91 20.91 0 0 1-13.82-5.2l-128-112a21 21 0 0 1 0-31.6l128-112a21 21 0 
0 1 27.66 31.61L63.89 256l109.94 96.19A21 21 0 0 1 160 389zm192 0a21 21 0 0 1-13.84-36.81L448.11 256l-109.94-96.19a21 
21 0 0 1 27.66-31.61l128 112a21 21 0 0 1 0 31.6l-128 112A20.89 20.89 0 0 1 352 389z"[39m
                  [36m/>[39m
                [36m</svg>[39m
              [36m</button>[39m
            [36m</div>[39m
            [36m<div[39m
              [33mclass[39m=[32m"p-5"[39m
            [36m>[39m
              [36m<h1[39m
                [33mclass[39m=[32m"font-exo font-bold text-5xl"[39m
              [36m>[39m
                [0mDevLab[0m
              [36m</h1>[39m
            [36m</div>[39m
            [36m<div[39m
              [33mclass[39m=[32m"flex-1 flex flex-col gap-5 w-full"[39m
            [36m>[39m
              [36m<div>[39m
                [36m<div>[39m
                  [36m<a[39m
                    [33maria-current[39m=[32m"page"[39m
                    [33mclass[39m=[32m"flex items-center gap-3 font-inter text-[1.2rem] relative rounded px-5 p-3  
overflow-hidden group hover:bg-[#9333EA] transition-all ease-out duration-300 NavBarText-laptop active"[39m
                    [33mdata-discover[39m=[32m"true"[39m
                    [33mhref[39m=[32m"/Main"[39m
                  [36m>[39m
                    [36m<span[39m
                      [33mclass[39m=[32m"text-xl"[39m
                    [36m>[39m
                      [36m<svg[39m
                        [33mfill[39m=[32m"currentColor"[39m
                        [33mheight[39m=[32m"24"[39m
                        [33mstroke[39m=[32m"currentColor"[39m
                        [33mstroke-width[39m=[32m"0"[39m
                        [33mviewBox[39m=[32m"0 0 512 512"[39m
                        [33mwidth[39m=[32m"24"[39m
                        [33mxmlns[39m=[32m"http://www.w3.org/2000/svg"[39m
                      [36m>[39m
                        [36m<rect[39m
                          [33mfill[39m=[32m"none"[39m
                          [33mheight[39m=[32m"176"[39m
                          [33mrx[39m=[32m"20"[39m
                          [33mry[39m=[32m"20"[39m
                          [33mstroke-linecap[39m=[32m"round"[39m
                          [33mstroke-linejoin[39m=[32m"round"[39m
                          [33mstroke-width[39m=[32m"32"[39m
                          [33mwidth[39m=[32m"176"[39m
                          [33mx[39m=[32m"48"[39m
                          [33my[39m=[32m"48"[39m
                        [36m/>[39m
                        [36m<rect[39m
                          [33mfill[39m=[32m"none"[39m
                          [33mheight[39m=[32m"176"[39m
                          [33mrx[39m=[32m"20"[39m
                          [33mry[39m=[32m"20"[39m
                          [33mstroke-linecap[39m=[32m"round"[39m
                          [33mstroke-linejoin[39m=[32m"round"[39m
                          [33mstroke-width[39m=[32m"32"[39m
                          [33mwidth[39m=[32m"176"[39m
                          [33mx[39m=[32m"288"[39m
                          [33my[39m=[32m"48"[39m
                        [36m/>[39m
                        [36m<rect[39m
                          [33mfill[39m=[32m"none"[39m
                          [33mheight[39m=[32m"176"[39m
                          [33mrx[39m=[32m"20"[39m
                          [33mry[39m=[32m"20"[39m
                          [33mstroke-linecap[39m=[32m"round"[39m
                 ...
[90m [2mÔØ»[22m Proxy.waitForWrapper 
node_modules/.pnpm/@testing-library+dom@10.4.1/node_modules/@testing-library/dom/dist/wait-for.js:[2m163:27[22m[39m
[36m [2mÔØ»[22m tests/e2e/achievements.test.tsx:[2m189:11[22m[39m
    [90m187| [39m    )[33m;[39m
    [90m188| [39m
    [90m189| [39m    [35mawait[39m [34mwaitFor[39m(() [33m=>[39m {
    [90m   | [39m          [31m^[39m
    [90m190| [39m      [34mexpect[39m(screen[33m.[39m[34mgetByText[39m([32m"First 
Steps"[39m))[33m.[39m[34mtoBeInTheDocument[39m()[33m;[39m
    [90m191| [39m    })[33m;[39m

[31m[2mÔÄ»ÔÄ»ÔÄ»ÔÄ»ÔÄ»ÔÄ»ÔÄ»ÔÄ»ÔÄ»ÔÄ»ÔÄ»ÔÄ»ÔÄ»ÔÄ»ÔÄ»ÔÄ»ÔÄ»ÔÄ»ÔÄ»ÔÄ»ÔÄ»ÔÄ»ÔÄ»[4/15]ÔÄ»[22m[39m

[31m[1m[7m FAIL [27m[22m[39m[34m|e2e|[39m  tests/e2e/achievements.test.tsx[2m > [22mAchievements E2E 
Tests[2m > [22mTest 5: Full onboarding journey (login -> complete stage -> level complete popup -> unlock 
achievement toast -> click Achievements page -> claim reward -> coins update)
[31m[1mTestingLibraryElementError[22m: Unable to find an element with the placeholder text of: Email address

Ignored nodes: comments, script, style
[36m<body>[31m
  [36m<div />[31m
[36m</body>[31m[39m
[90m [2mÔØ»[22m Object.getElementError 
node_modules/.pnpm/@testing-library+dom@10.4.1/node_modules/@testing-library/dom/dist/config.js:[2m37:19[22m[39m
[90m [2mÔØ»[22m node_modules/.pnpm/@testing-library+dom@10.4.1/node_modules/@testing-library/dom/dist/query-helpers.
js:[2m76:38[22m[39m
[90m [2mÔØ»[22m node_modules/.pnpm/@testing-library+dom@10.4.1/node_modules/@testing-library/dom/dist/query-helpers.
js:[2m52:17[22m[39m
[90m [2mÔØ»[22m node_modules/.pnpm/@testing-library+dom@10.4.1/node_modules/@testing-library/dom/dist/query-helpers.
js:[2m95:19[22m[39m
[36m [2mÔØ»[22m tests/e2e/achievements.test.tsx:[2m256:29[22m[39m
    [90m254| [39m
    [90m255| [39m    [90m// 1. Log in[39m
    [90m256| [39m    
fireEvent[33m.[39m[34mchange[39m(screen[33m.[39m[34mgetByPlaceholderText[39m([32m"Email 
address"[39m)[33m,[39m {
    [90m   | [39m                            [31m^[39m
    [90m257| [39m      target[33m:[39m { value[33m:[39m [32m"ach@example.com"[39m }[33m,[39m
    [90m258| [39m    })[33m;[39m

[31m[2mÔÄ»ÔÄ»ÔÄ»ÔÄ»ÔÄ»ÔÄ»ÔÄ»ÔÄ»ÔÄ»ÔÄ»ÔÄ»ÔÄ»ÔÄ»ÔÄ»ÔÄ»ÔÄ»ÔÄ»ÔÄ»ÔÄ»ÔÄ»ÔÄ»ÔÄ»ÔÄ»[5/15]ÔÄ»[22m[39m

[31m[1m[7m FAIL [27m[22m[39m[34m|e2e|[39m  tests/e2e/auth.test.tsx[2m > [22mAuth E2E Tests[2m > [22mTest 
1: Happy path login (verifies redirection on valid login)
[31m[1mTestingLibraryElementError[22m[39m: Unable to find an element with the text: /Dashboard/i. This could be 
because the text is broken up by multiple elements. In this case, you can provide a function for your text matcher to 
make your matcher more flexible.

Ignored nodes: comments, script, style
[36m<body>[39m
  [36m<div>[39m
    [36m<div[39m
      [33mclass[39m=[32m"flex min-h-screen bg-[#06060a] font-inter selection:bg-purple-500/30"[39m
    [36m>[39m
      [36m<div[39m
        [33mclass[39m=[32m"w-full lg:w-[30%] min-w-[320px] max-w-xl lg:max-w-none mx-auto flex flex-col 
justify-center px-8 sm:px-12 py-10 bg-[#0b0b12] relative shadow-[20px_0_60px_rgba(0,0,0,0.6)] z-20 border-r 
border-[#1e1e2e]"[39m
      [36m>[39m
        [36m<div[39m
          [33mclass[39m=[32m"w-full"[39m
          [33mstyle[39m=[32m"opacity: 1; transform: none;"[39m
        [36m>[39m
          [36m<div[39m
            [33mclass[39m=[32m"mb-10 text-center sm:text-left"[39m
          [36m>[39m
            [36m<h2[39m
              [33mclass[39m=[32m"text-3xl font-bold text-white font-exo tracking-tight mb-2"[39m
            [36m>[39m
              [0mWelcome back[0m
            [36m</h2>[39m
            [36m<p[39m
              [33mclass[39m=[32m"text-slate-400 font-light tracking-wide text-sm"[39m
            [36m>[39m
              [0mEnter your credentials to access your account.[0m
            [36m</p>[39m
          [36m</div>[39m
          [36m<form[39m
            [33mautocomplete[39m=[32m"off"[39m
            [33mclass[39m=[32m"w-full flex flex-col gap-5"[39m
          [36m>[39m
            [36m<div[39m
              [33mclass[39m=[32m"relative group"[39m
            [36m>[39m
              [36m<div[39m
                [33mclass[39m=[32m"absolute inset-y-0 left-0 pl-4 flex items-center pointer-events-none"[39m
              [36m>[39m
                [36m<svg[39m
                  [33mclass[39m=[32m"text-slate-500 group-focus-within:text-purple-400 transition-colors"[39m
                  [33mfill[39m=[32m"currentColor"[39m
                  [33mheight[39m=[32m"1em"[39m
                  [33mstroke[39m=[32m"currentColor"[39m
                  [33mstroke-width[39m=[32m"0"[39m
                  [33mviewBox[39m=[32m"0 0 512 512"[39m
                  [33mwidth[39m=[32m"1em"[39m
                  [33mxmlns[39m=[32m"http://www.w3.org/2000/svg"[39m
                [36m>[39m
                  [36m<path[39m
                    [33md[39m=[32m"M424 80H88a56.06 56.06 0 0 0-56 56v240a56.06 56.06 0 0 0 56 56h336a56.06 56.06 0 
0 0 56-56V136a56.06 56.06 0 0 0-56-56zm-14.18 92.63-144 112a16 16 0 0 1-19.64 0l-144-112a16 16 0 1 1 19.64-25.26L256 
251.73l134.18-104.36a16 16 0 0 1 19.64 25.26z"[39m
                  [36m/>[39m
                [36m</svg>[39m
              [36m</div>[39m
              [36m<input[39m
                [33mclass[39m=[32m"w-full h-14 bg-[#13131f] text-white placeholder-slate-500 rounded-xl pl-11 pr-4 
border border-[#2a2a3c] focus:border-purple-500 focus:ring-1 focus:ring-purple-500/50 outline-none transition-all"[39m
                [33mplaceholder[39m=[32m"Email address"[39m
                [33mrequired[39m=[32m""[39m
                [33mtype[39m=[32m"email"[39m
                [33mvalue[39m=[32m"test@example.com"[39m
              [36m/>[39m
            [36m</div>[39m
            [36m<div[39m
              [33mclass[39m=[32m"relative group"[39m
            [36m>[39m
              [36m<div[39m
                [33mclass[39m=[32m"absolute inset-y-0 left-0 pl-4 flex items-center pointer-events-none"[39m
              [36m>[39m
                [36m<svg[39m
                  [33mclass[39m=[32m"text-slate-500 group-focus-within:text-purple-400 transition-colors"[39m
                  [33mfill[39m=[32m"currentColor"[39m
                  [33mheight[39m=[32m"1em"[39m
                  [33mstroke[39m=[32m"currentColor"[39m
                  [33mstroke-width[39m=[32m"0"[39m
                  [33mviewBox[39m=[32m"0 0 512 512"[39m
                  [33mwidth[39m=[32m"1em"[39m
                  [33mxmlns[39m=[32m"http://www.w3.org/2000/svg"[39m
                [36m>[39m
                  [36m<path[39m
                    [33md[39m=[32m"M368 192H192v-80a64 64 0 1 1 128 0 16 16 0 0 0 32 0 96 96 0 1 0-192 
0v80h-16a64.07 64.07 0 0 0-64 64v176a64.07 64.07 0 0 0 64 64h224a64.07 64.07 0 0 0 64-64V256a64.07 64.07 0 0 
0-64-64z"[39m
                  [36m/>[39m
                [36m</svg>[39m
              [36m</div>[39m
              [36m<input[39m
                [33mclass[39m=[32m"w-full h-14 bg-[#13131f] text-white placeholder-slate-500 rounded-xl pl-11 pr-12 
border border-[#2a2a3c] focus:border-purple-500 focus:ring-1 focus:ring-purple-500/50 outline-none transition-all"[39m
                [33mplaceholder[39m=[32m"Password"[39m
                [33mrequired[39m=[32m""[39m
                [33mtype[39m=[32m"password"[39m
                [33mvalue[39m=[32m"Password123!"[39m
              [36m/>[39m
              [36m<button[39m
                [33mclass[39m=[32m"absolute inset-y-0 right-0 pr-4 flex items-center text-slate-500 
hover:text-white transition-colors"[39m
                [33mtype[39m=[32m"button"[39m
              [36m>[39m
                [36m<svg[39m
                  [33mfill[39m=[32m"currentColor"[39m
                  [33mheight[39m=[32m"1em"[39m
                  [33mstroke[39m=[32m"currentColor"[39m
                  [33mstroke-width[39m=[32m"0"[39m
                  [33mviewBox[39m=[32m"0 0 512 512"[39m
                  [33mwidth[39m=[32m"1em"[39m
                  [33mxmlns[39m=[32m"http://www.w3.org/2000/svg"[39m
                [36m>[39m
                  [36m<circle[39m
                    [33mcx[39m=[32m"256"[39m
                    [33mcy[39m=[32m"256"[39m
                    [33mr[39m=[32m"64"[39m
                  [36m/>[39m
                  [36m<path[39m
                    [33md[39m=[32m"M490.84 238.6c-26.46-40.92-60.79-75.68-99.27-100.53C349 110.55 302 96 255.66 
96c-42.52 0-84.33 12.15-124.27 36.11-40.73 24.43-77.63 60.12-109.68 106.07a31.92 31.92 0 0 0-.64 35.54c26.41 41.33 
60.4 76.14 98.28 100.65C162 402 207.9 416 255.66 416c46.71 0 93.81-14.43 136.2-41.72 38.46-24.77 72.72-59.66 
99.08-100.92a32.2 32.2 0 0 0-.1-34.76zM256 352a96 96 0 1 1 96-96 96.11 96.11 0 0 1-96 96z"[39m
                  [36m/>[39m
                [36m</svg>[39m
              [36m</button>[39m
            [36m</div>[39m
            [36m<div[39m
              [33mclass[39m=[32m"flex items-center justify-between mt-2"[39m
            [36m>[39m
              [36m<label[39m
                [33mclass[39m=[32m"flex items-center gap-2 cursor-pointer group"[39m
              [36m>[39m
                [36m<div[39m
                  [33mclass[39m=[32m"relative flex items-center justify-center w-5 h-5 rounded border 
border-[#2a2a3c] bg-[#13131f] group-hover:border-purple-500 transition-colors"[39m
                [36m>[39m
                  [36m<input[39m
...

Ignored nodes: comments, script, style
[36m<html>[39m
  [36m<head />[39m
  [36m<body>[39m
    [36m<div>[39m
      [36m<div[39m
        [33mclass[39m=[32m"flex min-h-screen bg-[#06060a] font-inter selection:bg-purple-500/30"[39m
      [36m>[39m
        [36m<div[39m
          [33mclass[39m=[32m"w-full lg:w-[30%] min-w-[320px] max-w-xl lg:max-w-none mx-auto flex flex-col 
justify-center px-8 sm:px-12 py-10 bg-[#0b0b12] relative shadow-[20px_0_60px_rgba(0,0,0,0.6)] z-20 border-r 
border-[#1e1e2e]"[39m
        [36m>[39m
          [36m<div[39m
            [33mclass[39m=[32m"w-full"[39m
            [33mstyle[39m=[32m"opacity: 1; transform: none;"[39m
          [36m>[39m
            [36m<div[39m
              [33mclass[39m=[32m"mb-10 text-center sm:text-left"[39m
            [36m>[39m
              [36m<h2[39m
                [33mclass[39m=[32m"text-3xl font-bold text-white font-exo tracking-tight mb-2"[39m
              [36m>[39m
                [0mWelcome back[0m
              [36m</h2>[39m
              [36m<p[39m
                [33mclass[39m=[32m"text-slate-400 font-light tracking-wide text-sm"[39m
              [36m>[39m
                [0mEnter your credentials to access your account.[0m
              [36m</p>[39m
            [36m</div>[39m
            [36m<form[39m
              [33mautocomplete[39m=[32m"off"[39m
              [33mclass[39m=[32m"w-full flex flex-col gap-5"[39m
            [36m>[39m
              [36m<div[39m
                [33mclass[39m=[32m"relative group"[39m
              [36m>[39m
                [36m<div[39m
                  [33mclass[39m=[32m"absolute inset-y-0 left-0 pl-4 flex items-center pointer-events-none"[39m
                [36m>[39m
                  [36m<svg[39m
                    [33mclass[39m=[32m"text-slate-500 group-focus-within:text-purple-400 transition-colors"[39m
                    [33mfill[39m=[32m"currentColor"[39m
                    [33mheight[39m=[32m"1em"[39m
                    [33mstroke[39m=[32m"currentColor"[39m
                    [33mstroke-width[39m=[32m"0"[39m
                    [33mviewBox[39m=[32m"0 0 512 512"[39m
                    [33mwidth[39m=[32m"1em"[39m
                    [33mxmlns[39m=[32m"http://www.w3.org/2000/svg"[39m
                  [36m>[39m
                    [36m<path[39m
                      [33md[39m=[32m"M424 80H88a56.06 56.06 0 0 0-56 56v240a56.06 56.06 0 0 0 56 56h336a56.06 56.06 
0 0 0 56-56V136a56.06 56.06 0 0 0-56-56zm-14.18 92.63-144 112a16 16 0 0 1-19.64 0l-144-112a16 16 0 1 1 19.64-25.26L256 
251.73l134.18-104.36a16 16 0 0 1 19.64 25.26z"[39m
                    [36m/>[39m
                  [36m</svg>[39m
                [36m</div>[39m
                [36m<input[39m
                  [33mclass[39m=[32m"w-full h-14 bg-[#13131f] text-white placeholder-slate-500 rounded-xl pl-11 
pr-4 border border-[#2a2a3c] focus:border-purple-500 focus:ring-1 focus:ring-purple-500/50 outline-none 
transition-all"[39m
                  [33mplaceholder[39m=[32m"Email address"[39m
                  [33mrequired[39m=[32m""[39m
                  [33mtype[39m=[32m"email"[39m
                  [33mvalue[39m=[32m"test@example.com"[39m
                [36m/>[39m
              [36m</div>[39m
              [36m<div[39m
                [33mclass[39m=[32m"relative group"[39m
              [36m>[39m
                [36m<div[39m
                  [33mclass[39m=[32m"absolute inset-y-0 left-0 pl-4 flex items-center pointer-events-none"[39m
                [36m>[39m
                  [36m<svg[39m
                    [33mclass[39m=[32m"text-slate-500 group-focus-within:text-purple-400 transition-colors"[39m
                    [33mfill[39m=[32m"currentColor"[39m
                    [33mheight[39m=[32m"1em"[39m
                    [33mstroke[39m=[32m"currentColor"[39m
                    [33mstroke-width[39m=[32m"0"[39m
                    [33mviewBox[39m=[32m"0 0 512 512"[39m
                    [33mwidth[39m=[32m"1em"[39m
                    [33mxmlns[39m=[32m"http://www.w3.org/2000/svg"[39m
                  [36m>[39m
                    [36m<path[39m
                      [33md[39m=[32m"M368 192H192v-80a64 64 0 1 1 128 0 16 16 0 0 0 32 0 96 96 0 1 0-192 
0v80h-16a64.07 64.07 0 0 0-64 64v176a64.07 64.07 0 0 0 64 64h224a64.07 64.07 0 0 0 64-64V256a64.07 64.07 0 0 
0-64-64z"[39m
                    [36m/>[39m
                  [36m</svg>[39m
                [36m</div>[39m
                [36m<input[39m
                  [33mclass[39m=[32m"w-full h-14 bg-[#13131f] text-white placeholder-slate-500 rounded-xl pl-11 
pr-12 border border-[#2a2a3c] focus:border-purple-500 focus:ring-1 focus:ring-purple-500/50 outline-none 
transition-all"[39m
                  [33mplaceholder[39m=[32m"Password"[39m
                  [33mrequired[39m=[32m""[39m
                  [33mtype[39m=[32m"password"[39m
                  [33mvalue[39m=[32m"Password123!"[39m
                [36m/>[39m
                [36m<button[39m
                  [33mclass[39m=[32m"absolute inset-y-0 right-0 pr-4 flex items-center text-slate-500 
hover:text-white transition-colors"[39m
                  [33mtype[39m=[32m"button"[39m
                [36m>[39m
                  [36m<svg[39m
                    [33mfill[39m=[32m"currentColor"[39m
                    [33mheight[39m=[32m"1em"[39m
                    [33mstroke[39m=[32m"currentColor"[39m
                    [33mstroke-width[39m=[32m"0"[39m
                    [33mviewBox[39m=[32m"0 0 512 512"[39m
                    [33mwidth[39m=[32m"1em"[39m
                    [33mxmlns[39m=[32m"http://www.w3.org/2000/svg"[39m
                  [36m>[39m
                    [36m<circle[39m
                      [33mcx[39m=[32m"256"[39m
                      [33mcy[39m=[32m"256"[39m
                      [33mr[39m=[32m"64"[39m
                    [36m/>[39m
                    [36m<path[39m
                      [33md[39m=[32m"M490.84 238.6c-26.46-40.92-60.79-75.68-99.27-100.53C349 110.55 302 96 255.66 
96c-42.52 0-84.33 12.15-124.27 36.11-40.73 24.43-77.63 60.12-109.68 106.07a31.92 31.92 0 0 0-.64 35.54c26.41 41.33 
60.4 76.14 98.28 100.65C162 402 207.9 416 255.66 416c46.71 0 93.81-14.43 136.2-41.72 38.46-24.77 72.72-59.66 
99.08-100.92a32.2 32.2 0 0 0-.1-34.76zM256 352a96 96 0 1 1 96-96 96.11 96.11 0 0 1-96 96z"[39m
                    [36m/>[39m
                  [36m</svg>[39m
                [36m</button>[39m
              [36m</div>[39m
              [36m<div[39m
                [33mclass[39m=[32m"flex items-center justify-between mt-2"[39m
              [36m>[39m
                [36m<label[39m
                  [33mclass[39m=[32m"flex items-center gap-2 cursor-pointer group"[39m
                [36m>[39m
           ...
[90m [2mÔØ»[22m Proxy.waitForWrapper 
node_modules/.pnpm/@testing-library+dom@10.4.1/node_modules/@testing-library/dom/dist/wait-for.js:[2m163:27[22m[39m
[36m [2mÔØ»[22m tests/e2e/auth.test.tsx:[2m48:11[22m[39m
    [90m 46| [39m    
fireEvent[33m.[39m[34mclick[39m(screen[33m.[39m[34mgetByRole[39m([32m"button"[39m[33m,[39m { 
name[33m:[39m [36m/Sign In/i[39m }))[33m;[39m
    [90m 47| [39m
    [90m 48| [39m    [35mawait[39m [34mwaitFor[39m(() [33m=>[39m {
    [90m   | [39m          [31m^[39m
    [90m 49| [39m      [34mexpect[39m(screen[33m.[39m[34mgetByText[39m([36m/Dashboard/i[39m) [33m||[39m 
screen[33m.[39m[34mgetByText[39m([36m/Welco[39mÔÇª
    [90m 50| [39m    }[33m,[39m { timeout[33m:[39m [34m3000[39m })[33m;[39m

[31m[2mÔÄ»ÔÄ»ÔÄ»ÔÄ»ÔÄ»ÔÄ»ÔÄ»ÔÄ»ÔÄ»ÔÄ»ÔÄ»ÔÄ»ÔÄ»ÔÄ»ÔÄ»ÔÄ»ÔÄ»ÔÄ»ÔÄ»ÔÄ»ÔÄ»ÔÄ»ÔÄ»[6/15]ÔÄ»[22m[39m

[31m[1m[7m FAIL [27m[22m[39m[34m|e2e|[39m  tests/e2e/auth.test.tsx[2m > [22mAuth E2E Tests[2m > [22mTest 
4: Unverified email block (verifies signout and error toast when user has verified=false)
[31m[1mAssertionError[22m[39m: expected "spy" to be called with arguments: [ ÔÇª(2) ][90m

Received: 

[1m  1st spy call:

[22m[2m  Array [[22m
[32m-   "Your email has not been verified yet.",[90m
[32m-   Any<Object>,[90m
[31m+   "Login failed. Please try again.",[90m
[31m+   Object {[90m
[31m+     "position": "top-center",[90m
[31m+     "theme": "colored",[90m
[31m+   },[90m
[2m  ][22m
[39m[90m

Number of calls: [1m1[22m
[39m

Ignored nodes: comments, script, style
[36m<html>[39m
  [36m<head />[39m
  [36m<body>[39m
    [36m<div>[39m
      [36m<div[39m
        [33mclass[39m=[32m"flex min-h-screen bg-[#06060a] font-inter selection:bg-purple-500/30"[39m
      [36m>[39m
        [36m<div[39m
          [33mclass[39m=[32m"w-full lg:w-[30%] min-w-[320px] max-w-xl lg:max-w-none mx-auto flex flex-col 
justify-center px-8 sm:px-12 py-10 bg-[#0b0b12] relative shadow-[20px_0_60px_rgba(0,0,0,0.6)] z-20 border-r 
border-[#1e1e2e]"[39m
        [36m>[39m
          [36m<div[39m
            [33mclass[39m=[32m"w-full"[39m
            [33mstyle[39m=[32m"opacity: 1; transform: none;"[39m
          [36m>[39m
            [36m<div[39m
              [33mclass[39m=[32m"mb-10 text-center sm:text-left"[39m
            [36m>[39m
              [36m<h2[39m
                [33mclass[39m=[32m"text-3xl font-bold text-white font-exo tracking-tight mb-2"[39m
              [36m>[39m
                [0mWelcome back[0m
              [36m</h2>[39m
              [36m<p[39m
                [33mclass[39m=[32m"text-slate-400 font-light tracking-wide text-sm"[39m
              [36m>[39m
                [0mEnter your credentials to access your account.[0m
              [36m</p>[39m
            [36m</div>[39m
            [36m<form[39m
              [33mautocomplete[39m=[32m"off"[39m
              [33mclass[39m=[32m"w-full flex flex-col gap-5"[39m
            [36m>[39m
              [36m<div[39m
                [33mclass[39m=[32m"relative group"[39m
              [36m>[39m
                [36m<div[39m
                  [33mclass[39m=[32m"absolute inset-y-0 left-0 pl-4 flex items-center pointer-events-none"[39m
                [36m>[39m
                  [36m<svg[39m
                    [33mclass[39m=[32m"text-slate-500 group-focus-within:text-purple-400 transition-colors"[39m
                    [33mfill[39m=[32m"currentColor"[39m
                    [33mheight[39m=[32m"1em"[39m
                    [33mstroke[39m=[32m"currentColor"[39m
                    [33mstroke-width[39m=[32m"0"[39m
                    [33mviewBox[39m=[32m"0 0 512 512"[39m
                    [33mwidth[39m=[32m"1em"[39m
                    [33mxmlns[39m=[32m"http://www.w3.org/2000/svg"[39m
                  [36m>[39m
                    [36m<path[39m
                      [33md[39m=[32m"M424 80H88a56.06 56.06 0 0 0-56 56v240a56.06 56.06 0 0 0 56 56h336a56.06 56.06 
0 0 0 56-56V136a56.06 56.06 0 0 0-56-56zm-14.18 92.63-144 112a16 16 0 0 1-19.64 0l-144-112a16 16 0 1 1 19.64-25.26L256 
251.73l134.18-104.36a16 16 0 0 1 19.64 25.26z"[39m
                    [36m/>[39m
                  [36m</svg>[39m
                [36m</div>[39m
                [36m<input[39m
                  [33mclass[39m=[32m"w-full h-14 bg-[#13131f] text-white placeholder-slate-500 rounded-xl pl-11 
pr-4 border border-[#2a2a3c] focus:border-purple-500 focus:ring-1 focus:ring-purple-500/50 outline-none 
transition-all"[39m
                  [33mplaceholder[39m=[32m"Email address"[39m
                  [33mrequired[39m=[32m""[39m
                  [33mtype[39m=[32m"email"[39m
                  [33mvalue[39m=[32m"unverified@example.com"[39m
                [36m/>[39m
              [36m</div>[39m
              [36m<div[39m
                [33mclass[39m=[32m"relative group"[39m
              [36m>[39m
                [36m<div[39m
                  [33mclass[39m=[32m"absolute inset-y-0 left-0 pl-4 flex items-center pointer-events-none"[39m
                [36m>[39m
                  [36m<svg[39m
                    [33mclass[39m=[32m"text-slate-500 group-focus-within:text-purple-400 transition-colors"[39m
                    [33mfill[39m=[32m"currentColor"[39m
                    [33mheight[39m=[32m"1em"[39m
                    [33mstroke[39m=[32m"currentColor"[39m
                    [33mstroke-width[39m=[32m"0"[39m
                    [33mviewBox[39m=[32m"0 0 512 512"[39m
                    [33mwidth[39m=[32m"1em"[39m
                    [33mxmlns[39m=[32m"http://www.w3.org/2000/svg"[39m
                  [36m>[39m
                    [36m<path[39m
                      [33md[39m=[32m"M368 192H192v-80a64 64 0 1 1 128 0 16 16 0 0 0 32 0 96 96 0 1 0-192 
0v80h-16a64.07 64.07 0 0 0-64 64v176a64.07 64.07 0 0 0 64 64h224a64.07 64.07 0 0 0 64-64V256a64.07 64.07 0 0 
0-64-64z"[39m
                    [36m/>[39m
                  [36m</svg>[39m
                [36m</div>[39m
                [36m<input[39m
                  [33mclass[39m=[32m"w-full h-14 bg-[#13131f] text-white placeholder-slate-500 rounded-xl pl-11 
pr-12 border border-[#2a2a3c] focus:border-purple-500 focus:ring-1 focus:ring-purple-500/50 outline-none 
transition-all"[39m
                  [33mplaceholder[39m=[32m"Password"[39m
                  [33mrequired[39m=[32m""[39m
                  [33mtype[39m=[32m"password"[39m
                  [33mvalue[39m=[32m"Password123!"[39m
                [36m/>[39m
                [36m<button[39m
                  [33mclass[39m=[32m"absolute inset-y-0 right-0 pr-4 flex items-center text-slate-500 
hover:text-white transition-colors"[39m
                  [33mtype[39m=[32m"button"[39m
                [36m>[39m
                  [36m<svg[39m
                    [33mfill[39m=[32m"currentColor"[39m
                    [33mheight[39m=[32m"1em"[39m
                    [33mstroke[39m=[32m"currentColor"[39m
                    [33mstroke-width[39m=[32m"0"[39m
                    [33mviewBox[39m=[32m"0 0 512 512"[39m
                    [33mwidth[39m=[32m"1em"[39m
                    [33mxmlns[39m=[32m"http://www.w3.org/2000/svg"[39m
                  [36m>[39m
                    [36m<circle[39m
                      [33mcx[39m=[32m"256"[39m
                      [33mcy[39m=[32m"256"[39m
                      [33mr[39m=[32m"64"[39m
                    [36m/>[39m
                    [36m<path[39m
                      [33md[39m=[32m"M490.84 238.6c-26.46-40.92-60.79-75.68-99.27-100.53C349 110.55 302 96 255.66 
96c-42.52 0-84.33 12.15-124.27 36.11-40.73 24.43-77.63 60.12-109.68 106.07a31.92 31.92 0 0 0-.64 35.54c26.41 41.33 
60.4 76.14 98.28 100.65C162 402 207.9 416 255.66 416c46.71 0 93.81-14.43 136.2-41.72 38.46-24.77 72.72-59.66 
99.08-100.92a32.2 32.2 0 0 0-.1-34.76zM256 352a96 96 0 1 1 96-96 96.11 96.11 0 0 1-96 96z"[39m
                    [36m/>[39m
                  [36m</svg>[39m
                [36m</button>[39m
              [36m</div>[39m
              [36m<div[39m
                [33mclass[39m=[32m"flex items-center justify-between mt-2"[39m
              [36m>[39m
                [36m<label[39m
                  [33mclass[39m=[32m"flex items-center gap-2 cursor-pointer group"[39m
                [36m>[39m
     ...
[36m [2mÔØ»[22m tests/e2e/auth.test.tsx:[2m154:27[22m[39m
    [90m152| [39m
    [90m153| [39m    [35mawait[39m [34mwaitFor[39m(() [33m=>[39m {
    [90m154| [39m      [34mexpect[39m(toast[33m.[39merror)[33m.[39m[34mtoHaveBeenCalledWith[39m(
    [90m   | [39m                          [31m^[39m
    [90m155| [39m        [32m"Your email has not been verified yet."[39m[33m,[39m
    [90m156| [39m        expect[33m.[39m[34many[39m([33mObject[39m)
[90m [2mÔØ»[22m runWithExpensiveErrorDiagnosticsDisabled 
node_modules/.pnpm/@testing-library+dom@10.4.1/node_modules/@testing-library/dom/dist/config.js:[2m47:12[22m[39m
[90m [2mÔØ»[22m checkCallback 
node_modules/.pnpm/@testing-library+dom@10.4.1/node_modules/@testing-library/dom/dist/wait-for.js:[2m124:77[22m[39m
[90m [2mÔØ»[22m MutationObserver.checkRealTimersCallback 
node_modules/.pnpm/@testing-library+dom@10.4.1/node_modules/@testing-library/dom/dist/wait-for.js:[2m118:16[22m[39m
[90m [2mÔØ»[22m MutationObserver.invokeTheCallbackFunction 
node_modules/.pnpm/jsdom@26.1.0/node_modules/jsdom/lib/jsdom/living/generated/MutationCallback.js:[2m19:26[22m[39m
[90m [2mÔØ»[22m notifyMutationObservers 
node_modules/.pnpm/jsdom@26.1.0/node_modules/jsdom/lib/jsdom/living/helpers/mutation-observers.js:[2m160:22[22m[39m
[90m [2mÔØ»[22m 
node_modules/.pnpm/jsdom@26.1.0/node_modules/jsdom/lib/jsdom/living/helpers/mutation-observers.js:[2m133:5[22m[39m

[31m[2mÔÄ»ÔÄ»ÔÄ»ÔÄ»ÔÄ»ÔÄ»ÔÄ»ÔÄ»ÔÄ»ÔÄ»ÔÄ»ÔÄ»ÔÄ»ÔÄ»ÔÄ»ÔÄ»ÔÄ»ÔÄ»ÔÄ»ÔÄ»ÔÄ»ÔÄ»ÔÄ»[7/15]ÔÄ»[22m[39m

[31m[1m[7m FAIL [27m[22m[39m[34m|e2e|[39m  tests/e2e/auth.test.tsx[2m > [22mAuth E2E Tests[2m > [22mTest 
5: Account suspension block (verifies signout and error toast when user has isSuspend=true)
[31m[1mAssertionError[22m[39m: expected "spy" to be called with arguments: [ ÔÇª(2) ][90m

Received: 

[1m  1st spy call:

[22m[2m  Array [[22m
[32m-   "Your account has been suspended.",[90m
[32m-   Any<Object>,[90m
[31m+   "Login failed. Please try again.",[90m
[31m+   Object {[90m
[31m+     "position": "top-center",[90m
[31m+     "theme": "colored",[90m
[31m+   },[90m
[2m  ][22m
[39m[90m

Number of calls: [1m1[22m
[39m

Ignored nodes: comments, script, style
[36m<html>[39m
  [36m<head />[39m
  [36m<body>[39m
    [36m<div>[39m
      [36m<div[39m
        [33mclass[39m=[32m"flex min-h-screen bg-[#06060a] font-inter selection:bg-purple-500/30"[39m
      [36m>[39m
        [36m<div[39m
          [33mclass[39m=[32m"w-full lg:w-[30%] min-w-[320px] max-w-xl lg:max-w-none mx-auto flex flex-col 
justify-center px-8 sm:px-12 py-10 bg-[#0b0b12] relative shadow-[20px_0_60px_rgba(0,0,0,0.6)] z-20 border-r 
border-[#1e1e2e]"[39m
        [36m>[39m
          [36m<div[39m
            [33mclass[39m=[32m"w-full"[39m
            [33mstyle[39m=[32m"opacity: 1; transform: none;"[39m
          [36m>[39m
            [36m<div[39m
              [33mclass[39m=[32m"mb-10 text-center sm:text-left"[39m
            [36m>[39m
              [36m<h2[39m
                [33mclass[39m=[32m"text-3xl font-bold text-white font-exo tracking-tight mb-2"[39m
              [36m>[39m
                [0mWelcome back[0m
              [36m</h2>[39m
              [36m<p[39m
                [33mclass[39m=[32m"text-slate-400 font-light tracking-wide text-sm"[39m
              [36m>[39m
                [0mEnter your credentials to access your account.[0m
              [36m</p>[39m
            [36m</div>[39m
            [36m<form[39m
              [33mautocomplete[39m=[32m"off"[39m
              [33mclass[39m=[32m"w-full flex flex-col gap-5"[39m
            [36m>[39m
              [36m<div[39m
                [33mclass[39m=[32m"relative group"[39m
              [36m>[39m
                [36m<div[39m
                  [33mclass[39m=[32m"absolute inset-y-0 left-0 pl-4 flex items-center pointer-events-none"[39m
                [36m>[39m
                  [36m<svg[39m
                    [33mclass[39m=[32m"text-slate-500 group-focus-within:text-purple-400 transition-colors"[39m
                    [33mfill[39m=[32m"currentColor"[39m
                    [33mheight[39m=[32m"1em"[39m
                    [33mstroke[39m=[32m"currentColor"[39m
                    [33mstroke-width[39m=[32m"0"[39m
                    [33mviewBox[39m=[32m"0 0 512 512"[39m
                    [33mwidth[39m=[32m"1em"[39m
                    [33mxmlns[39m=[32m"http://www.w3.org/2000/svg"[39m
                  [36m>[39m
                    [36m<path[39m
                      [33md[39m=[32m"M424 80H88a56.06 56.06 0 0 0-56 56v240a56.06 56.06 0 0 0 56 56h336a56.06 56.06 
0 0 0 56-56V136a56.06 56.06 0 0 0-56-56zm-14.18 92.63-144 112a16 16 0 0 1-19.64 0l-144-112a16 16 0 1 1 19.64-25.26L256 
251.73l134.18-104.36a16 16 0 0 1 19.64 25.26z"[39m
                    [36m/>[39m
                  [36m</svg>[39m
                [36m</div>[39m
                [36m<input[39m
                  [33mclass[39m=[32m"w-full h-14 bg-[#13131f] text-white placeholder-slate-500 rounded-xl pl-11 
pr-4 border border-[#2a2a3c] focus:border-purple-500 focus:ring-1 focus:ring-purple-500/50 outline-none 
transition-all"[39m
                  [33mplaceholder[39m=[32m"Email address"[39m
                  [33mrequired[39m=[32m""[39m
                  [33mtype[39m=[32m"email"[39m
                  [33mvalue[39m=[32m"suspended@example.com"[39m
                [36m/>[39m
              [36m</div>[39m
              [36m<div[39m
                [33mclass[39m=[32m"relative group"[39m
              [36m>[39m
                [36m<div[39m
                  [33mclass[39m=[32m"absolute inset-y-0 left-0 pl-4 flex items-center pointer-events-none"[39m
                [36m>[39m
                  [36m<svg[39m
                    [33mclass[39m=[32m"text-slate-500 group-focus-within:text-purple-400 transition-colors"[39m
                    [33mfill[39m=[32m"currentColor"[39m
                    [33mheight[39m=[32m"1em"[39m
                    [33mstroke[39m=[32m"currentColor"[39m
                    [33mstroke-width[39m=[32m"0"[39m
                    [33mviewBox[39m=[32m"0 0 512 512"[39m
                    [33mwidth[39m=[32m"1em"[39m
                    [33mxmlns[39m=[32m"http://www.w3.org/2000/svg"[39m
                  [36m>[39m
                    [36m<path[39m
                      [33md[39m=[32m"M368 192H192v-80a64 64 0 1 1 128 0 16 16 0 0 0 32 0 96 96 0 1 0-192 
0v80h-16a64.07 64.07 0 0 0-64 64v176a64.07 64.07 0 0 0 64 64h224a64.07 64.07 0 0 0 64-64V256a64.07 64.07 0 0 
0-64-64z"[39m
                    [36m/>[39m
                  [36m</svg>[39m
                [36m</div>[39m
                [36m<input[39m
                  [33mclass[39m=[32m"w-full h-14 bg-[#13131f] text-white placeholder-slate-500 rounded-xl pl-11 
pr-12 border border-[#2a2a3c] focus:border-purple-500 focus:ring-1 focus:ring-purple-500/50 outline-none 
transition-all"[39m
                  [33mplaceholder[39m=[32m"Password"[39m
                  [33mrequired[39m=[32m""[39m
                  [33mtype[39m=[32m"password"[39m
                  [33mvalue[39m=[32m"Password123!"[39m
                [36m/>[39m
                [36m<button[39m
                  [33mclass[39m=[32m"absolute inset-y-0 right-0 pr-4 flex items-center text-slate-500 
hover:text-white transition-colors"[39m
                  [33mtype[39m=[32m"button"[39m
                [36m>[39m
                  [36m<svg[39m
                    [33mfill[39m=[32m"currentColor"[39m
                    [33mheight[39m=[32m"1em"[39m
                    [33mstroke[39m=[32m"currentColor"[39m
                    [33mstroke-width[39m=[32m"0"[39m
                    [33mviewBox[39m=[32m"0 0 512 512"[39m
                    [33mwidth[39m=[32m"1em"[39m
                    [33mxmlns[39m=[32m"http://www.w3.org/2000/svg"[39m
                  [36m>[39m
                    [36m<circle[39m
                      [33mcx[39m=[32m"256"[39m
                      [33mcy[39m=[32m"256"[39m
                      [33mr[39m=[32m"64"[39m
                    [36m/>[39m
                    [36m<path[39m
                      [33md[39m=[32m"M490.84 238.6c-26.46-40.92-60.79-75.68-99.27-100.53C349 110.55 302 96 255.66 
96c-42.52 0-84.33 12.15-124.27 36.11-40.73 24.43-77.63 60.12-109.68 106.07a31.92 31.92 0 0 0-.64 35.54c26.41 41.33 
60.4 76.14 98.28 100.65C162 402 207.9 416 255.66 416c46.71 0 93.81-14.43 136.2-41.72 38.46-24.77 72.72-59.66 
99.08-100.92a32.2 32.2 0 0 0-.1-34.76zM256 352a96 96 0 1 1 96-96 96.11 96.11 0 0 1-96 96z"[39m
                    [36m/>[39m
                  [36m</svg>[39m
                [36m</button>[39m
              [36m</div>[39m
              [36m<div[39m
                [33mclass[39m=[32m"flex items-center justify-between mt-2"[39m
              [36m>[39m
                [36m<label[39m
                  [33mclass[39m=[32m"flex items-center gap-2 cursor-pointer group"[39m
                [36m>[39m
      ...
[36m [2mÔØ»[22m tests/e2e/auth.test.tsx:[2m185:27[22m[39m
    [90m183| [39m
    [90m184| [39m    [35mawait[39m [34mwaitFor[39m(() [33m=>[39m {
    [90m185| [39m      [34mexpect[39m(toast[33m.[39merror)[33m.[39m[34mtoHaveBeenCalledWith[39m(
    [90m   | [39m                          [31m^[39m
    [90m186| [39m        [32m"Your account has been suspended."[39m[33m,[39m
    [90m187| [39m        expect[33m.[39m[34many[39m([33mObject[39m)
[90m [2mÔØ»[22m runWithExpensiveErrorDiagnosticsDisabled 
node_modules/.pnpm/@testing-library+dom@10.4.1/node_modules/@testing-library/dom/dist/config.js:[2m47:12[22m[39m
[90m [2mÔØ»[22m checkCallback 
node_modules/.pnpm/@testing-library+dom@10.4.1/node_modules/@testing-library/dom/dist/wait-for.js:[2m124:77[22m[39m
[90m [2mÔØ»[22m Timeout.checkRealTimersCallback 
node_modules/.pnpm/@testing-library+dom@10.4.1/node_modules/@testing-library/dom/dist/wait-for.js:[2m118:16[22m[39m

[31m[2mÔÄ»ÔÄ»ÔÄ»ÔÄ»ÔÄ»ÔÄ»ÔÄ»ÔÄ»ÔÄ»ÔÄ»ÔÄ»ÔÄ»ÔÄ»ÔÄ»ÔÄ»ÔÄ»ÔÄ»ÔÄ»ÔÄ»ÔÄ»ÔÄ»ÔÄ»ÔÄ»[8/15]ÔÄ»[22m[39m

[31m[1m[7m FAIL [27m[22m[39m[34m|e2e|[39m  tests/e2e/gamemodes.test.tsx[2m > [22mGamemodes E2E Tests[2m > 
[22mTest 3: Level completed rewards (completing last stage renders LevelCompleted popup, increments XP/coins, updates 
profile)
[31m[1mTestingLibraryElementError[22m[39m: Unable to find an element with the text: Level Completed!. This could 
be because the text is broken up by multiple elements. In this case, you can provide a function for your text matcher 
to make your matcher more flexible.

Ignored nodes: comments, script, style
[36m<body>[39m
  [36m<div>[39m
    [36m<div[39m
      [33mclass[39m=[32m"h-screen bg-[#06060a] flex flex-col overflow-hidden"[39m
    [36m>[39m
      [36m<div[39m
        [33mclass[39m=[32m"flex justify-between items-center w-full h-12 md:h-14 bg-[#06060a] border-b 
border-[#1e1e2e] text-slate-200 px-3 md:px-6 py-1 shrink-0 z-20 font-inter"[39m
      [36m>[39m
        [36m<div[39m
          [33mclass[39m=[32m"flex items-center gap-4"[39m
        [36m>[39m
          [36m<a[39m
            [33mclass[39m=[32m"flex items-center justify-center w-8 h-8 md:w-9 md:h-9 rounded-lg bg-[#0d0d12] 
border border-[#2a2a3c] text-slate-400 hover:text-white hover:border-purple-500/50 hover:bg-purple-500/10 
transition-all duration-300"[39m
            [33mdata-discover[39m=[32m"true"[39m
            [33mhref[39m=[32m"/Main"[39m
          [36m>[39m
            [36m<svg[39m
              [33mclass[39m=[32m"text-xl"[39m
              [33mfill[39m=[32m"currentColor"[39m
              [33mheight[39m=[32m"1em"[39m
              [33mstroke[39m=[32m"currentColor"[39m
              [33mstroke-width[39m=[32m"0"[39m
              [33mviewBox[39m=[32m"0 0 24 24"[39m
              [33mwidth[39m=[32m"1em"[39m
              [33mxmlns[39m=[32m"http://www.w3.org/2000/svg"[39m
            [36m>[39m
              [36m<path[39m
                [33md[39m=[32m"M0 0h24v24H0z"[39m
                [33mfill[39m=[32m"none"[39m
              [36m/>[39m
              [36m<path[39m
                [33md[39m=[32m"M17.77 3.77 16 2 6 12l10 10 1.77-1.77L9.54 12z"[39m
              [36m/>[39m
            [36m</svg>[39m
          [36m</a>[39m
          [36m<h1[39m
            [33mclass[39m=[32m"text-lg sm:text-xl font-exo font-bold tracking-tight hidden sm:flex items-center 
gap-2"[39m
          [36m>[39m
            [36m<span[39m
              [33mclass[39m=[32m"text-white"[39m
            [36m>[39m
              [0mDevLab[0m
            [36m</span>[39m
          [36m</h1>[39m
          [36m<button[39m
            [33mclass[39m=[32m"flex items-center justify-center w-8 h-8 rounded-lg bg-blue-500/10 border 
border-blue-500/20 text-blue-400 hover:bg-blue-500/20 hover:text-blue-300 transition-all duration-300"[39m
            [33mtitle[39m=[32m"Show Instructions"[39m
          [36m>[39m
            [36m<svg[39m
              [33mclass[39m=[32m"text-xl"[39m
              [33mfill[39m=[32m"currentColor"[39m
              [33mheight[39m=[32m"1em"[39m
              [33mstroke[39m=[32m"currentColor"[39m
              [33mstroke-width[39m=[32m"0"[39m
              [33mviewBox[39m=[32m"0 0 24 24"[39m
              [33mwidth[39m=[32m"1em"[39m
              [33mxmlns[39m=[32m"http://www.w3.org/2000/svg"[39m
            [36m>[39m
              [36m<path[39m
                [33md[39m=[32m"M0 0h24v24H0V0z"[39m
                [33mfill[39m=[32m"none"[39m
              [36m/>[39m
              [36m<path[39m
                [33md[39m=[32m"M11 7h2v2h-2V7zm0 4h2v6h-2v-6zm1-9C6.48 2 2 6.48 2 12s4.48 10 10 10 10-4.48 
10-10S17.52 2 12 2zm0 18c-4.41 0-8-3.59-8-8s3.59-8 8-8 8 3.59 8 8-3.59 8-8 8z"[39m
              [36m/>[39m
            [36m</svg>[39m
          [36m</button>[39m
        [36m</div>[39m
        [36m<div[39m
          [33mclass[39m=[32m"flex gap-1 items-center justify-center bg-[#0d0d12] border border-[#2a2a3c] px-3 
py-1.5 rounded-lg"[39m
        [36m>[39m
          [36m<span[39m
            [33mclass[39m=[32m"text-xl sm:text-2xl transition-all duration-300 text-red-500"[39m
            [33mstyle[39m=[32m"opacity: 1; transform: none;"[39m
          [36m>[39m
            [36m<svg[39m
              [33mclass[39m=[32m"fill-red-500"[39m
              [33mfill[39m=[32m"none"[39m
              [33mheight[39m=[32m"1em"[39m
              [33mstroke[39m=[32m"currentColor"[39m
              [33mstroke-linecap[39m=[32m"round"[39m
              [33mstroke-linejoin[39m=[32m"round"[39m
              [33mstroke-width[39m=[32m"2"[39m
              [33mviewBox[39m=[32m"0 0 24 24"[39m
              [33mwidth[39m=[32m"1em"[39m
              [33mxmlns[39m=[32m"http://www.w3.org/2000/svg"[39m
            [36m>[39m
              [36m<path[39m
                [33md[39m=[32m"M19 14c1.49-1.46 3-3.21 3-5.5A5.5 5.5 0 0 0 16.5 3c-1.76 0-3 .5-4.5 
2-1.5-1.5-2.74-2-4.5-2A5.5 5.5 0 0 0 2 8.5c0 2.3 1.5 4.05 3 5.5l7 7Z"[39m
              [36m/>[39m
            [36m</svg>[39m
          [36m</span>[39m
          [36m<span[39m
            [33mclass[39m=[32m"text-xl sm:text-2xl transition-all duration-300 text-red-500"[39m
            [33mstyle[39m=[32m"opacity: 1; transform: none;"[39m
          [36m>[39m
            [36m<svg[39m
              [33mclass[39m=[32m"fill-red-500"[39m
              [33mfill[39m=[32m"none"[39m
              [33mheight[39m=[32m"1em"[39m
              [33mstroke[39m=[32m"currentColor"[39m
              [33mstroke-linecap[39m=[32m"round"[39m
              [33mstroke-linejoin[39m=[32m"round"[39m
              [33mstroke-width[39m=[32m"2"[39m
              [33mviewBox[39m=[32m"0 0 24 24"[39m
              [33mwidth[39m=[32m"1em"[39m
              [33mxmlns[39m=[32m"http://www.w3.org/2000/svg"[39m
            [36m>[39m
              [36m<path[39m
                [33md[39m=[32m"M19 14c1.49-1.46 3-3.21 3-5.5A5.5 5.5 0 0 0 16.5 3c-1.76 0-3 .5-4.5 
2-1.5-1.5-2.74-2-4.5-2A5.5 5.5 0 0 0 2 8.5c0 2.3 1.5 4.05 3 5.5l7 7Z"[39m
              [36m/>[39m
            [36m</svg>[39m
          [36m</span>[39m
          [36m<span[39m
            [33mclass[39m=[32m"text-xl sm:text-2xl transition-all duration-300 text-[#1e1e2e]"[39m
            [33mstyle[39m=[32m"opacity: 1; transform: none;"[39m
          [36m>[39m
            [36m<svg[39m
              [33mclass[39m=[32m"fill-[#1e1e2e]"[39m
              [33mfill[39m=[32m"none"[39m
              [33mheight[39m=[32m"1em"[39m
              [33mstroke[39m=[32m"currentColor"[39m
              [33mstroke-linecap[39m=[32m"round"[39m
              [33mstroke-linejoin[39m=[32m"round"[39m
              [33mstroke-width[39m=[32m"2"[39m
              [33mviewBox[39m=[32m"0 0 24 24"[39m
              [33mwidth[39m=[32m"1em"[39m
              [33mxmlns[39m=[32m"http://www.w3.org/2000/svg"[39m
            [36m>[39m
              [36m<path[39m
                [33md[39m=[32m"M19 14c1.49-1.46 3-3.21 3-5.5A5.5 5.5 0 0 0 16.5 3c-1.76 0-3 .5-4.5 
2-1.5-1.5-2.74-2-4.5-2A5.5 5.5 0 0 0 2 8.5c0 2.3 1.5 4.05 3 5.5l7 7Z"[39m
              [36m/>[39m
            [36m</svg>[39m
          [36m</span>[39m
        [36m</div>[39m
        [36m<div[39m
          [33mclass[39m=[32m"flex items-center gap-4"[39m
        [36m>[39m
          ...

Ignored nodes: comments, script, style
[36m<html>[39m
  [36m<head />[39m
  [36m<body>[39m
    [36m<div>[39m
      [36m<div[39m
        [33mclass[39m=[32m"h-screen bg-[#06060a] flex flex-col overflow-hidden"[39m
      [36m>[39m
        [36m<div[39m
          [33mclass[39m=[32m"flex justify-between items-center w-full h-12 md:h-14 bg-[#06060a] border-b 
border-[#1e1e2e] text-slate-200 px-3 md:px-6 py-1 shrink-0 z-20 font-inter"[39m
        [36m>[39m
          [36m<div[39m
            [33mclass[39m=[32m"flex items-center gap-4"[39m
          [36m>[39m
            [36m<a[39m
              [33mclass[39m=[32m"flex items-center justify-center w-8 h-8 md:w-9 md:h-9 rounded-lg bg-[#0d0d12] 
border border-[#2a2a3c] text-slate-400 hover:text-white hover:border-purple-500/50 hover:bg-purple-500/10 
transition-all duration-300"[39m
              [33mdata-discover[39m=[32m"true"[39m
              [33mhref[39m=[32m"/Main"[39m
            [36m>[39m
              [36m<svg[39m
                [33mclass[39m=[32m"text-xl"[39m
                [33mfill[39m=[32m"currentColor"[39m
                [33mheight[39m=[32m"1em"[39m
                [33mstroke[39m=[32m"currentColor"[39m
                [33mstroke-width[39m=[32m"0"[39m
                [33mviewBox[39m=[32m"0 0 24 24"[39m
                [33mwidth[39m=[32m"1em"[39m
                [33mxmlns[39m=[32m"http://www.w3.org/2000/svg"[39m
              [36m>[39m
                [36m<path[39m
                  [33md[39m=[32m"M0 0h24v24H0z"[39m
                  [33mfill[39m=[32m"none"[39m
                [36m/>[39m
                [36m<path[39m
                  [33md[39m=[32m"M17.77 3.77 16 2 6 12l10 10 1.77-1.77L9.54 12z"[39m
                [36m/>[39m
              [36m</svg>[39m
            [36m</a>[39m
            [36m<h1[39m
              [33mclass[39m=[32m"text-lg sm:text-xl font-exo font-bold tracking-tight hidden sm:flex items-center 
gap-2"[39m
            [36m>[39m
              [36m<span[39m
                [33mclass[39m=[32m"text-white"[39m
              [36m>[39m
                [0mDevLab[0m
              [36m</span>[39m
            [36m</h1>[39m
            [36m<button[39m
              [33mclass[39m=[32m"flex items-center justify-center w-8 h-8 rounded-lg bg-blue-500/10 border 
border-blue-500/20 text-blue-400 hover:bg-blue-500/20 hover:text-blue-300 transition-all duration-300"[39m
              [33mtitle[39m=[32m"Show Instructions"[39m
            [36m>[39m
              [36m<svg[39m
                [33mclass[39m=[32m"text-xl"[39m
                [33mfill[39m=[32m"currentColor"[39m
                [33mheight[39m=[32m"1em"[39m
                [33mstroke[39m=[32m"currentColor"[39m
                [33mstroke-width[39m=[32m"0"[39m
                [33mviewBox[39m=[32m"0 0 24 24"[39m
                [33mwidth[39m=[32m"1em"[39m
                [33mxmlns[39m=[32m"http://www.w3.org/2000/svg"[39m
              [36m>[39m
                [36m<path[39m
                  [33md[39m=[32m"M0 0h24v24H0V0z"[39m
                  [33mfill[39m=[32m"none"[39m
                [36m/>[39m
                [36m<path[39m
                  [33md[39m=[32m"M11 7h2v2h-2V7zm0 4h2v6h-2v-6zm1-9C6.48 2 2 6.48 2 12s4.48 10 10 10 10-4.48 
10-10S17.52 2 12 2zm0 18c-4.41 0-8-3.59-8-8s3.59-8 8-8 8 3.59 8 8-3.59 8-8 8z"[39m
                [36m/>[39m
              [36m</svg>[39m
            [36m</button>[39m
          [36m</div>[39m
          [36m<div[39m
            [33mclass[39m=[32m"flex gap-1 items-center justify-center bg-[#0d0d12] border border-[#2a2a3c] px-3 
py-1.5 rounded-lg"[39m
          [36m>[39m
            [36m<span[39m
              [33mclass[39m=[32m"text-xl sm:text-2xl transition-all duration-300 text-red-500"[39m
              [33mstyle[39m=[32m"opacity: 1; transform: none;"[39m
            [36m>[39m
              [36m<svg[39m
                [33mclass[39m=[32m"fill-red-500"[39m
                [33mfill[39m=[32m"none"[39m
                [33mheight[39m=[32m"1em"[39m
                [33mstroke[39m=[32m"currentColor"[39m
                [33mstroke-linecap[39m=[32m"round"[39m
                [33mstroke-linejoin[39m=[32m"round"[39m
                [33mstroke-width[39m=[32m"2"[39m
                [33mviewBox[39m=[32m"0 0 24 24"[39m
                [33mwidth[39m=[32m"1em"[39m
                [33mxmlns[39m=[32m"http://www.w3.org/2000/svg"[39m
              [36m>[39m
                [36m<path[39m
                  [33md[39m=[32m"M19 14c1.49-1.46 3-3.21 3-5.5A5.5 5.5 0 0 0 16.5 3c-1.76 0-3 .5-4.5 
2-1.5-1.5-2.74-2-4.5-2A5.5 5.5 0 0 0 2 8.5c0 2.3 1.5 4.05 3 5.5l7 7Z"[39m
                [36m/>[39m
              [36m</svg>[39m
            [36m</span>[39m
            [36m<span[39m
              [33mclass[39m=[32m"text-xl sm:text-2xl transition-all duration-300 text-red-500"[39m
              [33mstyle[39m=[32m"opacity: 1; transform: none;"[39m
            [36m>[39m
              [36m<svg[39m
                [33mclass[39m=[32m"fill-red-500"[39m
                [33mfill[39m=[32m"none"[39m
                [33mheight[39m=[32m"1em"[39m
                [33mstroke[39m=[32m"currentColor"[39m
                [33mstroke-linecap[39m=[32m"round"[39m
                [33mstroke-linejoin[39m=[32m"round"[39m
                [33mstroke-width[39m=[32m"2"[39m
                [33mviewBox[39m=[32m"0 0 24 24"[39m
                [33mwidth[39m=[32m"1em"[39m
                [33mxmlns[39m=[32m"http://www.w3.org/2000/svg"[39m
              [36m>[39m
                [36m<path[39m
                  [33md[39m=[32m"M19 14c1.49-1.46 3-3.21 3-5.5A5.5 5.5 0 0 0 16.5 3c-1.76 0-3 .5-4.5 
2-1.5-1.5-2.74-2-4.5-2A5.5 5.5 0 0 0 2 8.5c0 2.3 1.5 4.05 3 5.5l7 7Z"[39m
                [36m/>[39m
              [36m</svg>[39m
            [36m</span>[39m
            [36m<span[39m
              [33mclass[39m=[32m"text-xl sm:text-2xl transition-all duration-300 text-[#1e1e2e]"[39m
              [33mstyle[39m=[32m"opacity: 1; transform: none;"[39m
            [36m>[39m
              [36m<svg[39m
                [33mclass[39m=[32m"fill-[#1e1e2e]"[39m
                [33mfill[39m=[32m"none"[39m
                [33mheight[39m=[32m"1em"[39m
                [33mstroke[39m=[32m"currentColor"[39m
                [33mstroke-linecap[39m=[32m"round"[39m
                [33mstroke-linejoin[39m=[32m"round"[39m
                [33mstroke-width[39m=[32m"2"[39m
                [33mviewBox[39m=[32m"0 0 24 24"[39m
                [33mwidth[39m=[32m"1em"[39m
                [33mxmlns[39m=[32m"http://www.w3.org/2000/svg"[39m
              [36m>[39m
                [36m<path[39m
                  [33md[39m=[32m"M19 14c1.49-1.46 3-3.21 3-5.5A5.5 5.5 0 0 0 16.5 3c-1.76 0-3 .5-4.5...
[90m [2mÔØ»[22m Proxy.waitForWrapper 
node_modules/.pnpm/@testing-library+dom@10.4.1/node_modules/@testing-library/dom/dist/wait-for.js:[2m163:27[22m[39m
[36m [2mÔØ»[22m tests/e2e/gamemodes.test.tsx:[2m249:11[22m[39m
    [90m247| [39m
    [90m248| [39m    [90m// Verify Level Completed Popup renders and displays reward details[39m
    [90m249| [39m    [35mawait[39m [34mwaitFor[39m(() [33m=>[39m {
    [90m   | [39m          [31m^[39m
    [90m250| [39m      [34mexpect[39m(screen[33m.[39m[34mgetByText[39m([32m"Level 
Completed!"[39m))[33m.[39m[34mtoBeInTheDocument[39m()[33m;[39m
    [90m251| [39m      [90m// Verify XP/coins incremented in user stats in database[39m

[31m[2mÔÄ»ÔÄ»ÔÄ»ÔÄ»ÔÄ»ÔÄ»ÔÄ»ÔÄ»ÔÄ»ÔÄ»ÔÄ»ÔÄ»ÔÄ»ÔÄ»ÔÄ»ÔÄ»ÔÄ»ÔÄ»ÔÄ»ÔÄ»ÔÄ»ÔÄ»ÔÄ»[9/15]ÔÄ»[22m[39m

[31m[1m[7m FAIL [27m[22m[39m[34m|e2e|[39m  tests/e2e/gamemodes.test.tsx[2m > [22mGamemodes E2E Tests[2m > 
[22mTest 4: Heart depletion game over (heart drops to 0, renders GameOver popup, exits to first lesson, resets hearts)
[31m[1mTestingLibraryElementError[22m: Unable to find an element with the text: Start Challenge. This could be 
because the text is broken up by multiple elements. In this case, you can provide a function for your text matcher to 
make your matcher more flexible.

Ignored nodes: comments, script, style
[36m<body>[31m
  [36m<div />[31m
[36m</body>[31m

Ignored nodes: comments, script, style
[36m<html>[31m
  [36m<head />[31m
  [36m<body>[31m
    [36m<div />[31m
  [36m</body>[31m
[36m</html>[31m...[39m
[90m [2mÔØ»[22m Proxy.waitForWrapper 
node_modules/.pnpm/@testing-library+dom@10.4.1/node_modules/@testing-library/dom/dist/wait-for.js:[2m163:27[22m[39m
[36m [2mÔØ»[22m tests/e2e/gamemodes.test.tsx:[2m304:11[22m[39m
    [90m302| [39m    )[33m;[39m
    [90m303| [39m
    [90m304| [39m    [35mawait[39m [34mwaitFor[39m(() [33m=>[39m {
    [90m   | [39m          [31m^[39m
    [90m305| [39m      [34mexpect[39m(screen[33m.[39m[34mgetByText[39m([32m"Start 
Challenge"[39m))[33m.[39m[34mtoBeInTheDocument[39m()[33m;[39m
    [90m306| [39m    })[33m;[39m

[31m[2mÔÄ»ÔÄ»ÔÄ»ÔÄ»ÔÄ»ÔÄ»ÔÄ»ÔÄ»ÔÄ»ÔÄ»ÔÄ»ÔÄ»ÔÄ»ÔÄ»ÔÄ»ÔÄ»ÔÄ»ÔÄ»ÔÄ»ÔÄ»ÔÄ»ÔÄ»[10/15]ÔÄ»[22m[39m

[31m[1m[7m FAIL [27m[22m[39m[34m|e2e|[39m  tests/e2e/lessons.test.tsx[2m > [22mLessons E2E Tests[2m > 
[22mTest 2: Navigation expands level card chevrons and shows stage links
[31m[1mTestingLibraryElementError[22m[39m: Unable to find an element with the text: BrainBytes MC Challenge. This 
could be because the text is broken up by multiple elements. In this case, you can provide a function for your text 
matcher to make your matcher more flexible.

Ignored nodes: comments, script, style
[36m<body>[39m
  [36m<div>[39m
    [36m<div[39m
      [33mclass[39m=[32m"flex flex-col lg:flex-row bg-[#06060a] w-screen h-screen p-2 sm:p-4 gap-4 overflow-hidden 
relative selection:bg-purple-500/30"[39m
    [36m>[39m
      [36m<div[39m
        [33mclass[39m=[32m"absolute inset-0 
bg-[linear-gradient(to_right,#80808012_1px,transparent_1px),linear-gradient(to_bottom,#80808012_1px,transparent_1px)] 
bg-[size:24px_24px] pointer-events-none"[39m
      [36m/>[39m
      [36m<div[39m
        [33mclass[39m=[32m"absolute inset-0 bg-gradient-to-br from-purple-900/10 via-transparent to-indigo-900/10 
pointer-events-none"[39m
      [36m/>[39m
      [36m<div[39m
        [33mclass[39m=[32m"relative z-10 shrink-0"[39m
      [36m>[39m
        [36m<div[39m
          [33mclass[39m=[32m"fixed top-4 left-4 z-50 xl:hidden"[39m
        [36m>[39m
          [36m<button[39m
            [33mclass[39m=[32m"bg-[#9333EA] text-white p-2 rounded-lg shadow-md"[39m
          [36m>[39m
            [36m<svg[39m
              [33mfill[39m=[32m"currentColor"[39m
              [33mheight[39m=[32m"24"[39m
              [33mstroke[39m=[32m"currentColor"[39m
              [33mstroke-width[39m=[32m"0"[39m
              [33mviewBox[39m=[32m"0 0 512 512"[39m
              [33mwidth[39m=[32m"24"[39m
              [33mxmlns[39m=[32m"http://www.w3.org/2000/svg"[39m
            [36m>[39m
              [36m<path[39m
                [33md[39m=[32m"M160 389a20.91 20.91 0 0 1-13.82-5.2l-128-112a21 21 0 0 1 0-31.6l128-112a21 21 0 0 1 
27.66 31.61L63.89 256l109.94 96.19A21 21 0 0 1 160 389zm192 0a21 21 0 0 1-13.84-36.81L448.11 256l-109.94-96.19a21 21 0 
0 1 27.66-31.61l128 112a21 21 0 0 1 0 31.6l-128 112A20.89 20.89 0 0 1 352 389z"[39m
              [36m/>[39m
            [36m</svg>[39m
          [36m</button>[39m
        [36m</div>[39m
        [36m<div[39m
          [33mclass[39m=[32m"
          flex flex-col p-3 items-center text-white h-screen overflow-y-auto scrollbar-custom transition-all 
duration-300
          fixed top-0 left-0 z-40
          -translate-x-full
          lg:-translate-x-full 
          false
          xl:w-75
          xl:relative xl:translate-x-0
          
        "[39m
        [36m>[39m
          [36m<div[39m
            [33mclass[39m=[32m"hidden xl:flex justify-end mb-4 self-end"[39m
          [36m>[39m
            [36m<button[39m
              [33mclass[39m=[32m"bg-[#9333EA] text-white p-2 rounded-full hover:bg-[#7b22c5] transition 
duration-200 cursor-pointer"[39m
            [36m>[39m
              [36m<svg[39m
                [33mfill[39m=[32m"currentColor"[39m
                [33mheight[39m=[32m"1em"[39m
                [33mstroke[39m=[32m"currentColor"[39m
                [33mstroke-width[39m=[32m"0"[39m
                [33mviewBox[39m=[32m"0 0 512 512"[39m
                [33mwidth[39m=[32m"1em"[39m
                [33mxmlns[39m=[32m"http://www.w3.org/2000/svg"[39m
              [36m>[39m
                [36m<path[39m
                  [33md[39m=[32m"M160 389a20.91 20.91 0 0 1-13.82-5.2l-128-112a21 21 0 0 1 0-31.6l128-112a21 21 0 0 
1 27.66 31.61L63.89 256l109.94 96.19A21 21 0 0 1 160 389zm192 0a21 21 0 0 1-13.84-36.81L448.11 256l-109.94-96.19a21 21 
0 0 1 27.66-31.61l128 112a21 21 0 0 1 0 31.6l-128 112A20.89 20.89 0 0 1 352 389z"[39m
                [36m/>[39m
              [36m</svg>[39m
            [36m</button>[39m
          [36m</div>[39m
          [36m<div[39m
            [33mclass[39m=[32m"p-5"[39m
          [36m>[39m
            [36m<h1[39m
              [33mclass[39m=[32m"font-exo font-bold text-5xl"[39m
            [36m>[39m
              [0mDevLab[0m
            [36m</h1>[39m
          [36m</div>[39m
          [36m<div[39m
            [33mclass[39m=[32m"flex-1 flex flex-col gap-5 w-full"[39m
          [36m>[39m
            [36m<div>[39m
              [36m<div>[39m
                [36m<a[39m
                  [33maria-current[39m=[32m"page"[39m
                  [33mclass[39m=[32m"flex items-center gap-3 font-inter text-[1.2rem] relative rounded px-5 p-3  
overflow-hidden group hover:bg-[#9333EA] transition-all ease-out duration-300 NavBarText-laptop active"[39m
                  [33mdata-discover[39m=[32m"true"[39m
                  [33mhref[39m=[32m"/Main"[39m
                [36m>[39m
                  [36m<span[39m
                    [33mclass[39m=[32m"text-xl"[39m
                  [36m>[39m
                    [36m<svg[39m
                      [33mfill[39m=[32m"currentColor"[39m
                      [33mheight[39m=[32m"24"[39m
                      [33mstroke[39m=[32m"currentColor"[39m
                      [33mstroke-width[39m=[32m"0"[39m
                      [33mviewBox[39m=[32m"0 0 512 512"[39m
                      [33mwidth[39m=[32m"24"[39m
                      [33mxmlns[39m=[32m"http://www.w3.org/2000/svg"[39m
                    [36m>[39m
                      [36m<rect[39m
                        [33mfill[39m=[32m"none"[39m
                        [33mheight[39m=[32m"176"[39m
                        [33mrx[39m=[32m"20"[39m
                        [33mry[39m=[32m"20"[39m
                        [33mstroke-linecap[39m=[32m"round"[39m
                        [33mstroke-linejoin[39m=[32m"round"[39m
                        [33mstroke-width[39m=[32m"32"[39m
                        [33mwidth[39m=[32m"176"[39m
                        [33mx[39m=[32m"48"[39m
                        [33my[39m=[32m"48"[39m
                      [36m/>[39m
                      [36m<rect[39m
                        [33mfill[39m=[32m"none"[39m
                        [33mheight[39m=[32m"176"[39m
                        [33mrx[39m=[32m"20"[39m
                        [33mry[39m=[32m"20"[39m
                        [33mstroke-linecap[39m=[32m"round"[39m
                        [33mstroke-linejoin[39m=[32m"round"[39m
                        [33mstroke-width[39m=[32m"32"[39m
                        [33mwidth[39m=[32m"176"[39m
                        [33mx[39m=[32m"288"[39m
                        [33my[39m=[32m"48"[39m
                      [36m/>[39m
                      [36m<rect[39m
                        [33mfill[39m=[32m"none"[39m
                        [33mheight[39m=[32m"176"[39m
                        [33mrx[39m=[32m"20"[39m
                        [33mry[39m=[32m"20"[39m
                        [33mstroke-linecap[39m=[32m"round"[39m
                        [33mstroke-linejoin[39m=[32m"round"[39m
                        [33mstroke-width[39m=[32m"32"[39m
                        [33mwidth[39m=[32m"176"[39m
                        [33mx[39m=[32m"48"[39m
                        [33my[39m=[32m"288"[39m
        ...

Ignored nodes: comments, script, style
[36m<html>[39m
  [36m<head />[39m
  [36m<body>[39m
    [36m<div>[39m
      [36m<div[39m
        [33mclass[39m=[32m"flex flex-col lg:flex-row bg-[#06060a] w-screen h-screen p-2 sm:p-4 gap-4 
overflow-hidden relative selection:bg-purple-500/30"[39m
      [36m>[39m
        [36m<div[39m
          [33mclass[39m=[32m"absolute inset-0 
bg-[linear-gradient(to_right,#80808012_1px,transparent_1px),linear-gradient(to_bottom,#80808012_1px,transparent_1px)] 
bg-[size:24px_24px] pointer-events-none"[39m
        [36m/>[39m
        [36m<div[39m
          [33mclass[39m=[32m"absolute inset-0 bg-gradient-to-br from-purple-900/10 via-transparent to-indigo-900/10 
pointer-events-none"[39m
        [36m/>[39m
        [36m<div[39m
          [33mclass[39m=[32m"relative z-10 shrink-0"[39m
        [36m>[39m
          [36m<div[39m
            [33mclass[39m=[32m"fixed top-4 left-4 z-50 xl:hidden"[39m
          [36m>[39m
            [36m<button[39m
              [33mclass[39m=[32m"bg-[#9333EA] text-white p-2 rounded-lg shadow-md"[39m
            [36m>[39m
              [36m<svg[39m
                [33mfill[39m=[32m"currentColor"[39m
                [33mheight[39m=[32m"24"[39m
                [33mstroke[39m=[32m"currentColor"[39m
                [33mstroke-width[39m=[32m"0"[39m
                [33mviewBox[39m=[32m"0 0 512 512"[39m
                [33mwidth[39m=[32m"24"[39m
                [33mxmlns[39m=[32m"http://www.w3.org/2000/svg"[39m
              [36m>[39m
                [36m<path[39m
                  [33md[39m=[32m"M160 389a20.91 20.91 0 0 1-13.82-5.2l-128-112a21 21 0 0 1 0-31.6l128-112a21 21 0 0 
1 27.66 31.61L63.89 256l109.94 96.19A21 21 0 0 1 160 389zm192 0a21 21 0 0 1-13.84-36.81L448.11 256l-109.94-96.19a21 21 
0 0 1 27.66-31.61l128 112a21 21 0 0 1 0 31.6l-128 112A20.89 20.89 0 0 1 352 389z"[39m
                [36m/>[39m
              [36m</svg>[39m
            [36m</button>[39m
          [36m</div>[39m
          [36m<div[39m
            [33mclass[39m=[32m"
          flex flex-col p-3 items-center text-white h-screen overflow-y-auto scrollbar-custom transition-all 
duration-300
          fixed top-0 left-0 z-40
          -translate-x-full
          lg:-translate-x-full 
          false
          xl:w-75
          xl:relative xl:translate-x-0
          
        "[39m
          [36m>[39m
            [36m<div[39m
              [33mclass[39m=[32m"hidden xl:flex justify-end mb-4 self-end"[39m
            [36m>[39m
              [36m<button[39m
                [33mclass[39m=[32m"bg-[#9333EA] text-white p-2 rounded-full hover:bg-[#7b22c5] transition 
duration-200 cursor-pointer"[39m
              [36m>[39m
                [36m<svg[39m
                  [33mfill[39m=[32m"currentColor"[39m
                  [33mheight[39m=[32m"1em"[39m
                  [33mstroke[39m=[32m"currentColor"[39m
                  [33mstroke-width[39m=[32m"0"[39m
                  [33mviewBox[39m=[32m"0 0 512 512"[39m
                  [33mwidth[39m=[32m"1em"[39m
                  [33mxmlns[39m=[32m"http://www.w3.org/2000/svg"[39m
                [36m>[39m
                  [36m<path[39m
                    [33md[39m=[32m"M160 389a20.91 20.91 0 0 1-13.82-5.2l-128-112a21 21 0 0 1 0-31.6l128-112a21 21 0 
0 1 27.66 31.61L63.89 256l109.94 96.19A21 21 0 0 1 160 389zm192 0a21 21 0 0 1-13.84-36.81L448.11 256l-109.94-96.19a21 
21 0 0 1 27.66-31.61l128 112a21 21 0 0 1 0 31.6l-128 112A20.89 20.89 0 0 1 352 389z"[39m
                  [36m/>[39m
                [36m</svg>[39m
              [36m</button>[39m
            [36m</div>[39m
            [36m<div[39m
              [33mclass[39m=[32m"p-5"[39m
            [36m>[39m
              [36m<h1[39m
                [33mclass[39m=[32m"font-exo font-bold text-5xl"[39m
              [36m>[39m
                [0mDevLab[0m
              [36m</h1>[39m
            [36m</div>[39m
            [36m<div[39m
              [33mclass[39m=[32m"flex-1 flex flex-col gap-5 w-full"[39m
            [36m>[39m
              [36m<div>[39m
                [36m<div>[39m
                  [36m<a[39m
                    [33maria-current[39m=[32m"page"[39m
                    [33mclass[39m=[32m"flex items-center gap-3 font-inter text-[1.2rem] relative rounded px-5 p-3  
overflow-hidden group hover:bg-[#9333EA] transition-all ease-out duration-300 NavBarText-laptop active"[39m
                    [33mdata-discover[39m=[32m"true"[39m
                    [33mhref[39m=[32m"/Main"[39m
                  [36m>[39m
                    [36m<span[39m
                      [33mclass[39m=[32m"text-xl"[39m
                    [36m>[39m
                      [36m<svg[39m
                        [33mfill[39m=[32m"currentColor"[39m
                        [33mheight[39m=[32m"24"[39m
                        [33mstroke[39m=[32m"currentColor"[39m
                        [33mstroke-width[39m=[32m"0"[39m
                        [33mviewBox[39m=[32m"0 0 512 512"[39m
                        [33mwidth[39m=[32m"24"[39m
                        [33mxmlns[39m=[32m"http://www.w3.org/2000/svg"[39m
                      [36m>[39m
                        [36m<rect[39m
                          [33mfill[39m=[32m"none"[39m
                          [33mheight[39m=[32m"176"[39m
                          [33mrx[39m=[32m"20"[39m
                          [33mry[39m=[32m"20"[39m
                          [33mstroke-linecap[39m=[32m"round"[39m
                          [33mstroke-linejoin[39m=[32m"round"[39m
                          [33mstroke-width[39m=[32m"32"[39m
                          [33mwidth[39m=[32m"176"[39m
                          [33mx[39m=[32m"48"[39m
                          [33my[39m=[32m"48"[39m
                        [36m/>[39m
                        [36m<rect[39m
                          [33mfill[39m=[32m"none"[39m
                          [33mheight[39m=[32m"176"[39m
                          [33mrx[39m=[32m"20"[39m
                          [33mry[39m=[32m"20"[39m
                          [33mstroke-linecap[39m=[32m"round"[39m
                          [33mstroke-linejoin[39m=[32m"round"[39m
                          [33mstroke-width[39m=[32m"32"[39m
                          [33mwidth[39m=[32m"176"[39m
                          [33mx[39m=[32m"288"[39m
                          [33my[39m=[32m"48"[39m
                        [36m/>[39m
                        [36m<rect[39m
                          [33mfill[39m=[32m"none"[39m
                          [33mheight[39m=[32m"176"[39m
                          [33mrx[39m=[32m"20"[39m
                          [33mry[39m=[32m"20"[39m
                          [33mstroke-linecap[39m=[32m"round"[39m
                 ...
[90m [2mÔØ»[22m Proxy.waitForWrapper 
node_modules/.pnpm/@testing-library+dom@10.4.1/node_modules/@testing-library/dom/dist/wait-for.js:[2m163:27[22m[39m
[36m [2mÔØ»[22m tests/e2e/lessons.test.tsx:[2m68:11[22m[39m
    [90m 66| [39m
    [90m 67| [39m    [90m// Verify stage links are displayed after expansion[39m
    [90m 68| [39m    [35mawait[39m [34mwaitFor[39m(() [33m=>[39m {
    [90m   | [39m          [31m^[39m
    [90m 69| [39m      [34mexpect[39m(screen[33m.[39m[34mgetByText[39m([32m"Intro 
Stage"[39m))[33m.[39m[34mtoBeInTheDocument[39m()[33m;[39m
    [90m 70| [39m      [34mexpect[39m(screen[33m.[39m[34mgetByText[39m([32m"BrainBytes MC 
Challenge"[39m))[33m.[39m[34mtoBeInTheDoc[39mÔÇª

[31m[2mÔÄ»ÔÄ»ÔÄ»ÔÄ»ÔÄ»ÔÄ»ÔÄ»ÔÄ»ÔÄ»ÔÄ»ÔÄ»ÔÄ»ÔÄ»ÔÄ»ÔÄ»ÔÄ»ÔÄ»ÔÄ»ÔÄ»ÔÄ»ÔÄ»ÔÄ»[11/15]ÔÄ»[22m[39m

[31m[1m[7m FAIL [27m[22m[39m[34m|e2e|[39m  tests/e2e/lessons.test.tsx[2m > [22mLessons E2E Tests[2m > 
[22mTest 4: Back navigation links route to main menu, and footer Previous transitions correctly
[31m[1mTestingLibraryElementError[22m: Unable to find an element with the text: DevLab. This could be because the 
text is broken up by multiple elements. In this case, you can provide a function for your text matcher to make your 
matcher more flexible.

Ignored nodes: comments, script, style
[36m<body>[31m
  [36m<div>[31m
    [36m<div>[31m
      [0mMock Main Menu[0m
    [36m</div>[31m
  [36m</div>[31m
[36m</body>[31m

Ignored nodes: comments, script, style
[36m<html>[31m
  [36m<head />[31m
  [36m<body>[31m
    [36m<div>[31m
      [36m<div>[31m
        [0mMock Main Menu[0m
      [36m</div>[31m
    [36m</div>[31m
  [36m</body>[31m
[36m</html>[31m...[39m
[90m [2mÔØ»[22m Proxy.waitForWrapper 
node_modules/.pnpm/@testing-library+dom@10.4.1/node_modules/@testing-library/dom/dist/wait-for.js:[2m163:27[22m[39m
[36m [2mÔØ»[22m tests/e2e/lessons.test.tsx:[2m147:11[22m[39m
    [90m145| [39m
    [90m146| [39m    [90m// Verify we are in the game workspace[39m
    [90m147| [39m    [35mawait[39m [34mwaitFor[39m(() [33m=>[39m {
    [90m   | [39m          [31m^[39m
    [90m148| [39m      [34mexpect[39m(screen[33m.[39m[34mgetByText[39m([32m"DevLab"[39m))[33m.[39m[34mtoBe
InTheDocument[39m()[33m;[39m
    [90m149| [39m    })[33m;[39m

[31m[2mÔÄ»ÔÄ»ÔÄ»ÔÄ»ÔÄ»ÔÄ»ÔÄ»ÔÄ»ÔÄ»ÔÄ»ÔÄ»ÔÄ»ÔÄ»ÔÄ»ÔÄ»ÔÄ»ÔÄ»ÔÄ»ÔÄ»ÔÄ»ÔÄ»ÔÄ»[12/15]ÔÄ»[22m[39m

[31m[1m[7m FAIL [27m[22m[39m[34m|e2e|[39m  tests/e2e/shop.test.tsx[2m > [22mShop E2E Tests[2m > [22mTest 
3: API purchase failure (500) triggers optimistic rollback of the coins balance
[31m[1mTestingLibraryElementError[22m[39m: Unable to find an element with the text: 100. This could be because the 
text is broken up by multiple elements. In this case, you can provide a function for your text matcher to make your 
matcher more flexible.

Ignored nodes: comments, script, style
[36m<body>[39m
  [36m<div>[39m
    [36m<div[39m
      [33mclass[39m=[32m"flex flex-col lg:flex-row bg-[#06060a] w-screen h-screen p-2 sm:p-4 gap-4 overflow-hidden 
relative selection:bg-purple-500/30"[39m
    [36m>[39m
      [36m<div[39m
        [33mclass[39m=[32m"absolute inset-0 
bg-[linear-gradient(to_right,#80808012_1px,transparent_1px),linear-gradient(to_bottom,#80808012_1px,transparent_1px)] 
bg-[size:24px_24px] pointer-events-none"[39m
      [36m/>[39m
      [36m<div[39m
        [33mclass[39m=[32m"absolute inset-0 bg-gradient-to-br from-purple-900/10 via-transparent to-indigo-900/10 
pointer-events-none"[39m
      [36m/>[39m
      [36m<div[39m
        [33mclass[39m=[32m"relative z-10 shrink-0"[39m
      [36m>[39m
        [36m<div[39m
          [33mclass[39m=[32m"fixed top-4 left-4 z-50 xl:hidden"[39m
        [36m>[39m
          [36m<button[39m
            [33mclass[39m=[32m"bg-[#9333EA] text-white p-2 rounded-lg shadow-md"[39m
          [36m>[39m
            [36m<svg[39m
              [33mfill[39m=[32m"currentColor"[39m
              [33mheight[39m=[32m"24"[39m
              [33mstroke[39m=[32m"currentColor"[39m
              [33mstroke-width[39m=[32m"0"[39m
              [33mviewBox[39m=[32m"0 0 512 512"[39m
              [33mwidth[39m=[32m"24"[39m
              [33mxmlns[39m=[32m"http://www.w3.org/2000/svg"[39m
            [36m>[39m
              [36m<path[39m
                [33md[39m=[32m"M160 389a20.91 20.91 0 0 1-13.82-5.2l-128-112a21 21 0 0 1 0-31.6l128-112a21 21 0 0 1 
27.66 31.61L63.89 256l109.94 96.19A21 21 0 0 1 160 389zm192 0a21 21 0 0 1-13.84-36.81L448.11 256l-109.94-96.19a21 21 0 
0 1 27.66-31.61l128 112a21 21 0 0 1 0 31.6l-128 112A20.89 20.89 0 0 1 352 389z"[39m
              [36m/>[39m
            [36m</svg>[39m
          [36m</button>[39m
        [36m</div>[39m
        [36m<div[39m
          [33mclass[39m=[32m"
          flex flex-col p-3 items-center text-white h-screen overflow-y-auto scrollbar-custom transition-all 
duration-300
          fixed top-0 left-0 z-40
          -translate-x-full
          lg:-translate-x-full 
          false
          xl:w-75
          xl:relative xl:translate-x-0
          
        "[39m
        [36m>[39m
          [36m<div[39m
            [33mclass[39m=[32m"hidden xl:flex justify-end mb-4 self-end"[39m
          [36m>[39m
            [36m<button[39m
              [33mclass[39m=[32m"bg-[#9333EA] text-white p-2 rounded-full hover:bg-[#7b22c5] transition 
duration-200 cursor-pointer"[39m
            [36m>[39m
              [36m<svg[39m
                [33mfill[39m=[32m"currentColor"[39m
                [33mheight[39m=[32m"1em"[39m
                [33mstroke[39m=[32m"currentColor"[39m
                [33mstroke-width[39m=[32m"0"[39m
                [33mviewBox[39m=[32m"0 0 512 512"[39m
                [33mwidth[39m=[32m"1em"[39m
                [33mxmlns[39m=[32m"http://www.w3.org/2000/svg"[39m
              [36m>[39m
                [36m<path[39m
                  [33md[39m=[32m"M160 389a20.91 20.91 0 0 1-13.82-5.2l-128-112a21 21 0 0 1 0-31.6l128-112a21 21 0 0 
1 27.66 31.61L63.89 256l109.94 96.19A21 21 0 0 1 160 389zm192 0a21 21 0 0 1-13.84-36.81L448.11 256l-109.94-96.19a21 21 
0 0 1 27.66-31.61l128 112a21 21 0 0 1 0 31.6l-128 112A20.89 20.89 0 0 1 352 389z"[39m
                [36m/>[39m
              [36m</svg>[39m
            [36m</button>[39m
          [36m</div>[39m
          [36m<div[39m
            [33mclass[39m=[32m"p-5"[39m
          [36m>[39m
            [36m<h1[39m
              [33mclass[39m=[32m"font-exo font-bold text-5xl"[39m
            [36m>[39m
              [0mDevLab[0m
            [36m</h1>[39m
          [36m</div>[39m
          [36m<div[39m
            [33mclass[39m=[32m"flex-1 flex flex-col gap-5 w-full"[39m
          [36m>[39m
            [36m<div>[39m
              [36m<div>[39m
                [36m<a[39m
                  [33maria-current[39m=[32m"page"[39m
                  [33mclass[39m=[32m"flex items-center gap-3 font-inter text-[1.2rem] relative rounded px-5 p-3  
overflow-hidden group hover:bg-[#9333EA] transition-all ease-out duration-300 NavBarText-laptop active"[39m
                  [33mdata-discover[39m=[32m"true"[39m
                  [33mhref[39m=[32m"/Main"[39m
                [36m>[39m
                  [36m<span[39m
                    [33mclass[39m=[32m"text-xl"[39m
                  [36m>[39m
                    [36m<svg[39m
                      [33mfill[39m=[32m"currentColor"[39m
                      [33mheight[39m=[32m"24"[39m
                      [33mstroke[39m=[32m"currentColor"[39m
                      [33mstroke-width[39m=[32m"0"[39m
                      [33mviewBox[39m=[32m"0 0 512 512"[39m
                      [33mwidth[39m=[32m"24"[39m
                      [33mxmlns[39m=[32m"http://www.w3.org/2000/svg"[39m
                    [36m>[39m
                      [36m<rect[39m
                        [33mfill[39m=[32m"none"[39m
                        [33mheight[39m=[32m"176"[39m
                        [33mrx[39m=[32m"20"[39m
                        [33mry[39m=[32m"20"[39m
                        [33mstroke-linecap[39m=[32m"round"[39m
                        [33mstroke-linejoin[39m=[32m"round"[39m
                        [33mstroke-width[39m=[32m"32"[39m
                        [33mwidth[39m=[32m"176"[39m
                        [33mx[39m=[32m"48"[39m
                        [33my[39m=[32m"48"[39m
                      [36m/>[39m
                      [36m<rect[39m
                        [33mfill[39m=[32m"none"[39m
                        [33mheight[39m=[32m"176"[39m
                        [33mrx[39m=[32m"20"[39m
                        [33mry[39m=[32m"20"[39m
                        [33mstroke-linecap[39m=[32m"round"[39m
                        [33mstroke-linejoin[39m=[32m"round"[39m
                        [33mstroke-width[39m=[32m"32"[39m
                        [33mwidth[39m=[32m"176"[39m
                        [33mx[39m=[32m"288"[39m
                        [33my[39m=[32m"48"[39m
                      [36m/>[39m
                      [36m<rect[39m
                        [33mfill[39m=[32m"none"[39m
                        [33mheight[39m=[32m"176"[39m
                        [33mrx[39m=[32m"20"[39m
                        [33mry[39m=[32m"20"[39m
                        [33mstroke-linecap[39m=[32m"round"[39m
                        [33mstroke-linejoin[39m=[32m"round"[39m
                        [33mstroke-width[39m=[32m"32"[39m
                        [33mwidth[39m=[32m"176"[39m
                        [33mx[39m=[32m"48"[39m
                        [33my[39m=[32m"288"[39m
        ...

Ignored nodes: comments, script, style
[36m<html>[39m
  [36m<head />[39m
  [36m<body>[39m
    [36m<div>[39m
      [36m<div[39m
        [33mclass[39m=[32m"flex flex-col lg:flex-row bg-[#06060a] w-screen h-screen p-2 sm:p-4 gap-4 
overflow-hidden relative selection:bg-purple-500/30"[39m
      [36m>[39m
        [36m<div[39m
          [33mclass[39m=[32m"absolute inset-0 
bg-[linear-gradient(to_right,#80808012_1px,transparent_1px),linear-gradient(to_bottom,#80808012_1px,transparent_1px)] 
bg-[size:24px_24px] pointer-events-none"[39m
        [36m/>[39m
        [36m<div[39m
          [33mclass[39m=[32m"absolute inset-0 bg-gradient-to-br from-purple-900/10 via-transparent to-indigo-900/10 
pointer-events-none"[39m
        [36m/>[39m
        [36m<div[39m
          [33mclass[39m=[32m"relative z-10 shrink-0"[39m
        [36m>[39m
          [36m<div[39m
            [33mclass[39m=[32m"fixed top-4 left-4 z-50 xl:hidden"[39m
          [36m>[39m
            [36m<button[39m
              [33mclass[39m=[32m"bg-[#9333EA] text-white p-2 rounded-lg shadow-md"[39m
            [36m>[39m
              [36m<svg[39m
                [33mfill[39m=[32m"currentColor"[39m
                [33mheight[39m=[32m"24"[39m
                [33mstroke[39m=[32m"currentColor"[39m
                [33mstroke-width[39m=[32m"0"[39m
                [33mviewBox[39m=[32m"0 0 512 512"[39m
                [33mwidth[39m=[32m"24"[39m
                [33mxmlns[39m=[32m"http://www.w3.org/2000/svg"[39m
              [36m>[39m
                [36m<path[39m
                  [33md[39m=[32m"M160 389a20.91 20.91 0 0 1-13.82-5.2l-128-112a21 21 0 0 1 0-31.6l128-112a21 21 0 0 
1 27.66 31.61L63.89 256l109.94 96.19A21 21 0 0 1 160 389zm192 0a21 21 0 0 1-13.84-36.81L448.11 256l-109.94-96.19a21 21 
0 0 1 27.66-31.61l128 112a21 21 0 0 1 0 31.6l-128 112A20.89 20.89 0 0 1 352 389z"[39m
                [36m/>[39m
              [36m</svg>[39m
            [36m</button>[39m
          [36m</div>[39m
          [36m<div[39m
            [33mclass[39m=[32m"
          flex flex-col p-3 items-center text-white h-screen overflow-y-auto scrollbar-custom transition-all 
duration-300
          fixed top-0 left-0 z-40
          -translate-x-full
          lg:-translate-x-full 
          false
          xl:w-75
          xl:relative xl:translate-x-0
          
        "[39m
          [36m>[39m
            [36m<div[39m
              [33mclass[39m=[32m"hidden xl:flex justify-end mb-4 self-end"[39m
            [36m>[39m
              [36m<button[39m
                [33mclass[39m=[32m"bg-[#9333EA] text-white p-2 rounded-full hover:bg-[#7b22c5] transition 
duration-200 cursor-pointer"[39m
              [36m>[39m
                [36m<svg[39m
                  [33mfill[39m=[32m"currentColor"[39m
                  [33mheight[39m=[32m"1em"[39m
                  [33mstroke[39m=[32m"currentColor"[39m
                  [33mstroke-width[39m=[32m"0"[39m
                  [33mviewBox[39m=[32m"0 0 512 512"[39m
                  [33mwidth[39m=[32m"1em"[39m
                  [33mxmlns[39m=[32m"http://www.w3.org/2000/svg"[39m
                [36m>[39m
                  [36m<path[39m
                    [33md[39m=[32m"M160 389a20.91 20.91 0 0 1-13.82-5.2l-128-112a21 21 0 0 1 0-31.6l128-112a21 21 0 
0 1 27.66 31.61L63.89 256l109.94 96.19A21 21 0 0 1 160 389zm192 0a21 21 0 0 1-13.84-36.81L448.11 256l-109.94-96.19a21 
21 0 0 1 27.66-31.61l128 112a21 21 0 0 1 0 31.6l-128 112A20.89 20.89 0 0 1 352 389z"[39m
                  [36m/>[39m
                [36m</svg>[39m
              [36m</button>[39m
            [36m</div>[39m
            [36m<div[39m
              [33mclass[39m=[32m"p-5"[39m
            [36m>[39m
              [36m<h1[39m
                [33mclass[39m=[32m"font-exo font-bold text-5xl"[39m
              [36m>[39m
                [0mDevLab[0m
              [36m</h1>[39m
            [36m</div>[39m
            [36m<div[39m
              [33mclass[39m=[32m"flex-1 flex flex-col gap-5 w-full"[39m
            [36m>[39m
              [36m<div>[39m
                [36m<div>[39m
                  [36m<a[39m
                    [33maria-current[39m=[32m"page"[39m
                    [33mclass[39m=[32m"flex items-center gap-3 font-inter text-[1.2rem] relative rounded px-5 p-3  
overflow-hidden group hover:bg-[#9333EA] transition-all ease-out duration-300 NavBarText-laptop active"[39m
                    [33mdata-discover[39m=[32m"true"[39m
                    [33mhref[39m=[32m"/Main"[39m
                  [36m>[39m
                    [36m<span[39m
                      [33mclass[39m=[32m"text-xl"[39m
                    [36m>[39m
                      [36m<svg[39m
                        [33mfill[39m=[32m"currentColor"[39m
                        [33mheight[39m=[32m"24"[39m
                        [33mstroke[39m=[32m"currentColor"[39m
                        [33mstroke-width[39m=[32m"0"[39m
                        [33mviewBox[39m=[32m"0 0 512 512"[39m
                        [33mwidth[39m=[32m"24"[39m
                        [33mxmlns[39m=[32m"http://www.w3.org/2000/svg"[39m
                      [36m>[39m
                        [36m<rect[39m
                          [33mfill[39m=[32m"none"[39m
                          [33mheight[39m=[32m"176"[39m
                          [33mrx[39m=[32m"20"[39m
                          [33mry[39m=[32m"20"[39m
                          [33mstroke-linecap[39m=[32m"round"[39m
                          [33mstroke-linejoin[39m=[32m"round"[39m
                          [33mstroke-width[39m=[32m"32"[39m
                          [33mwidth[39m=[32m"176"[39m
                          [33mx[39m=[32m"48"[39m
                          [33my[39m=[32m"48"[39m
                        [36m/>[39m
                        [36m<rect[39m
                          [33mfill[39m=[32m"none"[39m
                          [33mheight[39m=[32m"176"[39m
                          [33mrx[39m=[32m"20"[39m
                          [33mry[39m=[32m"20"[39m
                          [33mstroke-linecap[39m=[32m"round"[39m
                          [33mstroke-linejoin[39m=[32m"round"[39m
                          [33mstroke-width[39m=[32m"32"[39m
                          [33mwidth[39m=[32m"176"[39m
                          [33mx[39m=[32m"288"[39m
                          [33my[39m=[32m"48"[39m
                        [36m/>[39m
                        [36m<rect[39m
                          [33mfill[39m=[32m"none"[39m
                          [33mheight[39m=[32m"176"[39m
                          [33mrx[39m=[32m"20"[39m
                          [33mry[39m=[32m"20"[39m
                          [33mstroke-linecap[39m=[32m"round"[39m
                 ...
[90m [2mÔØ»[22m Proxy.waitForWrapper 
node_modules/.pnpm/@testing-library+dom@10.4.1/node_modules/@testing-library/dom/dist/wait-for.js:[2m163:27[22m[39m
[36m [2mÔØ»[22m tests/e2e/shop.test.tsx:[2m163:11[22m[39m
    [90m161| [39m
    [90m162| [39m    [90m// Balance should roll back to 100 after 500 error[39m
    [90m163| [39m    [35mawait[39m [34mwaitFor[39m(() [33m=>[39m {
    [90m   | [39m          [31m^[39m
    [90m164| [39m      
[34mexpect[39m(toast[33m.[39merror)[33m.[39m[34mtoHaveBeenCalledWith[39m([32m"Purchase failed. Try a[39mÔÇª
    [90m165| [39m      [34mexpect[39m(screen[33m.[39m[34mgetByText[39m([32m"100"[39m))[33m.[39m[34mtoBeInT
heDocument[39m()[33m;[39m

[31m[2mÔÄ»ÔÄ»ÔÄ»ÔÄ»ÔÄ»ÔÄ»ÔÄ»ÔÄ»ÔÄ»ÔÄ»ÔÄ»ÔÄ»ÔÄ»ÔÄ»ÔÄ»ÔÄ»ÔÄ»ÔÄ»ÔÄ»ÔÄ»ÔÄ»ÔÄ»[13/15]ÔÄ»[22m[39m

[31m[1m[7m FAIL [27m[22m[39m[34m|e2e|[39m  tests/e2e/shop.test.tsx[2m > [22mShop E2E Tests[2m > [22mTest 
4: Shop grid skeleton display is shown during load, then resolves
[31m[1mTestingLibraryElementError[22m: Unable to find an element with the text: Available Items. This could be 
because the text is broken up by multiple elements. In this case, you can provide a function for your text matcher to 
make your matcher more flexible.

Ignored nodes: comments, script, style
[36m<body>[31m
  [36m<div />[31m
[36m</body>[31m[39m
[90m [2mÔØ»[22m Object.getElementError 
node_modules/.pnpm/@testing-library+dom@10.4.1/node_modules/@testing-library/dom/dist/config.js:[2m37:19[22m[39m
[90m [2mÔØ»[22m node_modules/.pnpm/@testing-library+dom@10.4.1/node_modules/@testing-library/dom/dist/query-helpers.
js:[2m76:38[22m[39m
[90m [2mÔØ»[22m node_modules/.pnpm/@testing-library+dom@10.4.1/node_modules/@testing-library/dom/dist/query-helpers.
js:[2m52:17[22m[39m
[90m [2mÔØ»[22m node_modules/.pnpm/@testing-library+dom@10.4.1/node_modules/@testing-library/dom/dist/query-helpers.
js:[2m95:19[22m[39m
[36m [2mÔØ»[22m tests/e2e/shop.test.tsx:[2m207:19[22m[39m
    [90m205| [39m
    [90m206| [39m    [90m// Verify skeleton loaders are present initially[39m
    [90m207| [39m    [34mexpect[39m(screen[33m.[39m[34mgetByText[39m([32m"Available 
Items"[39m))[33m.[39m[34mtoBeInTheDocument[39m()[33m;[39m
    [90m   | [39m                  [31m^[39m
    [90m208| [39m    [34mexpect[39m(screen[33m.[39m[34mqueryByText[39m([32m"Code 
Shield"[39m))[33m.[39mnot[33m.[39m[34mtoBeInTheDocument[39m()[33m;[39m
    [90m209| [39m

[31m[2mÔÄ»ÔÄ»ÔÄ»ÔÄ»ÔÄ»ÔÄ»ÔÄ»ÔÄ»ÔÄ»ÔÄ»ÔÄ»ÔÄ»ÔÄ»ÔÄ»ÔÄ»ÔÄ»ÔÄ»ÔÄ»ÔÄ»ÔÄ»ÔÄ»ÔÄ»[14/15]ÔÄ»[22m[39m

[31m[1m[7m FAIL [27m[22m[39m[34m|e2e|[39m  tests/e2e/shop.test.tsx[2m > [22mShop E2E Tests[2m > [22mTest 
5: Coin balance changes are propagated and animated in real-time
[31m[1mTestingLibraryElementError[22m[39m: Unable to find an element with the text: 150. This could be because the 
text is broken up by multiple elements. In this case, you can provide a function for your text matcher to make your 
matcher more flexible.

Ignored nodes: comments, script, style
[36m<body>[39m
  [36m<div>[39m
    [36m<div[39m
      [33mclass[39m=[32m"flex flex-col lg:flex-row bg-[#06060a] w-screen h-screen p-2 sm:p-4 gap-4 overflow-hidden 
relative selection:bg-purple-500/30"[39m
    [36m>[39m
      [36m<div[39m
        [33mclass[39m=[32m"absolute inset-0 
bg-[linear-gradient(to_right,#80808012_1px,transparent_1px),linear-gradient(to_bottom,#80808012_1px,transparent_1px)] 
bg-[size:24px_24px] pointer-events-none"[39m
      [36m/>[39m
      [36m<div[39m
        [33mclass[39m=[32m"absolute inset-0 bg-gradient-to-br from-purple-900/10 via-transparent to-indigo-900/10 
pointer-events-none"[39m
      [36m/>[39m
      [36m<div[39m
        [33mclass[39m=[32m"relative z-10 shrink-0"[39m
      [36m>[39m
        [36m<div[39m
          [33mclass[39m=[32m"fixed top-4 left-4 z-50 xl:hidden"[39m
        [36m>[39m
          [36m<button[39m
            [33mclass[39m=[32m"bg-[#9333EA] text-white p-2 rounded-lg shadow-md"[39m
          [36m>[39m
            [36m<svg[39m
              [33mfill[39m=[32m"currentColor"[39m
              [33mheight[39m=[32m"24"[39m
              [33mstroke[39m=[32m"currentColor"[39m
              [33mstroke-width[39m=[32m"0"[39m
              [33mviewBox[39m=[32m"0 0 512 512"[39m
              [33mwidth[39m=[32m"24"[39m
              [33mxmlns[39m=[32m"http://www.w3.org/2000/svg"[39m
            [36m>[39m
              [36m<path[39m
                [33md[39m=[32m"M160 389a20.91 20.91 0 0 1-13.82-5.2l-128-112a21 21 0 0 1 0-31.6l128-112a21 21 0 0 1 
27.66 31.61L63.89 256l109.94 96.19A21 21 0 0 1 160 389zm192 0a21 21 0 0 1-13.84-36.81L448.11 256l-109.94-96.19a21 21 0 
0 1 27.66-31.61l128 112a21 21 0 0 1 0 31.6l-128 112A20.89 20.89 0 0 1 352 389z"[39m
              [36m/>[39m
            [36m</svg>[39m
          [36m</button>[39m
        [36m</div>[39m
        [36m<div[39m
          [33mclass[39m=[32m"
          flex flex-col p-3 items-center text-white h-screen overflow-y-auto scrollbar-custom transition-all 
duration-300
          fixed top-0 left-0 z-40
          -translate-x-full
          lg:-translate-x-full 
          false
          xl:w-75
          xl:relative xl:translate-x-0
          
        "[39m
        [36m>[39m
          [36m<div[39m
            [33mclass[39m=[32m"hidden xl:flex justify-end mb-4 self-end"[39m
          [36m>[39m
            [36m<button[39m
              [33mclass[39m=[32m"bg-[#9333EA] text-white p-2 rounded-full hover:bg-[#7b22c5] transition 
duration-200 cursor-pointer"[39m
            [36m>[39m
              [36m<svg[39m
                [33mfill[39m=[32m"currentColor"[39m
                [33mheight[39m=[32m"1em"[39m
                [33mstroke[39m=[32m"currentColor"[39m
                [33mstroke-width[39m=[32m"0"[39m
                [33mviewBox[39m=[32m"0 0 512 512"[39m
                [33mwidth[39m=[32m"1em"[39m
                [33mxmlns[39m=[32m"http://www.w3.org/2000/svg"[39m
              [36m>[39m
                [36m<path[39m
                  [33md[39m=[32m"M160 389a20.91 20.91 0 0 1-13.82-5.2l-128-112a21 21 0 0 1 0-31.6l128-112a21 21 0 0 
1 27.66 31.61L63.89 256l109.94 96.19A21 21 0 0 1 160 389zm192 0a21 21 0 0 1-13.84-36.81L448.11 256l-109.94-96.19a21 21 
0 0 1 27.66-31.61l128 112a21 21 0 0 1 0 31.6l-128 112A20.89 20.89 0 0 1 352 389z"[39m
                [36m/>[39m
              [36m</svg>[39m
            [36m</button>[39m
          [36m</div>[39m
          [36m<div[39m
            [33mclass[39m=[32m"p-5"[39m
          [36m>[39m
            [36m<h1[39m
              [33mclass[39m=[32m"font-exo font-bold text-5xl"[39m
            [36m>[39m
              [0mDevLab[0m
            [36m</h1>[39m
          [36m</div>[39m
          [36m<div[39m
            [33mclass[39m=[32m"flex-1 flex flex-col gap-5 w-full"[39m
          [36m>[39m
            [36m<div>[39m
              [36m<div>[39m
                [36m<a[39m
                  [33maria-current[39m=[32m"page"[39m
                  [33mclass[39m=[32m"flex items-center gap-3 font-inter text-[1.2rem] relative rounded px-5 p-3  
overflow-hidden group hover:bg-[#9333EA] transition-all ease-out duration-300 NavBarText-laptop active"[39m
                  [33mdata-discover[39m=[32m"true"[39m
                  [33mhref[39m=[32m"/Main"[39m
                [36m>[39m
                  [36m<span[39m
                    [33mclass[39m=[32m"text-xl"[39m
                  [36m>[39m
                    [36m<svg[39m
                      [33mfill[39m=[32m"currentColor"[39m
                      [33mheight[39m=[32m"24"[39m
                      [33mstroke[39m=[32m"currentColor"[39m
                      [33mstroke-width[39m=[32m"0"[39m
                      [33mviewBox[39m=[32m"0 0 512 512"[39m
                      [33mwidth[39m=[32m"24"[39m
                      [33mxmlns[39m=[32m"http://www.w3.org/2000/svg"[39m
                    [36m>[39m
                      [36m<rect[39m
                        [33mfill[39m=[32m"none"[39m
                        [33mheight[39m=[32m"176"[39m
                        [33mrx[39m=[32m"20"[39m
                        [33mry[39m=[32m"20"[39m
                        [33mstroke-linecap[39m=[32m"round"[39m
                        [33mstroke-linejoin[39m=[32m"round"[39m
                        [33mstroke-width[39m=[32m"32"[39m
                        [33mwidth[39m=[32m"176"[39m
                        [33mx[39m=[32m"48"[39m
                        [33my[39m=[32m"48"[39m
                      [36m/>[39m
                      [36m<rect[39m
                        [33mfill[39m=[32m"none"[39m
                        [33mheight[39m=[32m"176"[39m
                        [33mrx[39m=[32m"20"[39m
                        [33mry[39m=[32m"20"[39m
                        [33mstroke-linecap[39m=[32m"round"[39m
                        [33mstroke-linejoin[39m=[32m"round"[39m
                        [33mstroke-width[39m=[32m"32"[39m
                        [33mwidth[39m=[32m"176"[39m
                        [33mx[39m=[32m"288"[39m
                        [33my[39m=[32m"48"[39m
                      [36m/>[39m
                      [36m<rect[39m
                        [33mfill[39m=[32m"none"[39m
                        [33mheight[39m=[32m"176"[39m
                        [33mrx[39m=[32m"20"[39m
                        [33mry[39m=[32m"20"[39m
                        [33mstroke-linecap[39m=[32m"round"[39m
                        [33mstroke-linejoin[39m=[32m"round"[39m
                        [33mstroke-width[39m=[32m"32"[39m
                        [33mwidth[39m=[32m"176"[39m
                        [33mx[39m=[32m"48"[39m
                        [33my[39m=[32m"288"[39m
        ...

Ignored nodes: comments, script, style
[36m<html>[39m
  [36m<head />[39m
  [36m<body>[39m
    [36m<div>[39m
      [36m<div[39m
        [33mclass[39m=[32m"flex flex-col lg:flex-row bg-[#06060a] w-screen h-screen p-2 sm:p-4 gap-4 
overflow-hidden relative selection:bg-purple-500/30"[39m
      [36m>[39m
        [36m<div[39m
          [33mclass[39m=[32m"absolute inset-0 
bg-[linear-gradient(to_right,#80808012_1px,transparent_1px),linear-gradient(to_bottom,#80808012_1px,transparent_1px)] 
bg-[size:24px_24px] pointer-events-none"[39m
        [36m/>[39m
        [36m<div[39m
          [33mclass[39m=[32m"absolute inset-0 bg-gradient-to-br from-purple-900/10 via-transparent to-indigo-900/10 
pointer-events-none"[39m
        [36m/>[39m
        [36m<div[39m
          [33mclass[39m=[32m"relative z-10 shrink-0"[39m
        [36m>[39m
          [36m<div[39m
            [33mclass[39m=[32m"fixed top-4 left-4 z-50 xl:hidden"[39m
          [36m>[39m
            [36m<button[39m
              [33mclass[39m=[32m"bg-[#9333EA] text-white p-2 rounded-lg shadow-md"[39m
            [36m>[39m
              [36m<svg[39m
                [33mfill[39m=[32m"currentColor"[39m
                [33mheight[39m=[32m"24"[39m
                [33mstroke[39m=[32m"currentColor"[39m
                [33mstroke-width[39m=[32m"0"[39m
                [33mviewBox[39m=[32m"0 0 512 512"[39m
                [33mwidth[39m=[32m"24"[39m
                [33mxmlns[39m=[32m"http://www.w3.org/2000/svg"[39m
              [36m>[39m
                [36m<path[39m
                  [33md[39m=[32m"M160 389a20.91 20.91 0 0 1-13.82-5.2l-128-112a21 21 0 0 1 0-31.6l128-112a21 21 0 0 
1 27.66 31.61L63.89 256l109.94 96.19A21 21 0 0 1 160 389zm192 0a21 21 0 0 1-13.84-36.81L448.11 256l-109.94-96.19a21 21 
0 0 1 27.66-31.61l128 112a21 21 0 0 1 0 31.6l-128 112A20.89 20.89 0 0 1 352 389z"[39m
                [36m/>[39m
              [36m</svg>[39m
            [36m</button>[39m
          [36m</div>[39m
          [36m<div[39m
            [33mclass[39m=[32m"
          flex flex-col p-3 items-center text-white h-screen overflow-y-auto scrollbar-custom transition-all 
duration-300
          fixed top-0 left-0 z-40
          -translate-x-full
          lg:-translate-x-full 
          false
          xl:w-75
          xl:relative xl:translate-x-0
          
        "[39m
          [36m>[39m
            [36m<div[39m
              [33mclass[39m=[32m"hidden xl:flex justify-end mb-4 self-end"[39m
            [36m>[39m
              [36m<button[39m
                [33mclass[39m=[32m"bg-[#9333EA] text-white p-2 rounded-full hover:bg-[#7b22c5] transition 
duration-200 cursor-pointer"[39m
              [36m>[39m
                [36m<svg[39m
                  [33mfill[39m=[32m"currentColor"[39m
                  [33mheight[39m=[32m"1em"[39m
                  [33mstroke[39m=[32m"currentColor"[39m
                  [33mstroke-width[39m=[32m"0"[39m
                  [33mviewBox[39m=[32m"0 0 512 512"[39m
                  [33mwidth[39m=[32m"1em"[39m
                  [33mxmlns[39m=[32m"http://www.w3.org/2000/svg"[39m
                [36m>[39m
                  [36m<path[39m
                    [33md[39m=[32m"M160 389a20.91 20.91 0 0 1-13.82-5.2l-128-112a21 21 0 0 1 0-31.6l128-112a21 21 0 
0 1 27.66 31.61L63.89 256l109.94 96.19A21 21 0 0 1 160 389zm192 0a21 21 0 0 1-13.84-36.81L448.11 256l-109.94-96.19a21 
21 0 0 1 27.66-31.61l128 112a21 21 0 0 1 0 31.6l-128 112A20.89 20.89 0 0 1 352 389z"[39m
                  [36m/>[39m
                [36m</svg>[39m
              [36m</button>[39m
            [36m</div>[39m
            [36m<div[39m
              [33mclass[39m=[32m"p-5"[39m
            [36m>[39m
              [36m<h1[39m
                [33mclass[39m=[32m"font-exo font-bold text-5xl"[39m
              [36m>[39m
[2m Test Files [22m [1m[31m5 failed[39m[22m[2m | [22m[1m[32m2 passed[39m[22m[90m (7)[39m
[2m      Tests [22m [1m[31m15 failed[39m[22m[2m | [22m[1m[32m24 passed[39m[22m[90m (39)[39m
[2m   Start at [22m 17:38:30
[2m   Duration [22m 13.53s[2m (transform 2.34s, setup 5.98s, collect 23.30s, tests 20.97s, environment 8.74s, prepare 1.96s)[22m

                [0mDevLab[0m
              [36m</h1>[39m
            [36m</div>[39m
            [36m<div[39m
              [33mclass[39m=[32m"flex-1 flex flex-col gap-5 w-full"[39m
            [36m>[39m
              [36m<div>[39m
                [36m<div>[39m
                  [36m<a[39m
                    [33maria-current[39m=[32m"page"[39m
                    [33mclass[39m=[32m"flex items-center gap-3 font-inter text-[1.2rem] relative rounded px-5 p-3  
overflow-hidden group hover:bg-[#9333EA] transition-all ease-out duration-300 NavBarText-laptop active"[39m
                    [33mdata-discover[39m=[32m"true"[39m
                    [33mhref[39m=[32m"/Main"[39m
                  [36m>[39m
                    [36m<span[39m
                      [33mclass[39m=[32m"text-xl"[39m
                    [36m>[39m
                      [36m<svg[39m
                        [33mfill[39m=[32m"currentColor"[39m
                        [33mheight[39m=[32m"24"[39m
                        [33mstroke[39m=[32m"currentColor"[39m
                        [33mstroke-width[39m=[32m"0"[39m
                        [33mviewBox[39m=[32m"0 0 512 512"[39m
                        [33mwidth[39m=[32m"24"[39m
                        [33mxmlns[39m=[32m"http://www.w3.org/2000/svg"[39m
                      [36m>[39m
                        [36m<rect[39m
                          [33mfill[39m=[32m"none"[39m
                          [33mheight[39m=[32m"176"[39m
                          [33mrx[39m=[32m"20"[39m
                          [33mry[39m=[32m"20"[39m
                          [33mstroke-linecap[39m=[32m"round"[39m
                          [33mstroke-linejoin[39m=[32m"round"[39m
                          [33mstroke-width[39m=[32m"32"[39m
                          [33mwidth[39m=[32m"176"[39m
                          [33mx[39m=[32m"48"[39m
                          [33my[39m=[32m"48"[39m
                        [36m/>[39m
                        [36m<rect[39m
                          [33mfill[39m=[32m"none"[39m
                          [33mheight[39m=[32m"176"[39m
                          [33mrx[39m=[32m"20"[39m
                          [33mry[39m=[32m"20"[39m
                          [33mstroke-linecap[39m=[32m"round"[39m
                          [33mstroke-linejoin[39m=[32m"round"[39m
                          [33mstroke-width[39m=[32m"32"[39m
                          [33mwidth[39m=[32m"176"[39m
                          [33mx[39m=[32m"288"[39m
                          [33my[39m=[32m"48"[39m
                        [36m/>[39m
                        [36m<rect[39m
                          [33mfill[39m=[32m"none"[39m
                          [33mheight[39m=[32m"176"[39m
                          [33mrx[39m=[32m"20"[39m
                          [33mry[39m=[32m"20"[39m
                          [33mstroke-linecap[39m=[32m"round"[39m
                 ...
[90m [2mÔØ»[22m Proxy.waitForWrapper 
node_modules/.pnpm/@testing-library+dom@10.4.1/node_modules/@testing-library/dom/dist/wait-for.js:[2m163:27[22m[39m
[36m [2mÔØ»[22m tests/e2e/shop.test.tsx:[2m244:11[22m[39m
    [90m242| [39m
    [90m243| [39m    [90m// Trigger user data refresh if needed, or check animation propaga[39mÔÇª
    [90m244| [39m    [35mawait[39m [34mwaitFor[39m(() [33m=>[39m {
    [90m   | [39m          [31m^[39m
    [90m245| [39m      [34mexpect[39m(screen[33m.[39m[34mgetByText[39m([32m"150"[39m))[33m.[39m[34mtoBeInT
heDocument[39m()[33m;[39m
    [90m246| [39m    })[33m;[39m

[31m[2mÔÄ»ÔÄ»ÔÄ»ÔÄ»ÔÄ»ÔÄ»ÔÄ»ÔÄ»ÔÄ»ÔÄ»ÔÄ»ÔÄ»ÔÄ»ÔÄ»ÔÄ»ÔÄ»ÔÄ»ÔÄ»ÔÄ»ÔÄ»ÔÄ»ÔÄ»[15/15]ÔÄ»[22m[39m

ÔÇëELIFECYCLEÔÇë Command failed with exit code 1.
